Component: ARM Compiler 6.13.1 Tool: armlink [5d895400]

==============================================================================

Section Cross References

    startup_stm32f407xx.o(STACK) refers (Special) to heapauxi.o(.text) for __use_two_region_memory
    startup_stm32f407xx.o(HEAP) refers (Special) to heapauxi.o(.text) for __use_two_region_memory
    startup_stm32f407xx.o(RESET) refers (Special) to heapauxi.o(.text) for __use_two_region_memory
    startup_stm32f407xx.o(RESET) refers to startup_stm32f407xx.o(STACK) for __initial_sp
    startup_stm32f407xx.o(RESET) refers to startup_stm32f407xx.o(.text) for Reset_Handler
    startup_stm32f407xx.o(RESET) refers to stm32f4xx_it.o(.text.NMI_Handler) for NMI_Handler
    startup_stm32f407xx.o(RESET) refers to stm32f4xx_it.o(.text.HardFault_Handler) for HardFault_Handler
    startup_stm32f407xx.o(RESET) refers to stm32f4xx_it.o(.text.MemManage_Handler) for MemManage_Handler
    startup_stm32f407xx.o(RESET) refers to stm32f4xx_it.o(.text.BusFault_Handler) for BusFault_Handler
    startup_stm32f407xx.o(RESET) refers to stm32f4xx_it.o(.text.UsageFault_Handler) for UsageFault_Handler
    startup_stm32f407xx.o(RESET) refers to stm32f4xx_it.o(.text.SVC_Handler) for SVC_Handler
    startup_stm32f407xx.o(RESET) refers to stm32f4xx_it.o(.text.DebugMon_Handler) for DebugMon_Handler
    startup_stm32f407xx.o(RESET) refers to stm32f4xx_it.o(.text.PendSV_Handler) for PendSV_Handler
    startup_stm32f407xx.o(RESET) refers to stm32f4xx_it.o(.text.SysTick_Handler) for SysTick_Handler
    startup_stm32f407xx.o(RESET) refers to exti.o(.text.EXTI2_IRQHandler) for EXTI2_IRQHandler
    startup_stm32f407xx.o(RESET) refers to exti.o(.text.EXTI3_IRQHandler) for EXTI3_IRQHandler
    startup_stm32f407xx.o(RESET) refers to can.o(.text.CAN1_RX0_IRQHandler) for CAN1_RX0_IRQHandler
    startup_stm32f407xx.o(RESET) refers to usmart_port.o(.text.TIM4_IRQHandler) for TIM4_IRQHandler
    startup_stm32f407xx.o(RESET) refers to usart.o(.text.USART1_IRQHandler) for USART1_IRQHandler
    startup_stm32f407xx.o(.text) refers (Special) to heapauxi.o(.text) for __use_two_region_memory
    startup_stm32f407xx.o(.text) refers to system_stm32f4xx.o(.text.SystemInit) for SystemInit
    startup_stm32f407xx.o(.text) refers to __main.o(!!!main) for __main
    startup_stm32f407xx.o(.text) refers to startup_stm32f407xx.o(HEAP) for Heap_Mem
    startup_stm32f407xx.o(.text) refers to startup_stm32f407xx.o(STACK) for Stack_Mem
    main.o(.text) refers (Special) to _printf_f.o(.ARM.Collect$$_printf_percent$$00000003) for _printf_f
    main.o(.text) refers (Special) to printf1.o(x$fpl$printf1) for _printf_fp_dec
    main.o(.text) refers (Special) to _printf_percent.o(.ARM.Collect$$_printf_percent$$00000000) for _printf_percent
    main.o(.text.main) refers (Special) to _printf_f.o(.ARM.Collect$$_printf_percent$$00000003) for _printf_f
    main.o(.text.main) refers (Special) to printf1.o(x$fpl$printf1) for _printf_fp_dec
    main.o(.text.main) refers (Special) to _printf_percent.o(.ARM.Collect$$_printf_percent$$00000000) for _printf_percent
    main.o(.text.main) refers to stm32f4xx_hal.o(.text.HAL_Init) for HAL_Init
    main.o(.text.main) refers to sys.o(.text.sys_stm32_clock_init) for sys_stm32_clock_init
    main.o(.text.main) refers to delay.o(.text.delay_init) for delay_init
    main.o(.text.main) refers to usart.o(.text.usart_init) for usart_init
    main.o(.text.main) refers to gpio.o(.text.encoder_init) for encoder_init
    main.o(.text.main) refers to tim.o(.text.MX_TIM5_Init) for MX_TIM5_Init
    main.o(.text.main) refers to stm32f4xx_hal_tim.o(.text.HAL_TIM_Encoder_Start) for HAL_TIM_Encoder_Start
    main.o(.text.main) refers to can.o(.text.CAN_Config) for CAN_Config
    main.o(.text.main) refers to delay.o(.text.delay_ms) for delay_ms
    main.o(.text.main) refers to main.o(.text.updateEncoderAngle) for updateEncoderAngle
    main.o(.text.main) refers to noretval__2printf.o(.text) for __2printf
    main.o(.text.main) refers to motor_ctrl.o(.text.motor_torque_control) for motor_torque_control
    main.o(.text.main) refers to motor_ctrl.o(.text.read_motor_State2) for read_motor_State2
    main.o(.text.main) refers to delay.o(.text.HAL_Delay) for HAL_Delay
    main.o(.text.main) refers to usmart_config.o(.data.usmart_dev) for usmart_dev
    main.o(.text.main) refers to tim.o(.bss.htim5) for htim5
    main.o(.text.main) refers to main.o(.bss..L_MergedGlobals) for [Anonymous Symbol]
    main.o(.ARM.exidx.text.main) refers (Special) to _printf_f.o(.ARM.Collect$$_printf_percent$$00000003) for _printf_f
    main.o(.ARM.exidx.text.main) refers (Special) to printf1.o(x$fpl$printf1) for _printf_fp_dec
    main.o(.ARM.exidx.text.main) refers (Special) to _printf_percent.o(.ARM.Collect$$_printf_percent$$00000000) for _printf_percent
    main.o(.ARM.exidx.text.main) refers to main.o(.text.main) for [Anonymous Symbol]
[...]
    lc_hextab                                0x08005606   Data          20  _printf_hex_int.o(.constdata)
    maptable                                 0x0800561a   Data          17  __printf_flags_ss_wp.o(.constdata)
    .constdata                               0x0800561a   Section       17  __printf_flags_ss_wp.o(.constdata)
    tenpwrs_x                                0x0800562c   Data          60  bigflt0.o(.constdata)
    .constdata                               0x0800562c   Section      148  bigflt0.o(.constdata)
    tenpwrs_i                                0x08005668   Data          64  bigflt0.o(.constdata)
    .Lstr.80                                 0x08008658   Data          49  usmart.o(.rodata.str1.1)
    [Anonymous Symbol]                       0x08008658   Section        0  usmart.o(.rodata.str1.1)
    .Lstr.79                                 0x08008689   Data          53  usmart.o(.rodata.str1.1)
    .Lstr.78                                 0x080086be   Data          53  usmart.o(.rodata.str1.1)
    .Lstr.77                                 0x080086f3   Data          27  usmart.o(.rodata.str1.1)
    .Lstr.76                                 0x0800870e   Data          25  usmart.o(.rodata.str1.1)
    .Lstr.60                                 0x08008727   Data          63  usmart.o(.rodata.str1.1)
    .Lstr.63                                 0x08008766   Data          63  usmart.o(.rodata.str1.1)
    .Lstr.82                                 0x080087a5   Data          62  usmart.o(.rodata.str1.1)
    .Lstr.66                                 0x080087e3   Data          62  usmart.o(.rodata.str1.1)
    .Lstr.67                                 0x08008821   Data          62  usmart.o(.rodata.str1.1)
    .Lstr.71                                 0x0800885f   Data          59  usmart.o(.rodata.str1.1)
    .Lstr.81                                 0x0800889a   Data          51  usmart.o(.rodata.str1.1)
    .Lstr.73                                 0x080088cd   Data          32  usmart.o(.rodata.str1.1)
    .Lstr.72                                 0x080088ed   Data          26  usmart.o(.rodata.str1.1)
    .Lstr.74                                 0x08008907   Data          22  usmart.o(.rodata.str1.1)
    .Lstr.75                                 0x0800891d   Data          22  usmart.o(.rodata.str1.1)
    .Lstr.69                                 0x08008933   Data          63  usmart.o(.rodata.str1.1)
    .Lstr.68                                 0x08008972   Data          62  usmart.o(.rodata.str1.1)
    .Lstr.70                                 0x080089b0   Data          63  usmart.o(.rodata.str1.1)
    .Lstr.65                                 0x080089ed   Data           2  usmart.o(.rodata.str1.1)
    .L.str                                   0x080089ef   Data           2  usmart.o(.rodata.str1.1)
    .L.str.5                                 0x080089f1   Data           4  usmart.o(.rodata.str1.1)
    .L.str.6                                 0x080089f5   Data           8  usmart.o(.rodata.str1.1)
    .L.str.1                                 0x080089fd   Data           5  usmart.o(.rodata.str1.1)
    .L.str.2                                 0x08008a02   Data           5  usmart.o(.rodata.str1.1)
    .L.str.4                                 0x08008a07   Data           4  usmart.o(.rodata.str1.1)
    .L.str.1                                 0x08008a0b   Data          45  usmart_config.o(.rodata.str1.1)
    [Anonymous Symbol]                       0x08008a0b   Section        0  usmart_config.o(.rodata.str1.1)
    .L.str.15                                0x08008a38   Data          61  usmart_config.o(.rodata.str1.1)
    .L.str                                   0x08008a75   Data          34  usmart_config.o(.rodata.str1.1)
    .L.str.14                                0x08008a97   Data          34  usmart_config.o(.rodata.str1.1)
    .L.str.8                                 0x08008ab9   Data          92  usmart_config.o(.rodata.str1.1)
    .L.str.6                                 0x08008b15   Data          87  usmart_config.o(.rodata.str1.1)
    .L.str.10                                0x08008b6c   Data         114  usmart_config.o(.rodata.str1.1)
    .L.str.9                                 0x08008bde   Data          99  usmart_config.o(.rodata.str1.1)
    .L.str.11                                0x08008c41   Data         117  usmart_config.o(.rodata.str1.1)
    .L.str.7                                 0x08008cb6   Data          74  usmart_config.o(.rodata.str1.1)
    .L.str.12                                0x08008d00   Data          60  usmart_config.o(.rodata.str1.1)
    .L.str.5                                 0x08008d3c   Data          82  usmart_config.o(.rodata.str1.1)
    .L.str.4                                 0x08008d8e   Data          31  usmart_config.o(.rodata.str1.1)
    .L.str.2                                 0x08008dad   Data          28  usmart_config.o(.rodata.str1.1)
    .L.str.3                                 0x08008dc9   Data          28  usmart_config.o(.rodata.str1.1)
    .L.str.13                                0x08008de5   Data          48  usmart_config.o(.rodata.str1.1)
    .L.str                                   0x08008e15   Data           5  usmart_str.o(.rodata.str1.1)
    [Anonymous Symbol]                       0x08008e15   Section        0  usmart_str.o(.rodata.str1.1)
    .L.str.3                                 0x08008e17   Data           3  usmart_str.o(.rodata.str1.1)
    locale$$data                             0x08008e3c   Section       28  lc_numeric_c.o(locale$$data)
    __lcnum_c_name                           0x08008e40   Data           2  lc_numeric_c.o(locale$$data)
    __lcnum_c_start                          0x08008e48   Data           0  lc_numeric_c.o(locale$$data)
    __lcnum_c_point                          0x08008e54   Data           0  lc_numeric_c.o(locale$$data)
    __lcnum_c_thousands                      0x08008e56   Data           0  lc_numeric_c.o(locale$$data)
    __lcnum_c_grouping                       0x08008e57   Data           0  lc_numeric_c.o(locale$$data)
    __lcnum_c_end                            0x08008e58   Data           0  lc_numeric_c.o(locale$$data)
    [Anonymous Symbol]                       0x20000004   Section        0  stm32f4xx_hal.o(.data..L_MergedGlobals)
    .bss                                     0x200001a8   Section       96  libspace.o(.bss)
    motor_yaw_para                           0x20000208   Data          24  main.o(.bss..L_MergedGlobals)
    [Anonymous Symbol]                       0x20000208   Section        0  main.o(.bss..L_MergedGlobals)
    motor_pitch_para                         0x20000220   Data          24  main.o(.bss..L_MergedGlobals)
    [Anonymous Symbol]                       0x20000238   Section        0  usart.o(.bss..L_MergedGlobals)
    [Anonymous Symbol]                       0x20000280   Section        0  lcd.o(.bss..L_MergedGlobals)
    [Anonymous Symbol]                       0x200002e0   Section        0  can.o(.bss..L_MergedGlobals)
    g_fac_us                                 0x200003a4   Data           4  delay.o(.bss.g_fac_us)
    [Anonymous Symbol]                       0x200003a4   Section        0  delay.o(.bss.g_fac_us)
    Heap_Mem                                 0x20000508   Data           0  startup_stm32f407xx.o(HEAP)
    Stack_Mem                                0x20000508   Data        1024  startup_stm32f407xx.o(STACK)
    HEAP                                     0x20000508   Section        0  startup_stm32f407xx.o(HEAP)
    STACK                                    0x20000508   Section     1024  startup_stm32f407xx.o(STACK)
    __initial_sp                             0x20000908   Data           0  startup_stm32f407xx.o(STACK)

    Global Symbols

    Symbol Name                              Value     Ov Type        Size  Object(Section)

    BuildAttributes$$THM_ISAv4$E$P$D$K$B$S$7EM$VFPi3$EXTD16$VFPS$VFMA$PE$A:L22UL41UL21$X:L11$S22US41US21$IEEE1$IW$~IW$USESV6$~STKCKD$USESV7$~SHL$OTIME$ROPI$IEEEJ$EBA8$UX$STANDARDLIB$REQ8$PRES8$EABIv2 0x00000000   Number         0  anon$$obj.o ABSOLUTE
    _printf_flags                            0x00000000   Number         0  printf_stubs.o ABSOLUTE
    _printf_return_value                     0x00000000   Number         0  printf_stubs.o ABSOLUTE
    _printf_sizespec                         0x00000000   Number         0  printf_stubs.o ABSOLUTE
    _printf_widthprec                        0x00000000   Number         0  printf_stubs.o ABSOLUTE
    __ARM_exceptions_init                     - Undefined Weak Reference
    __alloca_initialize                       - Undefined Weak Reference
    __arm_preinit_                            - Undefined Weak Reference
    __cpp_initialize__aeabi_                  - Undefined Weak Reference
    __cxa_finalize                            - Undefined Weak Reference
    __sigvec_lookup                           - Undefined Weak Reference
    _atexit_init                              - Undefined Weak Reference
    _call_atexit_fns                          - Undefined Weak Reference
    _clock_init                               - Undefined Weak Reference
    _fp_trap_init                             - Undefined Weak Reference
    _fp_trap_shutdown                         - Undefined Weak Reference
    _get_lc_collate                           - Undefined Weak Reference
    _get_lc_ctype                             - Undefined Weak Reference
    _get_lc_monetary                          - Undefined Weak Reference
    _get_lc_time                              - Undefined Weak Reference
    _getenv_init                              - Undefined Weak Reference
    _handle_redirection                       - Undefined Weak Reference
    _init_alloc                               - Undefined Weak Reference
    _init_user_alloc                          - Undefined Weak Reference
    _initio                                   - Undefined Weak Reference
    _mutex_acquire                            - Undefined Weak Reference
    _mutex_release                            - Undefined Weak Reference
    _printf_mbtowc                            - Undefined Weak Reference
    _printf_truncate_signed                   - Undefined Weak Reference
    _printf_truncate_unsigned                 - Undefined Weak Reference
    _rand_init                                - Undefined Weak Reference
    _signal_finish                            - Undefined Weak Reference
    _signal_init                              - Undefined Weak Reference
    _terminate_alloc                          - Undefined Weak Reference
    _terminate_user_alloc                     - Undefined Weak Reference
    _terminateio                              - Undefined Weak Reference
    __Vectors_Size                           0x00000188   Number         0  startup_stm32f407xx.o ABSOLUTE
    __Vectors                                0x08000000   Data           4  startup_stm32f407xx.o(RESET)
    __Vectors_End                            0x08000188   Data           0  startup_stm32f407xx.o(RESET)
    __main                                   0x08000189   Thumb Code     8  __main.o(!!!main)
    __scatterload                            0x08000191   Thumb Code     0  __scatter.o(!!!scatter)
    __scatterload_rt2                        0x08000191   Thumb Code    44  __scatter.o(!!!scatter)
    __scatterload_rt2_thumb_only             0x08000191   Thumb Code     0  __scatter.o(!!!scatter)
    __scatterload_null                       0x0800019f   Thumb Code     0  __scatter.o(!!!scatter)
    __decompress                             0x080001c5   Thumb Code    58  __dczerorl.o(!!dczerorl)
    __decompress0                            0x080001c5   Thumb Code     0  __dczerorl.o(!!dczerorl)
    __scatterload_zeroinit                   0x08000201   Thumb Code    28  __scatter_zi.o(!!handler_zi)
    _printf_f                                0x0800021d   Thumb Code     0  _printf_f.o(.ARM.Collect$$_printf_percent$$00000003)
    _printf_percent                          0x0800021d   Thumb Code     0  _printf_percent.o(.ARM.Collect$$_printf_percent$$00000000)
    _printf_d                                0x08000223   Thumb Code     0  _printf_d.o(.ARM.Collect$$_printf_percent$$00000009)
    _printf_u                                0x08000229   Thumb Code     0  _printf_u.o(.ARM.Collect$$_printf_percent$$0000000A)
    _printf_x                                0x0800022f   Thumb Code     0  _printf_x.o(.ARM.Collect$$_printf_percent$$0000000C)
    _printf_s                                0x08000235   Thumb Code     0  _printf_s.o(.ARM.Collect$$_printf_percent$$00000014)
    _printf_percent_end                      0x0800023b   Thumb Code     0  _printf_percent_end.o(.ARM.Collect$$_printf_percent$$00000017)
    __rt_lib_init                            0x0800023f   Thumb Code     0  libinit.o(.ARM.Collect$$libinit$$00000000)
    __rt_lib_init_fp_1                       0x08000241   Thumb Code     0  libinit2.o(.ARM.Collect$$libinit$$00000001)
    __rt_lib_init_heap_1                     0x08000245   Thumb Code     0  libinit2.o(.ARM.Collect$$libinit$$0000000A)
    __rt_lib_init_lc_common                  0x08000245   Thumb Code     0  libinit2.o(.ARM.Collect$$libinit$$0000000F)
    __rt_lib_init_preinit_1                  0x08000245   Thumb Code     0  libinit2.o(.ARM.Collect$$libinit$$00000004)
    __rt_lib_init_rand_1                     0x08000245   Thumb Code     0  libinit2.o(.ARM.Collect$$libinit$$0000000E)
    __rt_lib_init_user_alloc_1               0x08000245   Thumb Code     0  libinit2.o(.ARM.Collect$$libinit$$0000000C)
    __rt_lib_init_lc_collate_1               0x0800024b   Thumb Code     0  libinit2.o(.ARM.Collect$$libinit$$00000011)
    __rt_lib_init_lc_ctype_1                 0x0800024b   Thumb Code     0  libinit2.o(.ARM.Collect$$libinit$$00000013)
    __rt_lib_init_lc_monetary_1              0x0800024b   Thumb Code     0  libinit2.o(.ARM.Collect$$libinit$$00000015)
    __rt_lib_init_lc_numeric_2               0x0800024b   Thumb Code     0  libinit2.o(.ARM.Collect$$libinit$$00000016)
    __rt_lib_init_alloca_1                   0x08000255   Thumb Code     0  libinit2.o(.ARM.Collect$$libinit$$0000002E)
    __rt_lib_init_argv_1                     0x08000255   Thumb Code     0  libinit2.o(.ARM.Collect$$libinit$$0000002C)
    __rt_lib_init_atexit_1                   0x08000255   Thumb Code     0  libinit2.o(.ARM.Collect$$libinit$$0000001B)
    __rt_lib_init_clock_1                    0x08000255   Thumb Code     0  libinit2.o(.ARM.Collect$$libinit$$00000021)
    __rt_lib_init_cpp_1                      0x08000255   Thumb Code     0  libinit2.o(.ARM.Collect$$libinit$$00000032)
    __rt_lib_init_exceptions_1               0x08000255   Thumb Code     0  libinit2.o(.ARM.Collect$$libinit$$00000030)
    __rt_lib_init_fp_trap_1                  0x08000255   Thumb Code     0  libinit2.o(.ARM.Collect$$libinit$$0000001F)
    __rt_lib_init_getenv_1                   0x08000255   Thumb Code     0  libinit2.o(.ARM.Collect$$libinit$$00000023)
    __rt_lib_init_lc_numeric_1               0x08000255   Thumb Code     0  libinit2.o(.ARM.Collect$$libinit$$00000017)
    __rt_lib_init_lc_time_1                  0x08000255   Thumb Code     0  libinit2.o(.ARM.Collect$$libinit$$00000019)
    __rt_lib_init_return                     0x08000255   Thumb Code     0  libinit2.o(.ARM.Collect$$libinit$$00000033)
    __rt_lib_init_signal_1                   0x08000255   Thumb Code     0  libinit2.o(.ARM.Collect$$libinit$$0000001D)
    __rt_lib_init_stdio_1                    0x08000255   Thumb Code     0  libinit2.o(.ARM.Collect$$libinit$$00000025)
    __rt_lib_shutdown                        0x08000257   Thumb Code     0  libshutdown.o(.ARM.Collect$$libshutdown$$00000000)
    __rt_lib_shutdown_cpp_1                  0x08000259   Thumb Code     0  libshutdown2.o(.ARM.Collect$$libshutdown$$00000002)
    __rt_lib_shutdown_fp_trap_1              0x08000259   Thumb Code     0  libshutdown2.o(.ARM.Collect$$libshutdown$$00000007)
    __rt_lib_shutdown_heap_1                 0x08000259   Thumb Code     0  libshutdown2.o(.ARM.Collect$$libshutdown$$0000000F)
    __rt_lib_shutdown_return                 0x08000259   Thumb Code     0  libshutdown2.o(.ARM.Collect$$libshutdown$$00000010)
    __rt_lib_shutdown_signal_1               0x08000259   Thumb Code     0  libshutdown2.o(.ARM.Collect$$libshutdown$$0000000A)
    __rt_lib_shutdown_stdio_1                0x08000259   Thumb Code     0  libshutdown2.o(.ARM.Collect$$libshutdown$$00000004)
    __rt_lib_shutdown_user_alloc_1           0x08000259   Thumb Code     0  libshutdown2.o(.ARM.Collect$$libshutdown$$0000000C)
    __rt_entry                               0x0800025b   Thumb Code     0  __rtentry.o(.ARM.Collect$$rtentry$$00000000)
    __rt_entry_presh_1                       0x0800025b   Thumb Code     0  __rtentry2.o(.ARM.Collect$$rtentry$$00000002)
    __rt_entry_sh                            0x0800025b   Thumb Code     0  __rtentry4.o(.ARM.Collect$$rtentry$$00000004)
    __rt_entry_li                            0x08000261   Thumb Code     0  __rtentry2.o(.ARM.Collect$$rtentry$$0000000A)
    __rt_entry_postsh_1                      0x08000261   Thumb Code     0  __rtentry2.o(.ARM.Collect$$rtentry$$00000009)
    __rt_entry_main                          0x08000265   Thumb Code     0  __rtentry2.o(.ARM.Collect$$rtentry$$0000000D)
    __rt_entry_postli_1                      0x08000265   Thumb Code     0  __rtentry2.o(.ARM.Collect$$rtentry$$0000000C)
    __rt_exit                                0x0800026d   Thumb Code     0  rtexit.o(.ARM.Collect$$rtexit$$00000000)
    __rt_exit_ls                             0x0800026f   Thumb Code     0  rtexit2.o(.ARM.Collect$$rtexit$$00000003)
    __rt_exit_prels_1                        0x0800026f   Thumb Code     0  rtexit2.o(.ARM.Collect$$rtexit$$00000002)
    __rt_exit_exit                           0x08000273   Thumb Code     0  rtexit2.o(.ARM.Collect$$rtexit$$00000004)
    Reset_Handler                            0x08000279   Thumb Code    18  startup_stm32f407xx.o(.text)
    ADC_IRQHandler                           0x0800029d   Thumb Code     0  startup_stm32f407xx.o(.text)
    CAN1_RX1_IRQHandler                      0x0800029d   Thumb Code     0  startup_stm32f407xx.o(.text)
    CAN1_SCE_IRQHandler                      0x0800029d   Thumb Code     0  startup_stm32f407xx.o(.text)
    CAN1_TX_IRQHandler                       0x0800029d   Thumb Code     0  startup_stm32f407xx.o(.text)
    CAN2_RX0_IRQHandler                      0x0800029d   Thumb Code     0  startup_stm32f407xx.o(.text)
    CAN2_RX1_IRQHandler                      0x0800029d   Thumb Code     0  startup_stm32f407xx.o(.text)
    CAN2_SCE_IRQHandler                      0x0800029d   Thumb Code     0  startup_stm32f407xx.o(.text)
    CAN2_TX_IRQHandler                       0x0800029d   Thumb Code     0  startup_stm32f407xx.o(.text)
    DCMI_IRQHandler                          0x0800029d   Thumb Code     0  startup_stm32f407xx.o(.text)
    DMA1_Stream0_IRQHandler                  0x0800029d   Thumb Code     0  startup_stm32f407xx.o(.text)
    DMA1_Stream1_IRQHandler                  0x0800029d   Thumb Code     0  startup_stm32f407xx.o(.text)
    DMA1_Stream2_IRQHandler                  0x0800029d   Thumb Code     0  startup_stm32f407xx.o(.text)
    DMA1_Stream3_IRQHandler                  0x0800029d   Thumb Code     0  startup_stm32f407xx.o(.text)
    DMA1_Stream4_IRQHandler                  0x0800029d   Thumb Code     0  startup_stm32f407xx.o(.text)
    DMA1_Stream5_IRQHandler                  0x0800029d   Thumb Code     0  startup_stm32f407xx.o(.text)
    DMA1_Stream6_IRQHandler                  0x0800029d   Thumb Code     0  startup_stm32f407xx.o(.text)
    DMA1_Stream7_IRQHandler                  0x0800029d   Thumb Code     0  startup_stm32f407xx.o(.text)
    DMA2_Stream0_IRQHandler                  0x0800029d   Thumb Code     0  startup_stm32f407xx.o(.text)
    DMA2_Stream1_IRQHandler                  0x0800029d   Thumb Code     0  startup_stm32f407xx.o(.text)
    DMA2_Stream2_IRQHandler                  0x0800029d   Thumb Code     0  startup_stm32f407xx.o(.text)
    DMA2_Stream3_IRQHandler                  0x0800029d   Thumb Code     0  startup_stm32f407xx.o(.text)
    DMA2_Stream4_IRQHandler                  0x0800029d   Thumb Code     0  startup_stm32f407xx.o(.text)
    DMA2_Stream5_IRQHandler                  0x0800029d   Thumb Code     0  startup_stm32f407xx.o(.text)
    DMA2_Stream6_IRQHandler                  0x0800029d   Thumb Code     0  startup_stm32f407xx.o(.text)
    DMA2_Stream7_IRQHandler                  0x0800029d   Thumb Code     0  startup_stm32f407xx.o(.text)
    ETH_IRQHandler                           0x0800029d   Thumb Code     0  startup_stm32f407xx.o(.text)
    ETH_WKUP_IRQHandler                      0x0800029d   Thumb Code     0  startup_stm32f407xx.o(.text)
    EXTI0_IRQHandler                         0x0800029d   Thumb Code     0  startup_stm32f407xx.o(.text)
    EXTI15_10_IRQHandler                     0x0800029d   Thumb Code     0  startup_stm32f407xx.o(.text)
    EXTI1_IRQHandler                         0x0800029d   Thumb Code     0  startup_stm32f407xx.o(.text)
    EXTI4_IRQHandler                         0x0800029d   Thumb Code     0  startup_stm32f407xx.o(.text)
    EXTI9_5_IRQHandler                       0x0800029d   Thumb Code     0  startup_stm32f407xx.o(.text)
    FLASH_IRQHandler                         0x0800029d   Thumb Code     0  startup_stm32f407xx.o(.text)
    FMC_IRQHandler                           0x0800029d   Thumb Code     0  startup_stm32f407xx.o(.text)
    FPU_IRQHandler                           0x0800029d   Thumb Code     0  startup_stm32f407xx.o(.text)
    HASH_RNG_IRQHandler                      0x0800029d   Thumb Code     0  startup_stm32f407xx.o(.text)
    I2C1_ER_IRQHandler                       0x0800029d   Thumb Code     0  startup_stm32f407xx.o(.text)
    I2C1_EV_IRQHandler                       0x0800029d   Thumb Code     0  startup_stm32f407xx.o(.text)
    I2C2_ER_IRQHandler                       0x0800029d   Thumb Code     0  startup_stm32f407xx.o(.text)
    I2C2_EV_IRQHandler                       0x0800029d   Thumb Code     0  startup_stm32f407xx.o(.text)
    I2C3_ER_IRQHandler                       0x0800029d   Thumb Code     0  startup_stm32f407xx.o(.text)
    I2C3_EV_IRQHandler                       0x0800029d   Thumb Code     0  startup_stm32f407xx.o(.text)
    OTG_FS_IRQHandler                        0x0800029d   Thumb Code     0  startup_stm32f407xx.o(.text)
    OTG_FS_WKUP_IRQHandler                   0x0800029d   Thumb Code     0  startup_stm32f407xx.o(.text)
    OTG_HS_EP1_IN_IRQHandler                 0x0800029d   Thumb Code     0  startup_stm32f407xx.o(.text)
    OTG_HS_EP1_OUT_IRQHandler                0x0800029d   Thumb Code     0  startup_stm32f407xx.o(.text)
    OTG_HS_IRQHandler                        0x0800029d   Thumb Code     0  startup_stm32f407xx.o(.text)
    OTG_HS_WKUP_IRQHandler                   0x0800029d   Thumb Code     0  startup_stm32f407xx.o(.text)
    PVD_IRQHandler                           0x0800029d   Thumb Code     0  startup_stm32f407xx.o(.text)
    RCC_IRQHandler                           0x0800029d   Thumb Code     0  startup_stm32f407xx.o(.text)
    RTC_Alarm_IRQHandler                     0x0800029d   Thumb Code     0  startup_stm32f407xx.o(.text)
    RTC_WKUP_IRQHandler                      0x0800029d   Thumb Code     0  startup_stm32f407xx.o(.text)
    SDIO_IRQHandler                          0x0800029d   Thumb Code     0  startup_stm32f407xx.o(.text)
    SPI1_IRQHandler                          0x0800029d   Thumb Code     0  startup_stm32f407xx.o(.text)
    SPI2_IRQHandler                          0x0800029d   Thumb Code     0  startup_stm32f407xx.o(.text)
    SPI3_IRQHandler                          0x0800029d   Thumb Code     0  startup_stm32f407xx.o(.text)
    TAMP_STAMP_IRQHandler                    0x0800029d   Thumb Code     0  startup_stm32f407xx.o(.text)
    TIM1_BRK_TIM9_IRQHandler                 0x0800029d   Thumb Code     0  startup_stm32f407xx.o(.text)
    TIM1_CC_IRQHandler                       0x0800029d   Thumb Code     0  startup_stm32f407xx.o(.text)
    TIM1_TRG_COM_TIM11_IRQHandler            0x0800029d   Thumb Code     0  startup_stm32f407xx.o(.text)
    TIM1_UP_TIM10_IRQHandler                 0x0800029d   Thumb Code     0  startup_stm32f407xx.o(.text)
    TIM2_IRQHandler                          0x0800029d   Thumb Code     0  startup_stm32f407xx.o(.text)
    TIM3_IRQHandler                          0x0800029d   Thumb Code     0  startup_stm32f407xx.o(.text)
    TIM5_IRQHandler                          0x0800029d   Thumb Code     0  startup_stm32f407xx.o(.text)
    TIM6_DAC_IRQHandler                      0x0800029d   Thumb Code     0  startup_stm32f407xx.o(.text)
    TIM7_IRQHandler                          0x0800029d   Thumb Code     0  startup_stm32f407xx.o(.text)
    TIM8_BRK_TIM12_IRQHandler                0x0800029d   Thumb Code     0  startup_stm32f407xx.o(.text)
    TIM8_CC_IRQHandler                       0x0800029d   Thumb Code     0  startup_stm32f407xx.o(.text)
    TIM8_TRG_COM_TIM14_IRQHandler            0x0800029d   Thumb Code     0  startup_stm32f407xx.o(.text)
    TIM8_UP_TIM13_IRQHandler                 0x0800029d   Thumb Code     0  startup_stm32f407xx.o(.text)
    UART4_IRQHandler                         0x0800029d   Thumb Code     0  startup_stm32f407xx.o(.text)
    UART5_IRQHandler                         0x0800029d   Thumb Code     0  startup_stm32f407xx.o(.text)
    USART2_IRQHandler                        0x0800029d   Thumb Code     0  startup_stm32f407xx.o(.text)
    USART3_IRQHandler                        0x0800029d   Thumb Code     0  startup_stm32f407xx.o(.text)
    USART6_IRQHandler                        0x0800029d   Thumb Code     0  startup_stm32f407xx.o(.text)
    WWDG_IRQHandler                          0x0800029d   Thumb Code     0  startup_stm32f407xx.o(.text)
    __user_initial_stackheap                 0x080002a1   Thumb Code     0  startup_stm32f407xx.o(.text)
    __use_no_semihosting                     0x080002c5   Thumb Code     2  use_no_semi_2.o(.text)
    __aeabi_uldivmod                         0x080002c7   Thumb Code     0  lludivv7m.o(.text)
    _ll_udiv                                 0x080002c7   Thumb Code   240  lludivv7m.o(.text)
    __2printf                                0x080003b9   Thumb Code    20  noretval__2printf.o(.text)
    _printf_pre_padding                      0x080003d1   Thumb Code    44  _printf_pad.o(.text)
    _printf_post_padding                     0x080003fd   Thumb Code    34  _printf_pad.o(.text)
    _printf_str                              0x0800041f   Thumb Code    82  _printf_str.o(.text)
    _printf_int_dec                          0x08000471   Thumb Code   104  _printf_dec.o(.text)
    _printf_int_hex                          0x080004e9   Thumb Code    84  _printf_hex_int.o(.text)
    _printf_longlong_hex                     0x080004e9   Thumb Code     0  _printf_hex_int.o(.text)
    __printf                                 0x08000541   Thumb Code   388  __printf_flags_ss_wp.o(.text)
    putchar                                  0x080006c9   Thumb Code     6  putchar.o(.text)
    puts                                     0x080006d5   Thumb Code    40  puts.o(.text)
    __aeabi_memclr4                          0x08000701   Thumb Code     0  rt_memclr_w.o(.text)
    __aeabi_memclr8                          0x08000701   Thumb Code     0  rt_memclr_w.o(.text)
    __rt_memclr_w                            0x08000701   Thumb Code    78  rt_memclr_w.o(.text)
    _memset_w                                0x08000705   Thumb Code     0  rt_memclr_w.o(.text)
    __use_two_region_memory                  0x0800074f   Thumb Code     2  heapauxi.o(.text)
    __rt_heap_escrow$2region                 0x08000751   Thumb Code     2  heapauxi.o(.text)
    __rt_heap_expand$2region                 0x08000753   Thumb Code     2  heapauxi.o(.text)
    __semihosting$guard                      0x08000755   Thumb Code     0  use_no_semi.o(.text)
    __use_no_semihosting_swi                 0x08000755   Thumb Code     2  use_no_semi.o(.text)
    _printf_int_common                       0x08000757   Thumb Code   178  _printf_intcommon.o(.text)
    _printf_fp_dec_real                      0x080009b9   Thumb Code   620  _printf_fp_dec.o(.text)
    _printf_char_common                      0x08000c2f   Thumb Code    32  _printf_char_common.o(.text)
    _printf_cs_common                        0x08000c55   Thumb Code    20  _printf_char.o(.text)
    _printf_char                             0x08000c69   Thumb Code    16  _printf_char.o(.text)
    _printf_string                           0x08000c79   Thumb Code     8  _printf_char.o(.text)
    _printf_char_file                        0x08000c81   Thumb Code    32  _printf_char_file.o(.text)
    __rt_locale                              0x08000ca5   Thumb Code     8  rt_locale_intlibspace.o(.text)
    _ll_udiv10                               0x08000cad   Thumb Code   138  lludiv10.o(.text)
    _printf_fp_infnan                        0x08000d39   Thumb Code   112  _printf_fp_infnan.o(.text)
    _btod_etento                             0x08000db9   Thumb Code   224  bigflt0.o(.text)
    ferror                                   0x08000e9d   Thumb Code     8  ferror.o(.text)
    __user_libspace                          0x08000ea5   Thumb Code     8  libspace.o(.text)
    __user_perproc_libspace                  0x08000ea5   Thumb Code     0  libspace.o(.text)
    __user_perthread_libspace                0x08000ea5   Thumb Code     0  libspace.o(.text)
    __user_setup_stackheap                   0x08000ead   Thumb Code    74  sys_stackheap_outer.o(.text)
    exit                                     0x08000ef7   Thumb Code    18  exit.o(.text)
    strcmp                                   0x08000f09   Thumb Code   124  strcmpv7em.o(.text)
    BusFault_Handler                         0x08000f85   Thumb Code     2  stm32f4xx_it.o(.text.BusFault_Handler)
    CAN1_RX0_IRQHandler                      0x08000f89   Thumb Code   124  can.o(.text.CAN1_RX0_IRQHandler)
    CAN_Config                               0x08001005   Thumb Code   144  can.o(.text.CAN_Config)
    CAN_Filter_Config                        0x08001095   Thumb Code   100  can.o(.text.CAN_Filter_Config)
    DebugMon_Handler                         0x080010f9   Thumb Code     2  stm32f4xx_it.o(.text.DebugMon_Handler)
    EXTI2_IRQHandler                         0x080010fd   Thumb Code    16  exti.o(.text.EXTI2_IRQHandler)
    EXTI3_IRQHandler                         0x0800110d   Thumb Code    20  exti.o(.text.EXTI3_IRQHandler)
    Error_Handler                            0x08001121   Thumb Code     8  can.o(.text.Error_Handler)
    HAL_CAN_ActivateNotification             0x08001129   Thumb Code    38  stm32f4xx_hal_can.o(.text.HAL_CAN_ActivateNotification)
    HAL_CAN_AddTxMessage                     0x0800114f   Thumb Code   152  stm32f4xx_hal_can.o(.text.HAL_CAN_AddTxMessage)
    HAL_CAN_ConfigFilter                     0x080011e9   Thumb Code   212  stm32f4xx_hal_can.o(.text.HAL_CAN_ConfigFilter)
    HAL_CAN_GetRxFifoFillLevel               0x080012bd   Thumb Code    32  stm32f4xx_hal_can.o(.text.HAL_CAN_GetRxFifoFillLevel)
    HAL_CAN_GetRxMessage                     0x080012dd   Thumb Code   260  stm32f4xx_hal_can.o(.text.HAL_CAN_GetRxMessage)
    HAL_CAN_GetTxMailboxesFreeLevel          0x080013e1   Thumb Code    40  stm32f4xx_hal_can.o(.text.HAL_CAN_GetTxMailboxesFreeLevel)
    HAL_CAN_Init                             0x08001409   Thumb Code   240  stm32f4xx_hal_can.o(.text.HAL_CAN_Init)
    HAL_CAN_MspInit                          0x080014f9   Thumb Code   136  can.o(.text.HAL_CAN_MspInit)
    HAL_CAN_Start                            0x08001581   Thumb Code    86  stm32f4xx_hal_can.o(.text.HAL_CAN_Start)
    HAL_DMA_Abort                            0x080015d7   Thumb Code   138  stm32f4xx_hal_dma.o(.text.HAL_DMA_Abort)
    HAL_DMA_Abort_IT                         0x08001661   Thumb Code    36  stm32f4xx_hal_dma.o(.text.HAL_DMA_Abort_IT)
    HAL_Delay                                0x08001685   Thumb Code     6  delay.o(.text.HAL_Delay)
    HAL_GPIO_EXTI_Callback                   0x0800168d   Thumb Code   100  exti.o(.text.HAL_GPIO_EXTI_Callback)
    HAL_GPIO_EXTI_IRQHandler                 0x080016f1   Thumb Code    20  stm32f4xx_hal_gpio.o(.text.HAL_GPIO_EXTI_IRQHandler)
    HAL_GPIO_Init                            0x08001705   Thumb Code   428  stm32f4xx_hal_gpio.o(.text.HAL_GPIO_Init)
    HAL_GPIO_ReadPin                         0x080018b1   Thumb Code    10  stm32f4xx_hal_gpio.o(.text.HAL_GPIO_ReadPin)
    HAL_GetREVID                             0x080018bd   Thumb Code    12  stm32f4xx_hal.o(.text.HAL_GetREVID)
    HAL_GetTick                              0x080018c9   Thumb Code     8  stm32f4xx_hal.o(.text.HAL_GetTick)
    HAL_IncTick                              0x080018d1   Thumb Code    20  stm32f4xx_hal.o(.text.HAL_IncTick)
    HAL_Init                                 0x080018e5   Thumb Code    44  stm32f4xx_hal.o(.text.HAL_Init)
    HAL_InitTick                             0x08001911   Thumb Code    60  stm32f4xx_hal.o(.text.HAL_InitTick)
    HAL_MspInit                              0x0800194d   Thumb Code     2  stm32f4xx_hal.o(.text.HAL_MspInit)
    HAL_NVIC_EnableIRQ                       0x08001951   Thumb Code    28  stm32f4xx_hal_cortex.o(.text.HAL_NVIC_EnableIRQ)
    HAL_NVIC_SetPriority                     0x0800196d   Thumb Code    56  stm32f4xx_hal_cortex.o(.text.HAL_NVIC_SetPriority)
    HAL_NVIC_SetPriorityGrouping             0x080019a5   Thumb Code    32  stm32f4xx_hal_cortex.o(.text.HAL_NVIC_SetPriorityGrouping)
    HAL_RCC_ClockConfig                      0x080019c5   Thumb Code   296  stm32f4xx_hal_rcc.o(.text.HAL_RCC_ClockConfig)
    HAL_RCC_GetPCLK1Freq                     0x08001aed   Thumb Code    20  stm32f4xx_hal_rcc.o(.text.HAL_RCC_GetPCLK1Freq)
    HAL_RCC_GetPCLK2Freq                     0x08001b01   Thumb Code    32  stm32f4xx_hal_rcc.o(.text.HAL_RCC_GetPCLK2Freq)
    HAL_RCC_GetSysClockFreq                  0x08001b21   Thumb Code    92  stm32f4xx_hal_rcc.o(.text.HAL_RCC_GetSysClockFreq)
    HAL_RCC_OscConfig                        0x08001b7d   Thumb Code   804  stm32f4xx_hal_rcc.o(.text.HAL_RCC_OscConfig)
    HAL_SYSTICK_CLKSourceConfig              0x08001ea1   Thumb Code    20  stm32f4xx_hal_cortex.o(.text.HAL_SYSTICK_CLKSourceConfig)
    HAL_SYSTICK_Config                       0x08001eb5   Thumb Code    40  stm32f4xx_hal_cortex.o(.text.HAL_SYSTICK_Config)
    HAL_TIMEx_MasterConfigSynchronization    0x08001edd   Thumb Code   116  stm32f4xx_hal_tim_ex.o(.text.HAL_TIMEx_MasterConfigSynchronization)
    HAL_TIM_Base_Init                        0x08001f51   Thumb Code    88  stm32f4xx_hal_tim.o(.text.HAL_TIM_Base_Init)
    HAL_TIM_Base_MspInit                     0x08001fa9   Thumb Code     2  stm32f4xx_hal_tim.o(.text.HAL_TIM_Base_MspInit)
    HAL_TIM_Base_Start_IT                    0x08001fad   Thumb Code   124  stm32f4xx_hal_tim.o(.text.HAL_TIM_Base_Start_IT)
    HAL_TIM_Encoder_Init                     0x08002029   Thumb Code   166  stm32f4xx_hal_tim.o(.text.HAL_TIM_Encoder_Init)
    HAL_TIM_Encoder_MspInit                  0x080020d1   Thumb Code   104  tim.o(.text.HAL_TIM_Encoder_MspInit)
    HAL_TIM_Encoder_Start                    0x08002139   Thumb Code   142  stm32f4xx_hal_tim.o(.text.HAL_TIM_Encoder_Start)
    HAL_UARTEx_RxEventCallback               0x080021c7   Thumb Code     2  stm32f4xx_hal_uart.o(.text.HAL_UARTEx_RxEventCallback)
    HAL_UART_ErrorCallback                   0x080021c9   Thumb Code     2  stm32f4xx_hal_uart.o(.text.HAL_UART_ErrorCallback)
    HAL_UART_GetState                        0x080021cb   Thumb Code    14  stm32f4xx_hal_uart.o(.text.HAL_UART_GetState)
    HAL_UART_IRQHandler                      0x080021d9   Thumb Code   548  stm32f4xx_hal_uart.o(.text.HAL_UART_IRQHandler)
    HAL_UART_Init                            0x080023fd   Thumb Code    92  stm32f4xx_hal_uart.o(.text.HAL_UART_Init)
    HAL_UART_MspInit                         0x08002459   Thumb Code   156  usart.o(.text.HAL_UART_MspInit)
    HAL_UART_Receive_IT                      0x080024f5   Thumb Code    46  stm32f4xx_hal_uart.o(.text.HAL_UART_Receive_IT)
    HAL_UART_RxCpltCallback                  0x08002525   Thumb Code    84  usart.o(.text.HAL_UART_RxCpltCallback)
    HAL_UART_TxCpltCallback                  0x08002579   Thumb Code     2  stm32f4xx_hal_uart.o(.text.HAL_UART_TxCpltCallback)
    HardFault_Handler                        0x0800257b   Thumb Code     2  stm32f4xx_it.o(.text.HardFault_Handler)
    MX_CAN1_Init                             0x0800257d   Thumb Code    56  can.o(.text.MX_CAN1_Init)
    MX_TIM5_Init                             0x080025b5   Thumb Code    92  tim.o(.text.MX_TIM5_Init)
    MemManage_Handler                        0x08002611   Thumb Code     2  stm32f4xx_it.o(.text.MemManage_Handler)
    NMI_Handler                              0x08002613   Thumb Code     2  stm32f4xx_it.o(.text.NMI_Handler)
    PendSV_Handler                           0x08002615   Thumb Code     2  stm32f4xx_it.o(.text.PendSV_Handler)
    SVC_Handler                              0x08002617   Thumb Code     2  stm32f4xx_it.o(.text.SVC_Handler)
    SysTick_Handler                          0x08002619   Thumb Code     4  stm32f4xx_it.o(.text.SysTick_Handler)
    SystemInit                               0x0800261d   Thumb Code    16  system_stm32f4xx.o(.text.SystemInit)
    TIM4_IRQHandler                          0x0800262d   Thumb Code    48  usmart_port.o(.text.TIM4_IRQHandler)
    TIM_Base_SetConfig                       0x0800265d   Thumb Code   212  stm32f4xx_hal_tim.o(.text.TIM_Base_SetConfig)
    TIM_CCxChannelCmd                        0x08002731   Thumb Code    30  stm32f4xx_hal_tim.o(.text.TIM_CCxChannelCmd)
    UART_Start_Receive_IT                    0x080028f5   Thumb Code    52  stm32f4xx_hal_uart.o(.text.UART_Start_Receive_IT)
    USART1_IRQHandler                        0x08002929   Thumb Code    60  usart.o(.text.USART1_IRQHandler)
    UsageFault_Handler                       0x08002965   Thumb Code     2  stm32f4xx_it.o(.text.UsageFault_Handler)
    _sys_exit                                0x0800298d   Thumb Code     2  usart.o(.text._sys_exit)
    can_receive_msg                          0x08002991   Thumb Code    80  can.o(.text.can_receive_msg)
    can_send_msg                             0x080029e1   Thumb Code    68  can.o(.text.can_send_msg)
    delay_init                               0x08002a25   Thumb Code    16  delay.o(.text.delay_init)
    delay_ms                                 0x08002a35   Thumb Code    56  delay.o(.text.delay_ms)
    delay_us                                 0x08002a6d   Thumb Code    52  delay.o(.text.delay_us)
    encoder_init                             0x08002aa1   Thumb Code    56  gpio.o(.text.encoder_init)
    fputc                                    0x08002ad9   Thumb Code    20  usart.o(.text.fputc)
    lcd_clear                                0x08002aed   Thumb Code    40  lcd.o(.text.lcd_clear)
    lcd_display_dir                          0x08002b15   Thumb Code   176  lcd.o(.text.lcd_display_dir)
    lcd_draw_circle                          0x08002bc5   Thumb Code   204  lcd.o(.text.lcd_draw_circle)
    lcd_draw_line                            0x08002c91   Thumb Code   164  lcd.o(.text.lcd_draw_line)
    lcd_draw_point                           0x08002d35   Thumb Code    20  lcd.o(.text.lcd_draw_point)
    lcd_draw_rectangle                       0x08002d49   Thumb Code    80  lcd.o(.text.lcd_draw_rectangle)
    lcd_fill                                 0x08002d99   Thumb Code    68  lcd.o(.text.lcd_fill)
    lcd_read_point                           0x08002df1   Thumb Code   116  lcd.o(.text.lcd_read_point)
    lcd_scan_dir                             0x08002e65   Thumb Code   356  lcd.o(.text.lcd_scan_dir)
    lcd_set_cursor                           0x08002fc9   Thumb Code   224  lcd.o(.text.lcd_set_cursor)
    lcd_show_char                            0x080030a9   Thumb Code   244  lcd.o(.text.lcd_show_char)
    lcd_show_num                             0x0800319d   Thumb Code   164  lcd.o(.text.lcd_show_num)
    lcd_show_string                          0x08003241   Thumb Code    88  lcd.o(.text.lcd_show_string)
    lcd_show_xnum                            0x08003299   Thumb Code   184  lcd.o(.text.lcd_show_xnum)
    lcd_wr_data                              0x08003351   Thumb Code    32  lcd.o(.text.lcd_wr_data)
    lcd_wr_regno                             0x08003371   Thumb Code    28  lcd.o(.text.lcd_wr_regno)
    lcd_write_reg                            0x0800338d   Thumb Code    12  lcd.o(.text.lcd_write_reg)
    main                                     0x08003399   Thumb Code   260  main.o(.text.main)
    motor_torque_control                     0x080034a1   Thumb Code   104  motor_ctrl.o(.text.motor_torque_control)
    read_addr                                0x08003509   Thumb Code     4  usmart.o(.text.read_addr)
    read_motor_State2                        0x08003511   Thumb Code   208  motor_ctrl.o(.text.read_motor_State2)
    sys_stm32_clock_init                     0x080035e1   Thumb Code   196  sys.o(.text.sys_stm32_clock_init)
    updateEncoderAngle                       0x080036a9   Thumb Code   108  main.o(.text.updateEncoderAngle)
    usart_init                               0x08003715   Thumb Code    56  usart.o(.text.usart_init)
    usmart_cmd_rec                           0x0800374d   Thumb Code   160  usmart.o(.text.usmart_cmd_rec)
    usmart_exe                               0x080037ed   Thumb Code   588  usmart.o(.text.usmart_exe)
    usmart_get_aparm                         0x08003a39   Thumb Code   236  usmart_str.o(.text.usmart_get_aparm)
    usmart_get_cmdname                       0x08003b25   Thumb Code    44  usmart_str.o(.text.usmart_get_cmdname)
    usmart_get_fname                         0x08003b51   Thumb Code   384  usmart_str.o(.text.usmart_get_fname)
    usmart_get_fparam                        0x08003cd1   Thumb Code   244  usmart_str.o(.text.usmart_get_fparam)
    usmart_get_input_string                  0x08003dc5   Thumb Code    36  usmart_port.o(.text.usmart_get_input_string)
    usmart_get_parmpos                       0x08003de9   Thumb Code    24  usmart_str.o(.text.usmart_get_parmpos)
    usmart_init                              0x08003e01   Thumb Code    28  usmart.o(.text.usmart_init)
    usmart_pow                               0x08003e1d   Thumb Code    16  usmart_str.o(.text.usmart_pow)
    usmart_scan                              0x08003e2d   Thumb Code   140  usmart.o(.text.usmart_scan)
    usmart_search_nextc                      0x08003eb9   Thumb Code    12  usmart_str.o(.text.usmart_search_nextc)
    usmart_str2num                           0x08003ec5   Thumb Code   228  usmart_str.o(.text.usmart_str2num)
    usmart_strcmp                            0x08003fa9   Thumb Code    24  usmart_str.o(.text.usmart_strcmp)
    usmart_strcopy                           0x08003fc1   Thumb Code    16  usmart_str.o(.text.usmart_strcopy)
    usmart_strlen                            0x08003fd1   Thumb Code    16  usmart_str.o(.text.usmart_strlen)
    usmart_sys_cmd_exe                       0x08003fe1   Thumb Code   768  usmart.o(.text.usmart_sys_cmd_exe)
    usmart_timx_get_time                     0x080042e1   Thumb Code    36  usmart_port.o(.text.usmart_timx_get_time)
    usmart_timx_init                         0x08004305   Thumb Code    80  usmart_port.o(.text.usmart_timx_init)
    usmart_timx_reset_time                   0x08004355   Thumb Code    40  usmart_port.o(.text.usmart_timx_reset_time)
    write_addr                               0x0800437d   Thumb Code     4  usmart.o(.text.write_addr)
    _btod_d2e                                0x08004381   Thumb Code    62  btod.o(CL$$btod_d2e)
    _d2e_denorm_low                          0x080043bf   Thumb Code    70  btod.o(CL$$btod_d2e_denorm_low)
    _d2e_norm_op1                            0x08004405   Thumb Code    96  btod.o(CL$$btod_d2e_norm_op1)
    __btod_div_common                        0x08004465   Thumb Code   696  btod.o(CL$$btod_div_common)
    _e2e                                     0x0800479d   Thumb Code   220  btod.o(CL$$btod_e2e)
    _btod_ediv                               0x08004879   Thumb Code    42  btod.o(CL$$btod_ediv)
    _btod_emul                               0x080048a3   Thumb Code    42  btod.o(CL$$btod_emul)
    __btod_mult_common                       0x080048cd   Thumb Code   580  btod.o(CL$$btod_mult_common)
    __ARM_fpclassify                         0x08004b11   Thumb Code    48  fpclassify.o(i.__ARM_fpclassify)
    _is_digit                                0x08004b41   Thumb Code    14  __printf_wp.o(i._is_digit)
    _get_lc_numeric                          0x08004b51   Thumb Code    44  lc_numeric_c.o(locale$$code)
    __aeabi_dadd                             0x08004b7d   Thumb Code     0  daddsub_clz.o(x$fpl$dadd)
    _dadd                                    0x08004b7d   Thumb Code   332  daddsub_clz.o(x$fpl$dadd)
    __fpl_dcmp_Inf                           0x08004ccd   Thumb Code    24  dcmpi.o(x$fpl$dcmpinf)
    __aeabi_ddiv                             0x08004ce5   Thumb Code     0  ddiv.o(x$fpl$ddiv)
    _ddiv                                    0x08004ce5   Thumb Code   552  ddiv.o(x$fpl$ddiv)
    __aeabi_cdcmpeq                          0x08004f95   Thumb Code     0  deqf.o(x$fpl$deqf)
    _dcmpeq                                  0x08004f95   Thumb Code   120  deqf.o(x$fpl$deqf)
    __aeabi_d2iz                             0x0800500d   Thumb Code     0  dfix.o(x$fpl$dfix)
    _dfix                                    0x0800500d   Thumb Code    94  dfix.o(x$fpl$dfix)
    __aeabi_i2d                              0x0800506b   Thumb Code     0  dflt_clz.o(x$fpl$dflt)
    _dflt                                    0x0800506b   Thumb Code    46  dflt_clz.o(x$fpl$dflt)
    __aeabi_ui2d                             0x08005099   Thumb Code     0  dflt_clz.o(x$fpl$dfltu)
    _dfltu                                   0x08005099   Thumb Code    38  dflt_clz.o(x$fpl$dfltu)
    __aeabi_cdcmpge                          0x080050c1   Thumb Code     0  dgeqf.o(x$fpl$dgeqf)
    _dcmpge                                  0x080050c1   Thumb Code   120  dgeqf.o(x$fpl$dgeqf)
    __aeabi_cdcmple                          0x08005139   Thumb Code     0  dleqf.o(x$fpl$dleqf)
    _dcmple                                  0x08005139   Thumb Code   120  dleqf.o(x$fpl$dleqf)
    __fpl_dcmple_InfNaN                      0x0800519b   Thumb Code     0  dleqf.o(x$fpl$dleqf)
    __aeabi_dmul                             0x080051b1   Thumb Code     0  dmul.o(x$fpl$dmul)
    _dmul                                    0x080051b1   Thumb Code   332  dmul.o(x$fpl$dmul)
    __fpl_dnaninf                            0x08005305   Thumb Code   156  dnaninf.o(x$fpl$dnaninf)
    __fpl_dretinf                            0x080053a1   Thumb Code    12  dretinf.o(x$fpl$dretinf)
    __aeabi_dsub                             0x080053ad   Thumb Code     0  daddsub_clz.o(x$fpl$dsub)
    _dsub                                    0x080053ad   Thumb Code   464  daddsub_clz.o(x$fpl$dsub)
    __aeabi_dcmpeq                           0x08005581   Thumb Code     0  dcmp.o(x$fpl$fcmp)
    _deq                                     0x08005581   Thumb Code    14  dcmp.o(x$fpl$fcmp)
    _dneq                                    0x0800558f   Thumb Code    14  dcmp.o(x$fpl$fcmp)
    __aeabi_dcmpgt                           0x0800559d   Thumb Code     0  dcmp.o(x$fpl$fcmp)
    _dgr                                     0x0800559d   Thumb Code    14  dcmp.o(x$fpl$fcmp)
    __aeabi_dcmpge                           0x080055ab   Thumb Code     0  dcmp.o(x$fpl$fcmp)
    _dgeq                                    0x080055ab   Thumb Code    14  dcmp.o(x$fpl$fcmp)
    __aeabi_dcmple                           0x080055b9   Thumb Code     0  dcmp.o(x$fpl$fcmp)
    _dleq                                    0x080055b9   Thumb Code    14  dcmp.o(x$fpl$fcmp)
    __aeabi_dcmplt                           0x080055c7   Thumb Code     0  dcmp.o(x$fpl$fcmp)
    _dls                                     0x080055c7   Thumb Code    14  dcmp.o(x$fpl$fcmp)
    _fp_init                                 0x080055d5   Thumb Code    26  fpinit.o(x$fpl$fpinit)
    __fplib_config_fpu_vfp                   0x080055ed   Thumb Code     0  fpinit.o(x$fpl$fpinit)
    __fplib_config_pureend_doubles           0x080055ed   Thumb Code     0  fpinit.o(x$fpl$fpinit)
    _printf_fp_dec                           0x080055ef   Thumb Code     4  printf1.o(x$fpl$printf1)
    __I$use$fp                               0x080055f2   Number         0  usenofp.o(x$fpl$usenofp)
    AHBPrescTable                            0x080056c0   Data          16  system_stm32f4xx.o(.rodata.AHBPrescTable)
    APBPrescTable                            0x080056d0   Data           8  system_stm32f4xx.o(.rodata.APBPrescTable)
    asc2_1206                                0x080056d8   Data        1140  lcd.o(.rodata.asc2_1206)
    asc2_1608                                0x08005b4c   Data        1520  lcd.o(.rodata.asc2_1608)
    asc2_2412                                0x0800613c   Data        3420  lcd.o(.rodata.asc2_2412)
    asc2_3216                                0x08006e98   Data        6080  lcd.o(.rodata.asc2_3216)
    Region$$Table$$Base                      0x08008e1c   Number         0  anon$$obj.o(Region$$Table)
    Region$$Table$$Limit                     0x08008e3c   Number         0  anon$$obj.o(Region$$Table)
    __ARM_use_no_argv                        0x20000000   Data           4  main.o(.ARM.use_no_argv)
    uwTickFreq                               0x20000004   Data           1  stm32f4xx_hal.o(.data..L_MergedGlobals)
    uwTickPrio                               0x20000008   Data           4  stm32f4xx_hal.o(.data..L_MergedGlobals)
    SystemCoreClock                          0x2000000c   Data           4  system_stm32f4xx.o(.data.SystemCoreClock)
    g_back_color                             0x20000010   Data           4  lcd.o(.data.g_back_color)
    sys_cmd_tab                              0x20000014   Data          28  usmart.o(.data.sys_cmd_tab)
    usmart_dev                               0x20000030   Data         244  usmart_config.o(.data.usmart_dev)
    usmart_nametab                           0x20000124   Data         128  usmart_config.o(.data.usmart_nametab)
    __libspace_start                         0x200001a8   Data          96  libspace.o(.bss)
    __temporary_stack_top$libspace           0x20000208   Data           0  libspace.o(.bss)
    g_rx_buffer                              0x20000238   Data           1  usart.o(.bss..L_MergedGlobals)
    g_usart_rx_sta                           0x2000023a   Data           2  usart.o(.bss..L_MergedGlobals)
    g_uart1_handle                           0x2000023c   Data          68  usart.o(.bss..L_MergedGlobals)
    lcddev                                   0x20000280   Data          14  lcd.o(.bss..L_MergedGlobals)
    g_sram_handle                            0x20000290   Data          80  lcd.o(.bss..L_MergedGlobals)
    encoderValue                             0x200002e0   Data           2  can.o(.bss..L_MergedGlobals)
    canRxData                                0x200002e2   Data           8  can.o(.bss..L_MergedGlobals)
    g_canx_txheader                          0x200002ec   Data          24  can.o(.bss..L_MergedGlobals)
    g_canx_rxheader                          0x20000304   Data          28  can.o(.bss..L_MergedGlobals)
    g_canx_handler                           0x20000320   Data          40  can.o(.bss..L_MergedGlobals)
    IQ                                       0x20000348   Data           4  can.o(.bss.IQ)
    __stdout                                 0x2000034c   Data          84  usart.o(.bss.__stdout)
    encoder_count                            0x200003a0   Data           4  exti.o(.bss.encoder_count)
    g_timx_usmart_handle                     0x200003a8   Data          72  usmart_port.o(.bss.g_timx_usmart_handle)
    g_usart_rx_buf                           0x200003f0   Data         200  usart.o(.bss.g_usart_rx_buf)
    htim5                                    0x200004b8   Data          72  tim.o(.bss.htim5)
    uwTick                                   0x20000500   Data           4  stm32f4xx_hal.o(.bss.uwTick)



==============================================================================

Memory Map of the image

  Image Entry point : 0x08000189

  Load Region LR_IROM1 (Base: 0x08000000, Size: 0x00009000, Max: 0x00100000, ABSOLUTE, COMPRESSED[0x00008f20])

    Execution Region ER_IROM1 (Exec base: 0x08000000, Load base: 0x08000000, Size: 0x00008e58, Max: 0x00100000, ABSOLUTE)

    Exec Addr    Load Addr    Size         Type   Attr      Idx    E Section Name        Object

    0x08000000   0x08000000   0x00000188   Data   RO            3    RESET               startup_stm32f407xx.o
    0x08000188   0x08000188   0x00000008   Code   RO         1560  * !!!main             c_w.l(__main.o)
    0x08000190   0x08000190   0x00000034   Code   RO         1831    !!!scatter          c_w.l(__scatter.o)
    0x080001c4   0x080001c4   0x0000003a   Code   RO         1829    !!dczerorl          c_w.l(__dczerorl.o)
    0x080001fe   0x080001fe   0x00000002   PAD
    0x08000200   0x08000200   0x0000001c   Code   RO         1833    !!handler_zi        c_w.l(__scatter_zi.o)
    0x0800021c   0x0800021c   0x00000000   Code   RO         1551    .ARM.Collect$$_printf_percent$$00000000  c_w.l(_printf_percent.o)
    0x0800021c   0x0800021c   0x00000006   Code   RO         1550    .ARM.Collect$$_printf_percent$$00000003  c_w.l(_printf_f.o)
    0x08000222   0x08000222   0x00000006   Code   RO         1548    .ARM.Collect$$_printf_percent$$00000009  c_w.l(_printf_d.o)
    0x08000228   0x08000228   0x00000006   Code   RO         1549    .ARM.Collect$$_printf_percent$$0000000A  c_w.l(_printf_u.o)
    0x0800022e   0x0800022e   0x00000006   Code   RO         1547    .ARM.Collect$$_printf_percent$$0000000C  c_w.l(_printf_x.o)
    0x08000234   0x08000234   0x00000006   Code   RO         1546    .ARM.Collect$$_printf_percent$$00000014  c_w.l(_printf_s.o)
    0x0800023a   0x0800023a   0x00000004   Code   RO         1609    .ARM.Collect$$_printf_percent$$00000017  c_w.l(_printf_percent_end.o)
    0x0800023e   0x0800023e   0x00000002   Code   RO         1709    .ARM.Collect$$libinit$$00000000  c_w.l(libinit.o)
    0x08000240   0x08000240   0x00000004   Code   RO         1710    .ARM.Collect$$libinit$$00000001  c_w.l(libinit2.o)
    0x08000244   0x08000244   0x00000000   Code   RO         1713    .ARM.Collect$$libinit$$00000004  c_w.l(libinit2.o)
    0x08000244   0x08000244   0x00000000   Code   RO         1716    .ARM.Collect$$libinit$$0000000A  c_w.l(libinit2.o)
    0x08000244   0x08000244   0x00000000   Code   RO         1718    .ARM.Collect$$libinit$$0000000C  c_w.l(libinit2.o)
    0x08000244   0x08000244   0x00000000   Code   RO         1720    .ARM.Collect$$libinit$$0000000E  c_w.l(libinit2.o)
    0x08000244   0x08000244   0x00000006   Code   RO         1721    .ARM.Collect$$libinit$$0000000F  c_w.l(libinit2.o)
    0x0800024a   0x0800024a   0x00000000   Code   RO         1723    .ARM.Collect$$libinit$$00000011  c_w.l(libinit2.o)
    0x0800024a   0x0800024a   0x00000000   Code   RO         1725    .ARM.Collect$$libinit$$00000013  c_w.l(libinit2.o)
    0x0800024a   0x0800024a   0x00000000   Code   RO         1727    .ARM.Collect$$libinit$$00000015  c_w.l(libinit2.o)
    0x0800024a   0x0800024a   0x0000000a   Code   RO         1728    .ARM.Collect$$libinit$$00000016  c_w.l(libinit2.o)
    0x08000254   0x08000254   0x00000000   Code   RO         1729    .ARM.Collect$$libinit$$00000017  c_w.l(libinit2.o)
    0x08000254   0x08000254   0x00000000   Code   RO         1731    .ARM.Collect$$libinit$$00000019  c_w.l(libinit2.o)
    0x08000254   0x08000254   0x00000000   Code   RO         1733    .ARM.Collect$$libinit$$0000001B  c_w.l(libinit2.o)
    0x08000254   0x08000254   0x00000000   Code   RO         1735    .ARM.Collect$$libinit$$0000001D  c_w.l(libinit2.o)
    0x08000254   0x08000254   0x00000000   Code   RO         1737    .ARM.Collect$$libinit$$0000001F  c_w.l(libinit2.o)
    0x08000254   0x08000254   0x00000000   Code   RO         1739    .ARM.Collect$$libinit$$00000021  c_w.l(libinit2.o)
    0x08000254   0x08000254   0x00000000   Code   RO         1741    .ARM.Collect$$libinit$$00000023  c_w.l(libinit2.o)
    0x08000254   0x08000254   0x00000000   Code   RO         1743    .ARM.Collect$$libinit$$00000025  c_w.l(libinit2.o)
    0x08000254   0x08000254   0x00000000   Code   RO         1747    .ARM.Collect$$libinit$$0000002C  c_w.l(libinit2.o)
    0x08000254   0x08000254   0x00000000   Code   RO         1749    .ARM.Collect$$libinit$$0000002E  c_w.l(libinit2.o)
    0x08000254   0x08000254   0x00000000   Code   RO         1751    .ARM.Collect$$libinit$$00000030  c_w.l(libinit2.o)
    0x08000254   0x08000254   0x00000000   Code   RO         1753    .ARM.Collect$$libinit$$00000032  c_w.l(libinit2.o)
    0x08000254   0x08000254   0x00000002   Code   RO         1754    .ARM.Collect$$libinit$$00000033  c_w.l(libinit2.o)
    0x08000256   0x08000256   0x00000002   Code   RO         1794    .ARM.Collect$$libshutdown$$00000000  c_w.l(libshutdown.o)
    0x08000258   0x08000258   0x00000000   Code   RO         1812    .ARM.Collect$$libshutdown$$00000002  c_w.l(libshutdown2.o)
    0x08000258   0x08000258   0x00000000   Code   RO         1814    .ARM.Collect$$libshutdown$$00000004  c_w.l(libshutdown2.o)
    0x08000258   0x08000258   0x00000000   Code   RO         1817    .ARM.Collect$$libshutdown$$00000007  c_w.l(libshutdown2.o)
    0x08000258   0x08000258   0x00000000   Code   RO         1820    .ARM.Collect$$libshutdown$$0000000A  c_w.l(libshutdown2.o)
    0x08000258   0x08000258   0x00000000   Code   RO         1822    .ARM.Collect$$libshutdown$$0000000C  c_w.l(libshutdown2.o)
    0x08000258   0x08000258   0x00000000   Code   RO         1825    .ARM.Collect$$libshutdown$$0000000F  c_w.l(libshutdown2.o)
    0x08000258   0x08000258   0x00000002   Code   RO         1826    .ARM.Collect$$libshutdown$$00000010  c_w.l(libshutdown2.o)
    0x0800025a   0x0800025a   0x00000000   Code   RO         1590    .ARM.Collect$$rtentry$$00000000  c_w.l(__rtentry.o)
    0x0800025a   0x0800025a   0x00000000   Code   RO         1622    .ARM.Collect$$rtentry$$00000002  c_w.l(__rtentry2.o)
    0x0800025a   0x0800025a   0x00000006   Code   RO         1634    .ARM.Collect$$rtentry$$00000004  c_w.l(__rtentry4.o)
    0x08000260   0x08000260   0x00000000   Code   RO         1624    .ARM.Collect$$rtentry$$00000009  c_w.l(__rtentry2.o)
    0x08000260   0x08000260   0x00000004   Code   RO         1625    .ARM.Collect$$rtentry$$0000000A  c_w.l(__rtentry2.o)
    0x08000264   0x08000264   0x00000000   Code   RO         1627    .ARM.Collect$$rtentry$$0000000C  c_w.l(__rtentry2.o)
    0x08000264   0x08000264   0x00000008   Code   RO         1628    .ARM.Collect$$rtentry$$0000000D  c_w.l(__rtentry2.o)
    0x0800026c   0x0800026c   0x00000002   Code   RO         1755    .ARM.Collect$$rtexit$$00000000  c_w.l(rtexit.o)
    0x0800026e   0x0800026e   0x00000000   Code   RO         1770    .ARM.Collect$$rtexit$$00000002  c_w.l(rtexit2.o)
    0x0800026e   0x0800026e   0x00000004   Code   RO         1771    .ARM.Collect$$rtexit$$00000003  c_w.l(rtexit2.o)
    0x08000272   0x08000272   0x00000006   Code   RO         1772    .ARM.Collect$$rtexit$$00000004  c_w.l(rtexit2.o)
    0x08000278   0x08000278   0x0000004c   Code   RO            4    .text               startup_stm32f407xx.o
    0x080002c4   0x080002c4   0x00000002   Code   RO         1485    .text               c_w.l(use_no_semi_2.o)
    0x080002c6   0x080002c6   0x000000f0   Code   RO         1487    .text               c_w.l(lludivv7m.o)
    0x080003b6   0x080003b6   0x00000002   PAD
    0x080003b8   0x080003b8   0x00000018   Code   RO         1493    .text               c_w.l(noretval__2printf.o)
    0x080003d0   0x080003d0   0x0000004e   Code   RO         1499    .text               c_w.l(_printf_pad.o)
    0x0800041e   0x0800041e   0x00000052   Code   RO         1501    .text               c_w.l(_printf_str.o)
    0x08000470   0x08000470   0x00000078   Code   RO         1503    .text               c_w.l(_printf_dec.o)
    0x080004e8   0x080004e8   0x00000058   Code   RO         1508    .text               c_w.l(_printf_hex_int.o)
    0x08000540   0x08000540   0x00000188   Code   RO         1543    .text               c_w.l(__printf_flags_ss_wp.o)
    0x080006c8   0x080006c8   0x0000000c   Code   RO         1552    .text               c_w.l(putchar.o)
    0x080006d4   0x080006d4   0x0000002c   Code   RO         1554    .text               c_w.l(puts.o)
    0x08000700   0x08000700   0x0000004e   Code   RO         1556    .text               c_w.l(rt_memclr_w.o)
    0x0800074e   0x0800074e   0x00000006   Code   RO         1558    .text               c_w.l(heapauxi.o)
    0x08000754   0x08000754   0x00000002   Code   RO         1588    .text               c_w.l(use_no_semi.o)
    0x08000756   0x08000756   0x000000b2   Code   RO         1595    .text               c_w.l(_printf_intcommon.o)
    0x08000808   0x08000808   0x0000041c   Code   RO         1597    .text               c_w.l(_printf_fp_dec.o)
    0x08000c24   0x08000c24   0x00000030   Code   RO         1601    .text               c_w.l(_printf_char_common.o)
    0x08000c54   0x08000c54   0x0000002c   Code   RO         1605    .text               c_w.l(_printf_char.o)
    0x08000c80   0x08000c80   0x00000024   Code   RO         1607    .text               c_w.l(_printf_char_file.o)
    0x08000ca4   0x08000ca4   0x00000008   Code   RO         1641    .text               c_w.l(rt_locale_intlibspace.o)
    0x08000cac   0x08000cac   0x0000008a   Code   RO         1643    .text               c_w.l(lludiv10.o)
    0x08000d36   0x08000d36   0x00000002   PAD
    0x08000d38   0x08000d38   0x00000080   Code   RO         1645    .text               c_w.l(_printf_fp_infnan.o)
    0x08000db8   0x08000db8   0x000000e4   Code   RO         1649    .text               c_w.l(bigflt0.o)
    0x08000e9c   0x08000e9c   0x00000008   Code   RO         1676    .text               c_w.l(ferror.o)
    0x08000ea4   0x08000ea4   0x00000008   Code   RO         1689    .text               c_w.l(libspace.o)
    0x08000eac   0x08000eac   0x0000004a   Code   RO         1692    .text               c_w.l(sys_stackheap_outer.o)
    0x08000ef6   0x08000ef6   0x00000012   Code   RO         1696    .text               c_w.l(exit.o)
    0x08000f08   0x08000f08   0x0000007c   Code   RO         1702    .text               c_w.l(strcmpv7em.o)
    0x08000f84   0x08000f84   0x00000002   Code   RO           32    .text.BusFault_Handler  stm32f4xx_it.o
    0x08000f86   0x08000f86   0x00000002   PAD
    0x08000f88   0x08000f88   0x0000007c   Code   RO         1305    .text.CAN1_RX0_IRQHandler  can.o
    0x08001004   0x08001004   0x00000090   Code   RO         1303    .text.CAN_Config    can.o
    0x08001094   0x08001094   0x00000064   Code   RO         1301    .text.CAN_Filter_Config  can.o
    0x080010f8   0x080010f8   0x00000002   Code   RO           38    .text.DebugMon_Handler  stm32f4xx_it.o
    0x080010fa   0x080010fa   0x00000002   PAD
    0x080010fc   0x080010fc   0x00000010   Code   RO         1361    .text.EXTI2_IRQHandler  exti.o
    0x0800110c   0x0800110c   0x00000014   Code   RO         1363    .text.EXTI3_IRQHandler  exti.o
    0x08001120   0x08001120   0x00000008   Code   RO         1313    .text.Error_Handler  can.o
    0x08001128   0x08001128   0x00000026   Code   RO         1144    .text.HAL_CAN_ActivateNotification  stm32f4xx_hal_can.o
    0x0800114e   0x0800114e   0x00000098   Code   RO         1130    .text.HAL_CAN_AddTxMessage  stm32f4xx_hal_can.o
    0x080011e6   0x080011e6   0x00000002   PAD
    0x080011e8   0x080011e8   0x000000d4   Code   RO         1120    .text.HAL_CAN_ConfigFilter  stm32f4xx_hal_can.o
    0x080012bc   0x080012bc   0x00000020   Code   RO         1142    .text.HAL_CAN_GetRxFifoFillLevel  stm32f4xx_hal_can.o
    0x080012dc   0x080012dc   0x00000104   Code   RO         1140    .text.HAL_CAN_GetRxMessage  stm32f4xx_hal_can.o
    0x080013e0   0x080013e0   0x00000028   Code   RO         1134    .text.HAL_CAN_GetTxMailboxesFreeLevel  stm32f4xx_hal_can.o
    0x08001408   0x08001408   0x000000f0   Code   RO         1110    .text.HAL_CAN_Init  stm32f4xx_hal_can.o
    0x080014f8   0x080014f8   0x00000088   Code   RO         1299    .text.HAL_CAN_MspInit  can.o
    0x08001580   0x08001580   0x00000056   Code   RO         1122    .text.HAL_CAN_Start  stm32f4xx_hal_can.o
    0x080015d6   0x080015d6   0x0000008a   Code   RO         1085    .text.HAL_DMA_Abort  stm32f4xx_hal_dma.o
    0x08001660   0x08001660   0x00000024   Code   RO         1087    .text.HAL_DMA_Abort_IT  stm32f4xx_hal_dma.o
    0x08001684   0x08001684   0x00000006   Code   RO           74    .text.HAL_Delay     delay.o
    0x0800168a   0x0800168a   0x00000002   PAD
    0x0800168c   0x0800168c   0x00000064   Code   RO         1365    .text.HAL_GPIO_EXTI_Callback  exti.o
    0x080016f0   0x080016f0   0x00000014   Code   RO          287    .text.HAL_GPIO_EXTI_IRQHandler  stm32f4xx_hal_gpio.o
    0x08001704   0x08001704   0x000001ac   Code   RO          275    .text.HAL_GPIO_Init  stm32f4xx_hal_gpio.o
    0x080018b0   0x080018b0   0x0000000a   Code   RO          279    .text.HAL_GPIO_ReadPin  stm32f4xx_hal_gpio.o
    0x080018ba   0x080018ba   0x00000002   PAD
    0x080018bc   0x080018bc   0x0000000c   Code   RO          189    .text.HAL_GetREVID  stm32f4xx_hal.o
    0x080018c8   0x080018c8   0x00000008   Code   RO          173    .text.HAL_GetTick   stm32f4xx_hal.o
    0x080018d0   0x080018d0   0x00000014   Code   RO          171    .text.HAL_IncTick   stm32f4xx_hal.o
    0x080018e4   0x080018e4   0x0000002c   Code   RO          161    .text.HAL_Init      stm32f4xx_hal.o
    0x08001910   0x08001910   0x0000003c   Code   RO          163    .text.HAL_InitTick  stm32f4xx_hal.o
    0x0800194c   0x0800194c   0x00000002   Code   RO          165    .text.HAL_MspInit   stm32f4xx_hal.o
    0x0800194e   0x0800194e   0x00000002   PAD
    0x08001950   0x08001950   0x0000001c   Code   RO          232    .text.HAL_NVIC_EnableIRQ  stm32f4xx_hal_cortex.o
    0x0800196c   0x0800196c   0x00000038   Code   RO          228    .text.HAL_NVIC_SetPriority  stm32f4xx_hal_cortex.o
    0x080019a4   0x080019a4   0x00000020   Code   RO          226    .text.HAL_NVIC_SetPriorityGrouping  stm32f4xx_hal_cortex.o
    0x080019c4   0x080019c4   0x00000128   Code   RO          304    .text.HAL_RCC_ClockConfig  stm32f4xx_hal_rcc.o
    0x08001aec   0x08001aec   0x00000014   Code   RO          316    .text.HAL_RCC_GetPCLK1Freq  stm32f4xx_hal_rcc.o
    0x08001b00   0x08001b00   0x00000020   Code   RO          318    .text.HAL_RCC_GetPCLK2Freq  stm32f4xx_hal_rcc.o
    0x08001b20   0x08001b20   0x0000005c   Code   RO          306    .text.HAL_RCC_GetSysClockFreq  stm32f4xx_hal_rcc.o
    0x08001b7c   0x08001b7c   0x00000324   Code   RO          302    .text.HAL_RCC_OscConfig  stm32f4xx_hal_rcc.o
    0x08001ea0   0x08001ea0   0x00000014   Code   RO          260    .text.HAL_SYSTICK_CLKSourceConfig  stm32f4xx_hal_cortex.o
    0x08001eb4   0x08001eb4   0x00000028   Code   RO          240    .text.HAL_SYSTICK_Config  stm32f4xx_hal_cortex.o
    0x08001edc   0x08001edc   0x00000074   Code   RO          960    .text.HAL_TIMEx_MasterConfigSynchronization  stm32f4xx_hal_tim_ex.o
    0x08001f50   0x08001f50   0x00000058   Code   RO          651    .text.HAL_TIM_Base_Init  stm32f4xx_hal_tim.o
    0x08001fa8   0x08001fa8   0x00000002   Code   RO          653    .text.HAL_TIM_Base_MspInit  stm32f4xx_hal_tim.o
    0x08001faa   0x08001faa   0x00000002   PAD
    0x08001fac   0x08001fac   0x0000007c   Code   RO          665    .text.HAL_TIM_Base_Start_IT  stm32f4xx_hal_tim.o
    0x08002028   0x08002028   0x000000a6   Code   RO          765    .text.HAL_TIM_Encoder_Init  stm32f4xx_hal_tim.o
    0x080020ce   0x080020ce   0x00000002   PAD
    0x080020d0   0x080020d0   0x00000068   Code   RO          147    .text.HAL_TIM_Encoder_MspInit  tim.o
    0x08002138   0x08002138   0x0000008e   Code   RO          773    .text.HAL_TIM_Encoder_Start  stm32f4xx_hal_tim.o
    0x080021c6   0x080021c6   0x00000002   Code   RO          599    .text.HAL_UARTEx_RxEventCallback  stm32f4xx_hal_uart.o
    0x080021c8   0x080021c8   0x00000002   Code   RO          597    .text.HAL_UART_ErrorCallback  stm32f4xx_hal_uart.o
    0x080021ca   0x080021ca   0x0000000e   Code   RO          619    .text.HAL_UART_GetState  stm32f4xx_hal_uart.o
    0x080021d8   0x080021d8   0x00000224   Code   RO          591    .text.HAL_UART_IRQHandler  stm32f4xx_hal_uart.o
    0x080023fc   0x080023fc   0x0000005c   Code   RO          511    .text.HAL_UART_Init  stm32f4xx_hal_uart.o
    0x08002458   0x08002458   0x0000009c   Code   RO          123    .text.HAL_UART_MspInit  usart.o
    0x080024f4   0x080024f4   0x0000002e   Code   RO          535    .text.HAL_UART_Receive_IT  stm32f4xx_hal_uart.o
    0x08002522   0x08002522   0x00000002   PAD
    0x08002524   0x08002524   0x00000054   Code   RO          125    .text.HAL_UART_RxCpltCallback  usart.o
    0x08002578   0x08002578   0x00000002   Code   RO          601    .text.HAL_UART_TxCpltCallback  stm32f4xx_hal_uart.o
    0x0800257a   0x0800257a   0x00000002   Code   RO           28    .text.HardFault_Handler  stm32f4xx_it.o
    0x0800257c   0x0800257c   0x00000038   Code   RO         1297    .text.MX_CAN1_Init  can.o
    0x080025b4   0x080025b4   0x0000005c   Code   RO          145    .text.MX_TIM5_Init  tim.o
    0x08002610   0x08002610   0x00000002   Code   RO           30    .text.MemManage_Handler  stm32f4xx_it.o
    0x08002612   0x08002612   0x00000002   Code   RO           26    .text.NMI_Handler   stm32f4xx_it.o
    0x08002614   0x08002614   0x00000002   Code   RO           40    .text.PendSV_Handler  stm32f4xx_it.o
    0x08002616   0x08002616   0x00000002   Code   RO           36    .text.SVC_Handler   stm32f4xx_it.o
    0x08002618   0x08002618   0x00000004   Code   RO           42    .text.SysTick_Handler  stm32f4xx_it.o
    0x0800261c   0x0800261c   0x00000010   Code   RO           52    .text.SystemInit    system_stm32f4xx.o
    0x0800262c   0x0800262c   0x00000030   Code   RO         1440    .text.TIM4_IRQHandler  usmart_port.o
    0x0800265c   0x0800265c   0x000000d4   Code   RO          655    .text.TIM_Base_SetConfig  stm32f4xx_hal_tim.o
    0x08002730   0x08002730   0x0000001e   Code   RO          689    .text.TIM_CCxChannelCmd  stm32f4xx_hal_tim.o
    0x0800274e   0x0800274e   0x0000000c   Code   RO          595    .text.UART_DMAAbortOnError  stm32f4xx_hal_uart.o
    0x0800275a   0x0800275a   0x0000002c   Code   RO          557    .text.UART_EndRxTransfer  stm32f4xx_hal_uart.o
    0x08002786   0x08002786   0x000000a4   Code   RO          593    .text.UART_Receive_IT  stm32f4xx_hal_uart.o
    0x0800282a   0x0800282a   0x00000002   PAD
    0x0800282c   0x0800282c   0x000000c8   Code   RO          515    .text.UART_SetConfig  stm32f4xx_hal_uart.o
    0x080028f4   0x080028f4   0x00000034   Code   RO          537    .text.UART_Start_Receive_IT  stm32f4xx_hal_uart.o
    0x08002928   0x08002928   0x0000003c   Code   RO          127    .text.USART1_IRQHandler  usart.o
    0x08002964   0x08002964   0x00000002   Code   RO           34    .text.UsageFault_Handler  stm32f4xx_it.o
    0x08002966   0x08002966   0x00000002   PAD
    0x08002968   0x08002968   0x00000024   Code   RO          230    .text.__NVIC_SetPriority  stm32f4xx_hal_cortex.o
    0x0800298c   0x0800298c   0x00000002   Code   RO          115    .text._sys_exit     usart.o
    0x0800298e   0x0800298e   0x00000002   PAD
    0x08002990   0x08002990   0x00000050   Code   RO         1307    .text.can_receive_msg  can.o
    0x080029e0   0x080029e0   0x00000044   Code   RO         1309    .text.can_send_msg  can.o
    0x08002a24   0x08002a24   0x00000010   Code   RO           68    .text.delay_init    delay.o
    0x08002a34   0x08002a34   0x00000038   Code   RO           72    .text.delay_ms      delay.o
    0x08002a6c   0x08002a6c   0x00000034   Code   RO           70    .text.delay_us      delay.o
    0x08002aa0   0x08002aa0   0x00000038   Code   RO         1352    .text.encoder_init  gpio.o
    0x08002ad8   0x08002ad8   0x00000014   Code   RO          119    .text.fputc         usart.o
    0x08002aec   0x08002aec   0x00000028   Code   RO         1241    .text.lcd_clear     lcd.o
    0x08002b14   0x08002b14   0x000000b0   Code   RO         1233    .text.lcd_display_dir  lcd.o
    0x08002bc4   0x08002bc4   0x000000cc   Code   RO         1253    .text.lcd_draw_circle  lcd.o
    0x08002c90   0x08002c90   0x000000a4   Code   RO         1247    .text.lcd_draw_line  lcd.o
    0x08002d34   0x08002d34   0x00000014   Code   RO         1229    .text.lcd_draw_point  lcd.o
    0x08002d48   0x08002d48   0x00000050   Code   RO         1251    .text.lcd_draw_rectangle  lcd.o
    0x08002d98   0x08002d98   0x00000044   Code   RO         1243    .text.lcd_fill      lcd.o
    0x08002ddc   0x08002ddc   0x00000014   Code   RO         1261    .text.lcd_pow       lcd.o
    0x08002df0   0x08002df0   0x00000074   Code   RO         1219    .text.lcd_read_point  lcd.o
    0x08002e64   0x08002e64   0x00000164   Code   RO         1227    .text.lcd_scan_dir  lcd.o
    0x08002fc8   0x08002fc8   0x000000e0   Code   RO         1221    .text.lcd_set_cursor  lcd.o
    0x080030a8   0x080030a8   0x000000f4   Code   RO         1257    .text.lcd_show_char  lcd.o
    0x0800319c   0x0800319c   0x000000a4   Code   RO         1259    .text.lcd_show_num  lcd.o
    0x08003240   0x08003240   0x00000058   Code   RO         1265    .text.lcd_show_string  lcd.o
    0x08003298   0x08003298   0x000000b8   Code   RO         1263    .text.lcd_show_xnum  lcd.o
    0x08003350   0x08003350   0x00000020   Code   RO         1205    .text.lcd_wr_data   lcd.o
    0x08003370   0x08003370   0x0000001c   Code   RO         1203    .text.lcd_wr_regno  lcd.o
    0x0800338c   0x0800338c   0x0000000c   Code   RO         1213    .text.lcd_write_reg  lcd.o
    0x08003398   0x08003398   0x00000104   Code   RO           11    .text.main          main.o
    0x0800349c   0x0800349c   0x00000004   PAD
    0x080034a0   0x080034a0   0x00000068   Code   RO         1327    .text.motor_torque_control  motor_ctrl.o
    0x08003508   0x08003508   0x00000004   Code   RO         1408    .text.read_addr     usmart.o
    0x0800350c   0x0800350c   0x00000004   PAD
    0x08003510   0x08003510   0x000000d0   Code   RO         1337    .text.read_motor_State2  motor_ctrl.o
    0x080035e0   0x080035e0   0x000000c4   Code   RO          102    .text.sys_stm32_clock_init  sys.o
    0x080036a4   0x080036a4   0x00000004   PAD
    0x080036a8   0x080036a8   0x0000006c   Code   RO           13    .text.updateEncoderAngle  main.o
    0x08003714   0x08003714   0x00000038   Code   RO          121    .text.usart_init    usart.o
    0x0800374c   0x0800374c   0x000000a0   Code   RO         1402    .text.usmart_cmd_rec  usmart.o
    0x080037ec   0x080037ec   0x0000024c   Code   RO         1404    .text.usmart_exe    usmart.o
    0x08003a38   0x08003a38   0x000000ec   Code   RO         1468    .text.usmart_get_aparm  usmart_str.o
    0x08003b24   0x08003b24   0x0000002c   Code   RO         1462    .text.usmart_get_cmdname  usmart_str.o
    0x08003b50   0x08003b50   0x00000180   Code   RO         1466    .text.usmart_get_fname  usmart_str.o
    0x08003cd0   0x08003cd0   0x000000f4   Code   RO         1472    .text.usmart_get_fparam  usmart_str.o
    0x08003dc4   0x08003dc4   0x00000024   Code   RO         1432    .text.usmart_get_input_string  usmart_port.o
    0x08003de8   0x08003de8   0x00000018   Code   RO         1470    .text.usmart_get_parmpos  usmart_str.o
    0x08003e00   0x08003e00   0x0000001c   Code   RO         1400    .text.usmart_init   usmart.o
    0x08003e1c   0x08003e1c   0x00000010   Code   RO         1458    .text.usmart_pow    usmart_str.o
    0x08003e2c   0x08003e2c   0x0000008c   Code   RO         1406    .text.usmart_scan   usmart.o
    0x08003eb8   0x08003eb8   0x0000000c   Code   RO         1464    .text.usmart_search_nextc  usmart_str.o
    0x08003ec4   0x08003ec4   0x000000e4   Code   RO         1460    .text.usmart_str2num  usmart_str.o
    0x08003fa8   0x08003fa8   0x00000018   Code   RO         1452    .text.usmart_strcmp  usmart_str.o
    0x08003fc0   0x08003fc0   0x00000010   Code   RO         1454    .text.usmart_strcopy  usmart_str.o
    0x08003fd0   0x08003fd0   0x00000010   Code   RO         1456    .text.usmart_strlen  usmart_str.o
    0x08003fe0   0x08003fe0   0x00000300   Code   RO         1398    .text.usmart_sys_cmd_exe  usmart.o
    0x080042e0   0x080042e0   0x00000024   Code   RO         1436    .text.usmart_timx_get_time  usmart_port.o
    0x08004304   0x08004304   0x00000050   Code   RO         1438    .text.usmart_timx_init  usmart_port.o
    0x08004354   0x08004354   0x00000028   Code   RO         1434    .text.usmart_timx_reset_time  usmart_port.o
    0x0800437c   0x0800437c   0x00000004   Code   RO         1410    .text.write_addr    usmart.o
    0x08004380   0x08004380   0x0000003e   Code   RO         1652    CL$$btod_d2e        c_w.l(btod.o)
    0x080043be   0x080043be   0x00000046   Code   RO         1654    CL$$btod_d2e_denorm_low  c_w.l(btod.o)
    0x08004404   0x08004404   0x00000060   Code   RO         1653    CL$$btod_d2e_norm_op1  c_w.l(btod.o)
    0x08004464   0x08004464   0x00000338   Code   RO         1662    CL$$btod_div_common  c_w.l(btod.o)
    0x0800479c   0x0800479c   0x000000dc   Code   RO         1659    CL$$btod_e2e        c_w.l(btod.o)
    0x08004878   0x08004878   0x0000002a   Code   RO         1656    CL$$btod_ediv       c_w.l(btod.o)
    0x080048a2   0x080048a2   0x0000002a   Code   RO         1655    CL$$btod_emul       c_w.l(btod.o)
    0x080048cc   0x080048cc   0x00000244   Code   RO         1661    CL$$btod_mult_common  c_w.l(btod.o)
    0x08004b10   0x08004b10   0x00000030   Code   RO         1687    i.__ARM_fpclassify  m_wm.l(fpclassify.o)
    0x08004b40   0x08004b40   0x0000000e   Code   RO         1536    i._is_digit         c_w.l(__printf_wp.o)
    0x08004b4e   0x08004b4e   0x00000002   PAD
    0x08004b50   0x08004b50   0x0000002c   Code   RO         1681    locale$$code        c_w.l(lc_numeric_c.o)
    0x08004b7c   0x08004b7c   0x00000150   Code   RO         1562    x$fpl$dadd          fz_wm.l(daddsub_clz.o)
    0x08004ccc   0x08004ccc   0x00000018   Code   RO         1683    x$fpl$dcmpinf       fz_wm.l(dcmpi.o)
    0x08004ce4   0x08004ce4   0x000002b0   Code   RO         1571    x$fpl$ddiv          fz_wm.l(ddiv.o)
    0x08004f94   0x08004f94   0x00000078   Code   RO         1610    x$fpl$deqf          fz_wm.l(deqf.o)
    0x0800500c   0x0800500c   0x0000005e   Code   RO         1574    x$fpl$dfix          fz_wm.l(dfix.o)
    0x0800506a   0x0800506a   0x0000002e   Code   RO         1579    x$fpl$dflt          fz_wm.l(dflt_clz.o)
    0x08005098   0x08005098   0x00000026   Code   RO         1578    x$fpl$dfltu         fz_wm.l(dflt_clz.o)
    0x080050be   0x080050be   0x00000002   PAD
    0x080050c0   0x080050c0   0x00000078   Code   RO         1612    x$fpl$dgeqf         fz_wm.l(dgeqf.o)
    0x08005138   0x08005138   0x00000078   Code   RO         1614    x$fpl$dleqf         fz_wm.l(dleqf.o)
    0x080051b0   0x080051b0   0x00000154   Code   RO         1584    x$fpl$dmul          fz_wm.l(dmul.o)
    0x08005304   0x08005304   0x0000009c   Code   RO         1616    x$fpl$dnaninf       fz_wm.l(dnaninf.o)
    0x080053a0   0x080053a0   0x0000000c   Code   RO         1618    x$fpl$dretinf       fz_wm.l(dretinf.o)
    0x080053ac   0x080053ac   0x000001d4   Code   RO         1564    x$fpl$dsub          fz_wm.l(daddsub_clz.o)
    0x08005580   0x08005580   0x00000054   Code   RO         1568    x$fpl$fcmp          fz_wm.l(dcmp.o)
    0x080055d4   0x080055d4   0x0000001a   Code   RO         1767    x$fpl$fpinit        fz_wm.l(fpinit.o)
    0x080055ee   0x080055ee   0x00000004   Code   RO         1586    x$fpl$printf1       fz_wm.l(printf1.o)
    0x080055f2   0x080055f2   0x00000000   Code   RO         1620    x$fpl$usenofp       fz_wm.l(usenofp.o)
    0x080055f2   0x080055f2   0x00000028   Data   RO         1509    .constdata          c_w.l(_printf_hex_int.o)
    0x0800561a   0x0800561a   0x00000011   Data   RO         1544    .constdata          c_w.l(__printf_flags_ss_wp.o)
    0x0800562b   0x0800562b   0x00000001   PAD
    0x0800562c   0x0800562c   0x00000094   Data   RO         1650    .constdata          c_w.l(bigflt0.o)
    0x080056c0   0x080056c0   0x00000010   Data   RO           57    .rodata.AHBPrescTable  system_stm32f4xx.o
    0x080056d0   0x080056d0   0x00000008   Data   RO           58    .rodata.APBPrescTable  system_stm32f4xx.o
    0x080056d8   0x080056d8   0x00000474   Data   RO         1267    .rodata.asc2_1206   lcd.o
    0x08005b4c   0x08005b4c   0x000005f0   Data   RO         1268    .rodata.asc2_1608   lcd.o
    0x0800613c   0x0800613c   0x00000d5c   Data   RO         1269    .rodata.asc2_2412   lcd.o
    0x08006e98   0x08006e98   0x000017c0   Data   RO         1270    .rodata.asc2_3216   lcd.o
    0x08008658   0x08008658   0x000003b3   Data   RO         1412    .rodata.str1.1      usmart.o
    0x08008a0b   0x08008a0b   0x0000040a   Data   RO         1423    .rodata.str1.1      usmart_config.o
    0x08008e15   0x08008e15   0x00000005   Data   RO         1474    .rodata.str1.1      usmart_str.o
    0x08008e1a   0x08008e1a   0x00000002   PAD
    0x08008e1c   0x08008e1c   0x00000020   Data   RO         1828    Region$$Table       anon$$obj.o
    0x08008e3c   0x08008e3c   0x0000001c   Data   RO         1680    locale$$data        c_w.l(lc_numeric_c.o)


    Execution Region RW_IRAM1 (Exec base: 0x20000000, Load base: 0x08008e58, Size: 0x00000908, Max: 0x00020000, ABSOLUTE, COMPRESSED[0x000000c8])

    Exec Addr    Load Addr    Size         Type   Attr      Idx    E Section Name        Object

    0x20000000   COMPRESSED   0x00000004   Data   RW           15    .ARM.use_no_argv    main.o
    0x20000004   COMPRESSED   0x00000008   Data   RW          216    .data..L_MergedGlobals  stm32f4xx_hal.o
    0x2000000c   COMPRESSED   0x00000004   Data   RW           56    .data.SystemCoreClock  system_stm32f4xx.o
    0x20000010   COMPRESSED   0x00000004   Data   RW         1272    .data.g_back_color  lcd.o
    0x20000014   COMPRESSED   0x0000001c   Data   RW         1413    .data.sys_cmd_tab   usmart.o
    0x20000030   COMPRESSED   0x000000f4   Data   RW         1425    .data.usmart_dev    usmart_config.o
    0x20000124   COMPRESSED   0x00000080   Data   RW         1424    .data.usmart_nametab  usmart_config.o
    0x200001a4   COMPRESSED   0x00000004   PAD
    0x200001a8        -       0x00000060   Zero   RW         1690    .bss                c_w.l(libspace.o)
    0x20000208        -       0x00000030   Zero   RW           16    .bss..L_MergedGlobals  main.o
    0x20000238        -       0x00000048   Zero   RW          135    .bss..L_MergedGlobals  usart.o
    0x20000280        -       0x00000060   Zero   RW         1273    .bss..L_MergedGlobals  lcd.o
    0x200002e0        -       0x00000068   Zero   RW         1317    .bss..L_MergedGlobals  can.o
    0x20000348        -       0x00000004   Zero   RW         1315    .bss.IQ             can.o
    0x2000034c        -       0x00000054   Zero   RW          134    .bss.__stdout       usart.o
    0x200003a0        -       0x00000004   Zero   RW         1369    .bss.encoder_count  exti.o
    0x200003a4        -       0x00000004   Zero   RW           76    .bss.g_fac_us       delay.o
    0x200003a8        -       0x00000048   Zero   RW         1442    .bss.g_timx_usmart_handle  usmart_port.o
    0x200003f0        -       0x000000c8   Zero   RW          133    .bss.g_usart_rx_buf  usart.o
    0x200004b8        -       0x00000048   Zero   RW          151    .bss.htim5          tim.o
    0x20000500        -       0x00000004   Zero   RW          215    .bss.uwTick         stm32f4xx_hal.o
    0x20000504   COMPRESSED   0x00000004   PAD
    0x20000508        -       0x00000000   Zero   RW            2    HEAP                startup_stm32f407xx.o
    0x20000508        -       0x00000400   Zero   RW            1    STACK               startup_stm32f407xx.o


==============================================================================

Image component sizes


      Code (inc. data)   RO Data    RW Data    ZI Data      Debug   Object Name

       716        188          0          0        108       6701   can.o
       130         12          0          0          4       1815   delay.o
       136         52          0          0          4       4512   exti.o
        56          4          0          0          0       1491   gpio.o
      2220        126      12160          4         96      19632   lcd.o
       368         72          0          4         48       1498   main.o
       312         64          0          0          0       2755   motor_ctrl.o
        76         28        392          0       1024       1000   startup_stm32f407xx.o
       146         16          0          8          4       7391   stm32f4xx_hal.o
      1060          4          0          0          0      11938   stm32f4xx_hal_can.o
       212         28          0          0          0       9984   stm32f4xx_hal_cortex.o
       174          0          0          0          0       8551   stm32f4xx_hal_dma.o
       458         28          0          0          0       5108   stm32f4xx_hal_gpio.o
      1244         48          0          0          0       7293   stm32f4xx_hal_rcc.o
       764         68          0          0          0      39870   stm32f4xx_hal_tim.o
       116          0          0          0          0      16937   stm32f4xx_hal_tim_ex.o
      1178          8          0          0          0      19144   stm32f4xx_hal_uart.o
        20          0          0          0          0       1032   stm32f4xx_it.o
       196          8          0          0          0       4646   sys.o
        16          4         24          4          0       2709   system_stm32f4xx.o
       196         12          0          0         72       5847   tim.o
       378         36          0          0        356       8744   usart.o
      1692        408        947         28          0       4510   usmart.o
         0          0       1034        372          0       1155   usmart_config.o
       240         32          0          0         72       7294   usmart_port.o
      1244          8          5          0          0       5663   usmart_str.o

    ----------------------------------------------------------------------
     13384       1262      14596        420       1796     207220   Object Totals
         0          0         32          0          0          0   (incl. Generated)
        36          8          2          0          8          0   (incl. Padding)

    ----------------------------------------------------------------------

      Code (inc. data)   RO Data    RW Data    ZI Data      Debug   Library Member Name

        58          0          0          0          0          0   __dczerorl.o
         8          0          0          0          0         68   __main.o
       392          4         17          0          0         92   __printf_flags_ss_wp.o
        14          0          0          0          0         68   __printf_wp.o
         0          0          0          0          0          0   __rtentry.o
        12          0          0          0          0          0   __rtentry2.o
         6          0          0          0          0          0   __rtentry4.o
        52          8          0          0          0          0   __scatter.o
        28          0          0          0          0          0   __scatter_zi.o
        44          0          0          0          0        108   _printf_char.o
        48          6          0          0          0         96   _printf_char_common.o
        36          4          0          0          0         80   _printf_char_file.o
         6          0          0          0          0          0   _printf_d.o
       120         16          0          0          0         92   _printf_dec.o
         6          0          0          0          0          0   _printf_f.o
      1052          0          0          0          0        148   _printf_fp_dec.o
       128         16          0          0          0         84   _printf_fp_infnan.o
        88          4         40          0          0         88   _printf_hex_int.o
       178          0          0          0          0         88   _printf_intcommon.o
        78          0          0          0          0        108   _printf_pad.o
         0          0          0          0          0          0   _printf_percent.o
         4          0          0          0          0          0   _printf_percent_end.o
         6          0          0          0          0          0   _printf_s.o
        82          0          0          0          0         80   _printf_str.o
         6          0          0          0          0          0   _printf_u.o
         6          0          0          0          0          0   _printf_x.o
       228          4        148          0          0         96   bigflt0.o
      1936        128          0          0          0        672   btod.o
        18          0          0          0          0         80   exit.o
         8          0          0          0          0         68   ferror.o
         6          0          0          0          0        152   heapauxi.o
        44         10         28          0          0         76   lc_numeric_c.o
         2          0          0          0          0          0   libinit.o
        22          0          0          0          0          0   libinit2.o
         2          0          0          0          0          0   libshutdown.o
         2          0          0          0          0          0   libshutdown2.o
         8          4          0          0         96         68   libspace.o
       138          0          0          0          0         80   lludiv10.o
       240          0          0          0          0        100   lludivv7m.o
        24          4          0          0          0         84   noretval__2printf.o
        12          6          0          0          0         68   putchar.o
        44          4          0          0          0         84   puts.o
         8          4          0          0          0         68   rt_locale_intlibspace.o
        78          0          0          0          0         80   rt_memclr_w.o
         2          0          0          0          0          0   rtexit.o
        10          0          0          0          0          0   rtexit2.o
       124          0          0          0          0         88   strcmpv7em.o
        74          0          0          0          0         80   sys_stackheap_outer.o
         2          0          0          0          0         68   use_no_semi.o
         2          0          0          0          0         68   use_no_semi_2.o
       804         16          0          0          0        376   daddsub_clz.o
        84          0          0          0          0        244   dcmp.o
        24          0          0          0          0        116   dcmpi.o
       688        140          0          0          0        264   ddiv.o
       120          4          0          0          0        140   deqf.o
        94          4          0          0          0        140   dfix.o
        84          0          0          0          0        232   dflt_clz.o
       120          4          0          0          0        140   dgeqf.o
       120          4          0          0          0        140   dleqf.o
       340         12          0          0          0        152   dmul.o
       156          4          0          0          0        140   dnaninf.o
        12          0          0          0          0        116   dretinf.o
        26          0          0          0          0        116   fpinit.o
         4          0          0          0          0        116   printf1.o
         0          0          0          0          0          0   usenofp.o
        48          0          0          0          0        124   fpclassify.o

    ----------------------------------------------------------------------
      8226        410        234          0         96       5836   Library Totals
        10          0          1          0          0          0   (incl. Padding)

    ----------------------------------------------------------------------

      Code (inc. data)   RO Data    RW Data    ZI Data      Debug   Library Name

      5492        222        233          0         96       3280   c_w.l
      2676        188          0          0          0       2432   fz_wm.l
        48          0          0          0          0        124   m_wm.l

    ----------------------------------------------------------------------
      8226        410        234          0         96       5836   Library Totals

    ----------------------------------------------------------------------

==============================================================================


      Code (inc. data)   RO Data    RW Data    ZI Data      Debug   

     21610       1672      14830        420       1892     209420   Grand Totals
     21610       1672      14830        200       1892     209420   ELF Image Totals (compressed)
     21610       1672      14830        200          0          0   ROM Totals

==============================================================================

    Total RO  Size (Code + RO Data)                36440 (  35.59kB)
    Total RW  Size (RW Data + ZI Data)              2312 (   2.26kB)
    Total ROM Size (Code + RO Data + RW Data)      36640 (  35.78kB)

==============================================================================

