<html>
<body>
<pre>
<h1>µVision Build Log</h1>
<h2>Tool Versions:</h2>
IDE-Version: ¦ÌVision V5.14.0.0
Copyright (C) 2015 ARM Ltd and ARM Germany GmbH. All rights reserved.
License Information: ouch Administrator, 1, LIC=ATTQ1-C51MJ-NNIAF-615JW-7AGNI-9GD5I
 
Tool Versions:
Toolchain:       MDK-ARM Standard  Version: 5.14.0.0
Toolchain Path:  D:\Keil_v5\ARM\ARMCC\Bin
C Compiler:      Armcc.exe V5.05 update 1 (build 106)
Assembler:       Armasm.exe V5.05 update 1 (build 106)
Linker/Locator:  ArmLink.exe V5.05 update 1 (build 106)
Library Manager: ArmAr.exe V5.05 update 1 (build 106)
Hex Converter:   FromElf.exe V5.05 update 1 (build 106)
CPU DLL:         SARMCM3.DLL V5.14.0.0
Dialog DLL:      DCM.DLL V1.13.1.0
Target DLL:      STLink\ST-LINKIII-KEIL_SWO.dll V2.0.14.0_KEIL
Dialog DLL:      TCM.DLL V1.14.4.0
 
<h2>Project:</h2>
E:\GitHub\Mac_win\Mac_Win\sugical_robot\EE_control\CAN_motor\Projects\MDK-ARM\atk_f407.uvprojx
Project File Date:  05/20/2024

<h2>Output:</h2>
Build target 'CAN'
compiling main.c...
..\..\Drivers\./BSP/CAN/can.h(75): warning:  #1295-D: Deprecated declaration CAN_Filter_Config - give arg types
  void CAN_Filter_Config();
..\..\Drivers\./BSP/CAN/can.h(75): warning:  #1295-D: Deprecated declaration CAN_Filter_Config - give arg types
  void CAN_Filter_Config();
..\..\User\main.c(57): warning:  #1295-D: Deprecated declaration update_encoder_angle - give arg types
  void update_encoder_angle();
..\..\User\main.c(58): warning:  #1295-D: Deprecated declaration send_CAN_array - give arg types
  void send_CAN_array(); 
..\..\User\main.c(62): warning:  #1295-D: Deprecated declaration display_encoder_angle - give arg types
  void display_encoder_angle();
..\..\User\main.c(115): warning:  #111-D: statement is unreachable
                                update_encoder_angle();
..\..\User\main.c(90): warning:  #177-D: variable "cnt" was declared but never referenced
                uint16_t cnt = 0;
..\..\User\main.c(91): warning:  #177-D: variable "last_cnt" was declared but never referenced
      uint16_t last_cnt = 0;
..\..\User\main.c(92): warning:  #177-D: variable "opt_cnt" was declared but never referenced
      int opt_cnt = 0;
..\..\User\main.c(93): warning:  #177-D: variable "can_id" was declared but never referenced
                uint32_t can_id = 0x1;
..\..\User\main.c(94): warning:  #177-D: variable "i" was declared but never referenced
                    uint16_t i, j;
..\..\User\main.c(94): warning:  #177-D: variable "j" was declared but never referenced
                    uint16_t i, j;
..\..\User\main.c(95): warning:  #177-D: variable "adcx" was declared but never referenced
      uint16_t adcx;
..\..\User\main.c(96): warning:  #177-D: variable "sum" was declared but never referenced
      uint32_t sum;
..\..\User\main.c(97): warning:  #177-D: variable "temp" was declared but never referenced
                float temp;
..\..\User\main.c(26): warning:  #177-D: variable "iqControl" was declared but never referenced
  static uint16_t iqControl = 15;
..\..\User\main.c(27): warning:  #177-D: variable "speedControl" was declared but never referenced
  static uint32_t speedControl = 150;
..\..\User\main.c: 17 warnings, 0 errors
linking...
Program Size: Code=19444 RO-data=13772 RW-data=448 ZI-data=2664  
FromELF: creating hex file...
"..\..\Output\atk_f407.axf" - 0 Error(s), 17 Warning(s).

<h2>Collection of Component include folders:</h2>
  E:\GitHub\Mac_win\Mac_Win\sugical_robot\EE_control\CAN_motor\Projects\MDK-ARM\RTE
  D:\Keil_v5\ARM\PACK\Keil\STM32F4xx_DFP\2.15.0

<h2>Collection of Component Files used:</h2>
</pre>
</body>
</html>
