<html>
<body>
<pre>
<h1>µVision Build Log</h1>
<h2>Tool Versions:</h2>
IDE-Version: ¦ÌVision V5.14.0.0
Copyright (C) 2015 ARM Ltd and ARM Germany GmbH. All rights reserved.
License Information: ouch Administrator, 1, LIC=ATTQ1-C51MJ-NNIAF-615JW-7AGNI-9GD5I
 
Tool Versions:
Toolchain:       MDK-ARM Standard  Version: 5.14.0.0
Toolchain Path:  D:\Keil_v5\ARM\ARMCC\Bin
C Compiler:      Armcc.exe V5.05 update 1 (build 106)
Assembler:       Armasm.exe V5.05 update 1 (build 106)
Linker/Locator:  ArmLink.exe V5.05 update 1 (build 106)
Library Manager: ArmAr.exe V5.05 update 1 (build 106)
Hex Converter:   FromElf.exe V5.05 update 1 (build 106)
CPU DLL:         SARMCM3.DLL V5.14.0.0
Dialog DLL:      DCM.DLL V1.13.1.0
Target DLL:      STLink\ST-LINKIII-KEIL_SWO.dll V2.0.14.0_KEIL
Dialog DLL:      TCM.DLL V1.14.4.0
 
<h2>Project:</h2>
E:\GitHub\Mac_win\Mac_Win\sugical_robot\EE_control\CAN_motor\Projects\MDK-ARM\atk_f407.uvprojx
Project File Date:  03/11/2024

<h2>Output:</h2>
Build target 'CAN'
compiling main.c...
..\..\Drivers\./BSP/CAN/can.h(69): warning:  #1295-D: Deprecated declaration CAN_Filter_Config - give arg types
  void CAN_Filter_Config();
..\..\Drivers\./BSP/CAN/can.h(77): warning:  #1295-D: Deprecated declaration CAN1_RX0_IRQHandler - give arg types
  void CAN1_RX0_IRQHandler();
..\..\User\main.c(82): warning:  #177-D: variable "cnt" was declared but never referenced
                uint16_t cnt = 0;
..\..\User\main.c(87): warning:  #177-D: variable "buffer" was declared but never referenced
                char buffer[20];
..\..\User\main.c(43): warning:  #177-D: variable "speedControl" was declared but never referenced
  static uint32_t speedControl = 150;
..\..\User\main.c(44): warning:  #177-D: variable "txMailBox" was declared but never referenced
  static uint32_t txMailBox;
..\..\User\main.c: 6 warnings, 0 errors
linking...
Program Size: Code=25350 RO-data=13938 RW-data=476 ZI-data=1772  
FromELF: creating hex file...
"..\..\Output\atk_f407.axf" - 0 Error(s), 6 Warning(s).

<h2>Collection of Component include folders:</h2>
  E:\GitHub\Mac_win\Mac_Win\sugical_robot\EE_control\CAN_motor\Projects\MDK-ARM\RTE
  D:\Keil_v5\ARM\PACK\Keil\STM32F4xx_DFP\2.15.0

<h2>Collection of Component Files used:</h2>
</pre>
</body>
</html>
