Component: ARM Compiler 5.05 update 1 (build 106) Tool: armlink [4d0efa]

==============================================================================

Section Cross References

    startup_stm32f407xx.o(STACK) refers (Special) to heapauxi.o(.text) for __use_two_region_memory
    startup_stm32f407xx.o(HEAP) refers (Special) to heapauxi.o(.text) for __use_two_region_memory
    startup_stm32f407xx.o(RESET) refers (Special) to heapauxi.o(.text) for __use_two_region_memory
    startup_stm32f407xx.o(RESET) refers to startup_stm32f407xx.o(STACK) for __initial_sp
    startup_stm32f407xx.o(RESET) refers to startup_stm32f407xx.o(.text) for Reset_Handler
    startup_stm32f407xx.o(RESET) refers to stm32f4xx_it.o(i.NMI_Handler) for NMI_Handler
    startup_stm32f407xx.o(RESET) refers to stm32f4xx_it.o(i.HardFault_Handler) for HardFault_Handler
    startup_stm32f407xx.o(RESET) refers to stm32f4xx_it.o(i.MemManage_Handler) for MemManage_Handler
    startup_stm32f407xx.o(RESET) refers to stm32f4xx_it.o(i.BusFault_Handler) for BusFault_Handler
    startup_stm32f407xx.o(RESET) refers to stm32f4xx_it.o(i.UsageFault_Handler) for UsageFault_Handler
    startup_stm32f407xx.o(RESET) refers to stm32f4xx_it.o(i.SVC_Handler) for SVC_Handler
    startup_stm32f407xx.o(RESET) refers to stm32f4xx_it.o(i.DebugMon_Handler) for DebugMon_Handler
    startup_stm32f407xx.o(RESET) refers to stm32f4xx_it.o(i.PendSV_Handler) for PendSV_Handler
    startup_stm32f407xx.o(RESET) refers to stm32f4xx_it.o(i.SysTick_Handler) for SysTick_Handler
    startup_stm32f407xx.o(RESET) refers to exti.o(i.EXTI2_IRQHandler) for EXTI2_IRQHandler
    startup_stm32f407xx.o(RESET) refers to exti.o(i.EXTI3_IRQHandler) for EXTI3_IRQHandler
    startup_stm32f407xx.o(RESET) refers to can.o(i.CAN1_RX0_IRQHandler) for CAN1_RX0_IRQHandler
    startup_stm32f407xx.o(RESET) refers to usmart_port.o(i.TIM4_IRQHandler) for TIM4_IRQHandler
    startup_stm32f407xx.o(RESET) refers to usart.o(i.USART1_IRQHandler) for USART1_IRQHandler
    startup_stm32f407xx.o(.text) refers (Special) to heapauxi.o(.text) for __use_two_region_memory
    startup_stm32f407xx.o(.text) refers to system_stm32f4xx.o(i.SystemInit) for SystemInit
    startup_stm32f407xx.o(.text) refers to __main.o(!!!main) for __main
    startup_stm32f407xx.o(.text) refers to startup_stm32f407xx.o(HEAP) for Heap_Mem
    startup_stm32f407xx.o(.text) refers to startup_stm32f407xx.o(STACK) for Stack_Mem
    main.o(i.main) refers to stm32f4xx_hal.o(i.HAL_Init) for HAL_Init
    main.o(i.main) refers to sys.o(i.sys_stm32_clock_init) for sys_stm32_clock_init
    main.o(i.main) refers to delay.o(i.delay_init) for delay_init
    main.o(i.main) refers to usart.o(i.usart_init) for usart_init
    main.o(i.main) refers to gpio.o(i.encoder_init) for encoder_init
    main.o(i.main) refers to tim.o(i.MX_TIM5_Init) for MX_TIM5_Init
    main.o(i.main) refers to stm32f4xx_hal_tim.o(i.HAL_TIM_Encoder_Start) for HAL_TIM_Encoder_Start
    main.o(i.main) refers to can.o(i.CAN_Config) for CAN_Config
    main.o(i.main) refers to delay.o(i.delay_ms) for delay_ms
    main.o(i.main) refers to motor_ctrl.o(i.motor_torque_control) for motor_torque_control
    main.o(i.main) refers to delay.o(i.HAL_Delay) for HAL_Delay
    main.o(i.main) refers to main.o(i.send_CAN_array) for send_CAN_array
    main.o(i.main) refers to main.o(i.print_sent_data) for print_sent_data
    main.o(i.main) refers to usmart_config.o(.data) for usmart_dev
    main.o(i.main) refers to tim.o(.bss) for htim5
    main.o(i.main) refers to main.o(.bss) for .bss
    main.o(i.main) refers to main.o(.data) for .data
    main.o(i.print_sent_data) refers to _printf_percent.o(.ARM.Collect$$_printf_percent$$00000000) for _printf_percent
    main.o(i.print_sent_data) refers to _printf_f.o(.ARM.Collect$$_printf_percent$$00000003) for _printf_f
    main.o(i.print_sent_data) refers to printf1.o(x$fpl$printf1) for _printf_fp_dec
    main.o(i.print_sent_data) refers to noretval__2printf.o(.text) for __2printf
    main.o(i.print_sent_data) refers to f2d.o(x$fpl$f2d) for __aeabi_f2d
    main.o(i.send_CAN_array) refers to can.o(i.can_send_msg) for can_send_msg
    main.o(i.send_CAN_array) refers to delay.o(i.HAL_Delay) for HAL_Delay
    main.o(i.send_CAN_array) refers to main.o(.bss) for .bss
    main.o(i.send_CAN_num) refers to f2d.o(x$fpl$f2d) for __aeabi_f2d
    main.o(i.send_CAN_num) refers to can.o(i.can_send_msg) for can_send_msg
    main.o(i.send_CAN_num) refers to noretval__2printf.o(.text) for __2printf
    main.o(i.send_CAN_num) refers to main.o(.bss) for .bss
    main.o(i.updateEncoderAngle) refers to dflt_clz.o(x$fpl$dflt) for __aeabi_i2d
    main.o(i.updateEncoderAngle) refers to dmul.o(x$fpl$dmul) for __aeabi_dmul
    main.o(i.updateEncoderAngle) refers to tim.o(.bss) for htim5
    stm32f4xx_it.o(i.SysTick_Handler) refers to stm32f4xx_hal.o(i.HAL_IncTick) for HAL_IncTick
    system_stm32f4xx.o(i.SystemCoreClockUpdate) refers to system_stm32f4xx.o(.data) for .data
[...]
    i.fputc                                  0x08003550   Section        0  usart.o(i.fputc)
    i.lcd_clear                              0x08003564   Section        0  lcd.o(i.lcd_clear)
    i.lcd_display_dir                        0x08003594   Section        0  lcd.o(i.lcd_display_dir)
    i.lcd_draw_circle                        0x0800364c   Section        0  lcd.o(i.lcd_draw_circle)
    i.lcd_draw_line                          0x08003710   Section        0  lcd.o(i.lcd_draw_line)
    i.lcd_draw_point                         0x080037a8   Section        0  lcd.o(i.lcd_draw_point)
    i.lcd_draw_rectangle                     0x080037be   Section        0  lcd.o(i.lcd_draw_rectangle)
    i.lcd_fill                               0x08003802   Section        0  lcd.o(i.lcd_fill)
    i.lcd_pow                                0x08003848   Section        0  lcd.o(i.lcd_pow)
    lcd_pow                                  0x08003849   Thumb Code    16  lcd.o(i.lcd_pow)
    i.lcd_rd_data                            0x08003858   Section        0  lcd.o(i.lcd_rd_data)
    lcd_rd_data                              0x08003859   Thumb Code    20  lcd.o(i.lcd_rd_data)
    i.lcd_read_point                         0x0800386c   Section        0  lcd.o(i.lcd_read_point)
    i.lcd_scan_dir                           0x080038dc   Section        0  lcd.o(i.lcd_scan_dir)
    i.lcd_set_cursor                         0x08003a78   Section        0  lcd.o(i.lcd_set_cursor)
    i.lcd_show_char                          0x08003b68   Section        0  lcd.o(i.lcd_show_char)
    i.lcd_show_num                           0x08003c44   Section        0  lcd.o(i.lcd_show_num)
    i.lcd_show_string                        0x08003cb8   Section        0  lcd.o(i.lcd_show_string)
    i.lcd_show_xnum                          0x08003d0e   Section        0  lcd.o(i.lcd_show_xnum)
    i.lcd_wr_data                            0x08003d98   Section        0  lcd.o(i.lcd_wr_data)
    i.lcd_wr_regno                           0x08003db0   Section        0  lcd.o(i.lcd_wr_regno)
    i.lcd_write_ram_prepare                  0x08003dc8   Section        0  lcd.o(i.lcd_write_ram_prepare)
    i.lcd_write_reg                          0x08003ddc   Section        0  lcd.o(i.lcd_write_reg)
    i.main                                   0x08003de8   Section        0  main.o(i.main)
    i.motor_torque_control                   0x08003eac   Section        0  motor_ctrl.o(i.motor_torque_control)
    i.print_sent_data                        0x08003f38   Section        0  main.o(i.print_sent_data)
    i.read_addr                              0x08003f84   Section        0  usmart.o(i.read_addr)
    i.send_CAN_array                         0x08003f88   Section        0  main.o(i.send_CAN_array)
    i.sys_stm32_clock_init                   0x08003fd4   Section        0  sys.o(i.sys_stm32_clock_init)
    i.usart_init                             0x08004084   Section        0  usart.o(i.usart_init)
    i.usmart_cmd_rec                         0x080040bc   Section        0  usmart.o(i.usmart_cmd_rec)
    i.usmart_exe                             0x08004150   Section        0  usmart.o(i.usmart_exe)
    i.usmart_get_aparm                       0x080043b0   Section        0  usmart_str.o(i.usmart_get_aparm)
    i.usmart_get_cmdname                     0x08004454   Section        0  usmart_str.o(i.usmart_get_cmdname)
    i.usmart_get_fname                       0x08004484   Section        0  usmart_str.o(i.usmart_get_fname)
    i.usmart_get_fparam                      0x080045ec   Section        0  usmart_str.o(i.usmart_get_fparam)
    i.usmart_get_input_string                0x080046bc   Section        0  usmart_port.o(i.usmart_get_input_string)
    i.usmart_get_parmpos                     0x080046dc   Section        0  usmart_str.o(i.usmart_get_parmpos)
    i.usmart_init                            0x08004700   Section        0  usmart.o(i.usmart_init)
    i.usmart_pow                             0x08004728   Section        0  usmart_str.o(i.usmart_pow)
    i.usmart_scan                            0x08004738   Section        0  usmart.o(i.usmart_scan)
    i.usmart_search_nextc                    0x080047c8   Section        0  usmart_str.o(i.usmart_search_nextc)
    i.usmart_str2num                         0x080047d8   Section        0  usmart_str.o(i.usmart_str2num)
    i.usmart_strcmp                          0x080048ae   Section        0  usmart_str.o(i.usmart_strcmp)
    i.usmart_strcopy                         0x080048c6   Section        0  usmart_str.o(i.usmart_strcopy)
    i.usmart_strlen                          0x080048d8   Section        0  usmart_str.o(i.usmart_strlen)
    i.usmart_sys_cmd_exe                     0x080048ec   Section        0  usmart.o(i.usmart_sys_cmd_exe)
    i.usmart_timx_get_time                   0x08004f6c   Section        0  usmart_port.o(i.usmart_timx_get_time)
    i.usmart_timx_init                       0x08004f9c   Section        0  usmart_port.o(i.usmart_timx_init)
    i.usmart_timx_reset_time                 0x08004fec   Section        0  usmart_port.o(i.usmart_timx_reset_time)
    i.write_addr                             0x08005014   Section        0  usmart.o(i.write_addr)
    locale$$code                             0x08005018   Section       44  lc_numeric_c.o(locale$$code)
    x$fpl$basic                              0x08005044   Section       24  basic.o(x$fpl$basic)
    $v0                                      0x08005044   Number         0  basic.o(x$fpl$basic)
    x$fpl$d2f                                0x0800505c   Section       98  d2f.o(x$fpl$d2f)
    $v0                                      0x0800505c   Number         0  d2f.o(x$fpl$d2f)
    x$fpl$dadd                               0x080050c0   Section      336  daddsub_clz.o(x$fpl$dadd)
    $v0                                      0x080050c0   Number         0  daddsub_clz.o(x$fpl$dadd)
    _dadd1                                   0x080050d1   Thumb Code     0  daddsub_clz.o(x$fpl$dadd)
    x$fpl$dcmpinf                            0x08005210   Section       24  dcmpi.o(x$fpl$dcmpinf)
    $v0                                      0x08005210   Number         0  dcmpi.o(x$fpl$dcmpinf)
    x$fpl$ddiv                               0x08005228   Section      688  ddiv.o(x$fpl$ddiv)
    $v0                                      0x08005228   Number         0  ddiv.o(x$fpl$ddiv)
    ddiv_entry                               0x0800522f   Thumb Code     0  ddiv.o(x$fpl$ddiv)
    x$fpl$dfixu                              0x080054d8   Section       90  dfixu.o(x$fpl$dfixu)
    $v0                                      0x080054d8   Number         0  dfixu.o(x$fpl$dfixu)
    x$fpl$dfltu                              0x08005532   Section       38  dflt_clz.o(x$fpl$dfltu)
    $v0                                      0x08005532   Number         0  dflt_clz.o(x$fpl$dfltu)
    x$fpl$dleqf                              0x08005558   Section      120  dleqf.o(x$fpl$dleqf)
    $v0                                      0x08005558   Number         0  dleqf.o(x$fpl$dleqf)
    x$fpl$dmul                               0x080055d0   Section      340  dmul.o(x$fpl$dmul)
    $v0                                      0x080055d0   Number         0  dmul.o(x$fpl$dmul)
    x$fpl$dnaninf                            0x08005724   Section      156  dnaninf.o(x$fpl$dnaninf)
    $v0                                      0x08005724   Number         0  dnaninf.o(x$fpl$dnaninf)
    x$fpl$dretinf                            0x080057c0   Section       12  dretinf.o(x$fpl$dretinf)
    $v0                                      0x080057c0   Number         0  dretinf.o(x$fpl$dretinf)
    x$fpl$dsub                               0x080057cc   Section      468  daddsub_clz.o(x$fpl$dsub)
    $v0                                      0x080057cc   Number         0  daddsub_clz.o(x$fpl$dsub)
    _dsub1                                   0x080057dd   Thumb Code     0  daddsub_clz.o(x$fpl$dsub)
    x$fpl$f2d                                0x080059a0   Section       86  f2d.o(x$fpl$f2d)
    $v0                                      0x080059a0   Number         0  f2d.o(x$fpl$f2d)
    x$fpl$fnaninf                            0x080059f6   Section      140  fnaninf.o(x$fpl$fnaninf)
    $v0                                      0x080059f6   Number         0  fnaninf.o(x$fpl$fnaninf)
    x$fpl$fpinit                             0x08005a82   Section       10  fpinit.o(x$fpl$fpinit)
    $v0                                      0x08005a82   Number         0  fpinit.o(x$fpl$fpinit)
    x$fpl$fretinf                            0x08005a8c   Section       10  fretinf.o(x$fpl$fretinf)
    $v0                                      0x08005a8c   Number         0  fretinf.o(x$fpl$fretinf)
    x$fpl$printf1                            0x08005a96   Section        4  printf1.o(x$fpl$printf1)
    $v0                                      0x08005a96   Number         0  printf1.o(x$fpl$printf1)
    .constdata                               0x08005a9a   Section       16  system_stm32f4xx.o(.constdata)
    x$fpl$usenofp                            0x08005a9a   Section        0  usenofp.o(x$fpl$usenofp)
    .constdata                               0x08005aaa   Section        8  system_stm32f4xx.o(.constdata)
    .constdata                               0x08005ab2   Section    12160  lcd.o(.constdata)
    .constdata                               0x08008a32   Section       40  _printf_hex_int.o(.constdata)
    uc_hextab                                0x08008a32   Data          20  _printf_hex_int.o(.constdata)
    lc_hextab                                0x08008a46   Data          20  _printf_hex_int.o(.constdata)
    .constdata                               0x08008a5a   Section       17  __printf_flags_ss_wp.o(.constdata)
    maptable                                 0x08008a5a   Data          17  __printf_flags_ss_wp.o(.constdata)
    .constdata                               0x08008a6c   Section      148  bigflt0.o(.constdata)
    tenpwrs_x                                0x08008a6c   Data          60  bigflt0.o(.constdata)
    tenpwrs_i                                0x08008aa8   Data          64  bigflt0.o(.constdata)
    .conststring                             0x08008b00   Section       40  usmart.o(.conststring)
    .conststring                             0x08008b28   Section     1056  usmart_config.o(.conststring)
    locale$$data                             0x08008f68   Section       28  lc_numeric_c.o(locale$$data)
    __lcnum_c_name                           0x08008f6c   Data           2  lc_numeric_c.o(locale$$data)
    __lcnum_c_start                          0x08008f74   Data           0  lc_numeric_c.o(locale$$data)
    __lcnum_c_point                          0x08008f80   Data           0  lc_numeric_c.o(locale$$data)
    __lcnum_c_thousands                      0x08008f82   Data           0  lc_numeric_c.o(locale$$data)
    __lcnum_c_grouping                       0x08008f83   Data           0  lc_numeric_c.o(locale$$data)
    __lcnum_c_end                            0x08008f84   Data           0  lc_numeric_c.o(locale$$data)
    .data                                    0x20000000   Section        2  main.o(.data)
    motorId_yaw                              0x20000000   Data           1  main.o(.data)
    motorId_pitch                            0x20000001   Data           1  main.o(.data)
    .data                                    0x20000004   Section        4  system_stm32f4xx.o(.data)
    .data                                    0x20000008   Section        4  delay.o(.data)
    g_fac_us                                 0x20000008   Data           4  delay.o(.data)
    .data                                    0x2000000c   Section        4  usart.o(.data)
    .data                                    0x20000010   Section        4  usart.o(.data)
    .data                                    0x20000014   Section       12  stm32f4xx_hal.o(.data)
    .data                                    0x20000020   Section        4  lcd.o(.data)
    .data                                    0x20000024   Section        4  exti.o(.data)
    .data                                    0x20000028   Section       28  usmart.o(.data)
    .data                                    0x20000044   Section      128  usmart_config.o(.data)
    .data                                    0x200000c4   Section      244  usmart_config.o(.data)
    .bss                                     0x200001b8   Section       40  main.o(.bss)
    .bss                                     0x200001e0   Section      268  usart.o(.bss)
    .bss                                     0x200002ec   Section       72  tim.o(.bss)
    .bss                                     0x20000334   Section       94  lcd.o(.bss)
    .bss                                     0x20000394   Section       92  can.o(.bss)
    .bss                                     0x200003f0   Section       72  usmart_port.o(.bss)
    .bss                                     0x20000438   Section       96  libspace.o(.bss)
    HEAP                                     0x20000498   Section        0  startup_stm32f407xx.o(HEAP)
    STACK                                    0x20000498   Section     1024  startup_stm32f407xx.o(STACK)
    Heap_Mem                                 0x20000498   Data           0  startup_stm32f407xx.o(HEAP)
    Stack_Mem                                0x20000498   Data        1024  startup_stm32f407xx.o(STACK)
    __initial_sp                             0x20000898   Data           0  startup_stm32f407xx.o(STACK)

    Global Symbols

    Symbol Name                              Value     Ov Type        Size  Object(Section)

    BuildAttributes$$THM_ISAv4$E$P$D$K$B$S$7EM$VFPi3$EXTD16$VFPS$VFMA$PE$A:L22UL41UL21$X:L11$S22US41US21$IEEE1$IW$USESV6$~STKCKD$USESV7$~SHL$OTIME$ROPI$IEEEJ$EBA8$UX$STANDARDLIB$REQ8$PRES8$EABIv2 0x00000000   Number         0  anon$$obj.o ABSOLUTE
    __ARM_use_no_argv                        0x00000000   Number         0  main.o ABSOLUTE
    _printf_flags                            0x00000000   Number         0  printf_stubs.o ABSOLUTE
    _printf_return_value                     0x00000000   Number         0  printf_stubs.o ABSOLUTE
    _printf_sizespec                         0x00000000   Number         0  printf_stubs.o ABSOLUTE
    _printf_widthprec                        0x00000000   Number         0  printf_stubs.o ABSOLUTE
    __ARM_exceptions_init                     - Undefined Weak Reference
    __alloca_initialize                       - Undefined Weak Reference
    __arm_preinit_                            - Undefined Weak Reference
    __cpp_initialize__aeabi_                  - Undefined Weak Reference
    __cxa_finalize                            - Undefined Weak Reference
    __sigvec_lookup                           - Undefined Weak Reference
    _atexit_init                              - Undefined Weak Reference
    _call_atexit_fns                          - Undefined Weak Reference
    _clock_init                               - Undefined Weak Reference
    _fp_trap_init                             - Undefined Weak Reference
    _fp_trap_shutdown                         - Undefined Weak Reference
    _get_lc_collate                           - Undefined Weak Reference
    _get_lc_ctype                             - Undefined Weak Reference
    _get_lc_monetary                          - Undefined Weak Reference
    _get_lc_time                              - Undefined Weak Reference
    _getenv_init                              - Undefined Weak Reference
    _handle_redirection                       - Undefined Weak Reference
    _init_alloc                               - Undefined Weak Reference
    _init_user_alloc                          - Undefined Weak Reference
    _initio                                   - Undefined Weak Reference
    _mutex_acquire                            - Undefined Weak Reference
    _mutex_release                            - Undefined Weak Reference
    _printf_mbtowc                            - Undefined Weak Reference
    _printf_truncate_signed                   - Undefined Weak Reference
    _printf_truncate_unsigned                 - Undefined Weak Reference
    _rand_init                                - Undefined Weak Reference
    _signal_finish                            - Undefined Weak Reference
    _signal_init                              - Undefined Weak Reference
    _terminate_alloc                          - Undefined Weak Reference
    _terminate_user_alloc                     - Undefined Weak Reference
    _terminateio                              - Undefined Weak Reference
    __Vectors_Size                           0x00000188   Number         0  startup_stm32f407xx.o ABSOLUTE
    __Vectors                                0x08000000   Data           4  startup_stm32f407xx.o(RESET)
    __Vectors_End                            0x08000188   Data           0  startup_stm32f407xx.o(RESET)
    __main                                   0x08000189   Thumb Code     8  __main.o(!!!main)
    __scatterload                            0x08000191   Thumb Code     0  __scatter.o(!!!scatter)
    __scatterload_rt2                        0x08000191   Thumb Code    44  __scatter.o(!!!scatter)
    __scatterload_rt2_thumb_only             0x08000191   Thumb Code     0  __scatter.o(!!!scatter)
    __scatterload_null                       0x0800019f   Thumb Code     0  __scatter.o(!!!scatter)
    __decompress                             0x080001c5   Thumb Code    90  __dczerorl2.o(!!dczerorl2)
    __decompress1                            0x080001c5   Thumb Code     0  __dczerorl2.o(!!dczerorl2)
    __scatterload_zeroinit                   0x08000221   Thumb Code    28  __scatter_zi.o(!!handler_zi)
    _printf_f                                0x0800023d   Thumb Code     0  _printf_f.o(.ARM.Collect$$_printf_percent$$00000003)
    _printf_percent                          0x0800023d   Thumb Code     0  _printf_percent.o(.ARM.Collect$$_printf_percent$$00000000)
    _printf_d                                0x08000243   Thumb Code     0  _printf_d.o(.ARM.Collect$$_printf_percent$$00000009)
    _printf_u                                0x08000249   Thumb Code     0  _printf_u.o(.ARM.Collect$$_printf_percent$$0000000A)
    _printf_x                                0x0800024f   Thumb Code     0  _printf_x.o(.ARM.Collect$$_printf_percent$$0000000C)
    _printf_c                                0x08000255   Thumb Code     0  _printf_c.o(.ARM.Collect$$_printf_percent$$00000013)
    _printf_s                                0x0800025b   Thumb Code     0  _printf_s.o(.ARM.Collect$$_printf_percent$$00000014)
    _printf_percent_end                      0x08000261   Thumb Code     0  _printf_percent_end.o(.ARM.Collect$$_printf_percent$$00000017)
    __rt_lib_init                            0x08000265   Thumb Code     0  libinit.o(.ARM.Collect$$libinit$$00000000)
    __rt_lib_init_fp_1                       0x08000267   Thumb Code     0  libinit2.o(.ARM.Collect$$libinit$$00000001)
    __rt_lib_init_heap_1                     0x0800026b   Thumb Code     0  libinit2.o(.ARM.Collect$$libinit$$0000000A)
    __rt_lib_init_lc_common                  0x0800026b   Thumb Code     0  libinit2.o(.ARM.Collect$$libinit$$0000000F)
    __rt_lib_init_preinit_1                  0x0800026b   Thumb Code     0  libinit2.o(.ARM.Collect$$libinit$$00000004)
    __rt_lib_init_rand_1                     0x0800026b   Thumb Code     0  libinit2.o(.ARM.Collect$$libinit$$0000000E)
    __rt_lib_init_user_alloc_1               0x0800026b   Thumb Code     0  libinit2.o(.ARM.Collect$$libinit$$0000000C)
    __rt_lib_init_lc_collate_1               0x08000271   Thumb Code     0  libinit2.o(.ARM.Collect$$libinit$$00000011)
    __rt_lib_init_lc_ctype_1                 0x08000271   Thumb Code     0  libinit2.o(.ARM.Collect$$libinit$$00000013)
    __rt_lib_init_lc_monetary_1              0x08000271   Thumb Code     0  libinit2.o(.ARM.Collect$$libinit$$00000015)
    __rt_lib_init_lc_numeric_2               0x08000271   Thumb Code     0  libinit2.o(.ARM.Collect$$libinit$$00000016)
    __rt_lib_init_alloca_1                   0x0800027b   Thumb Code     0  libinit2.o(.ARM.Collect$$libinit$$0000002E)
    __rt_lib_init_argv_1                     0x0800027b   Thumb Code     0  libinit2.o(.ARM.Collect$$libinit$$0000002C)
    __rt_lib_init_atexit_1                   0x0800027b   Thumb Code     0  libinit2.o(.ARM.Collect$$libinit$$0000001B)
    __rt_lib_init_clock_1                    0x0800027b   Thumb Code     0  libinit2.o(.ARM.Collect$$libinit$$00000021)
    __rt_lib_init_cpp_1                      0x0800027b   Thumb Code     0  libinit2.o(.ARM.Collect$$libinit$$00000032)
    __rt_lib_init_exceptions_1               0x0800027b   Thumb Code     0  libinit2.o(.ARM.Collect$$libinit$$00000030)
    __rt_lib_init_fp_trap_1                  0x0800027b   Thumb Code     0  libinit2.o(.ARM.Collect$$libinit$$0000001F)
    __rt_lib_init_getenv_1                   0x0800027b   Thumb Code     0  libinit2.o(.ARM.Collect$$libinit$$00000023)
    __rt_lib_init_lc_numeric_1               0x0800027b   Thumb Code     0  libinit2.o(.ARM.Collect$$libinit$$00000017)
    __rt_lib_init_lc_time_1                  0x0800027b   Thumb Code     0  libinit2.o(.ARM.Collect$$libinit$$00000019)
    __rt_lib_init_return                     0x0800027b   Thumb Code     0  libinit2.o(.ARM.Collect$$libinit$$00000033)
    __rt_lib_init_signal_1                   0x0800027b   Thumb Code     0  libinit2.o(.ARM.Collect$$libinit$$0000001D)
    __rt_lib_init_stdio_1                    0x0800027b   Thumb Code     0  libinit2.o(.ARM.Collect$$libinit$$00000025)
    __rt_lib_shutdown                        0x0800027d   Thumb Code     0  libshutdown.o(.ARM.Collect$$libshutdown$$00000000)
    __rt_lib_shutdown_fp_trap_1              0x0800027f   Thumb Code     0  libshutdown2.o(.ARM.Collect$$libshutdown$$00000006)
    __rt_lib_shutdown_heap_1                 0x0800027f   Thumb Code     0  libshutdown2.o(.ARM.Collect$$libshutdown$$0000000E)
    __rt_lib_shutdown_return                 0x0800027f   Thumb Code     0  libshutdown2.o(.ARM.Collect$$libshutdown$$0000000F)
    __rt_lib_shutdown_signal_1               0x0800027f   Thumb Code     0  libshutdown2.o(.ARM.Collect$$libshutdown$$00000009)
    __rt_lib_shutdown_stdio_1                0x0800027f   Thumb Code     0  libshutdown2.o(.ARM.Collect$$libshutdown$$00000003)
    __rt_lib_shutdown_user_alloc_1           0x0800027f   Thumb Code     0  libshutdown2.o(.ARM.Collect$$libshutdown$$0000000B)
    __rt_entry                               0x08000281   Thumb Code     0  __rtentry.o(.ARM.Collect$$rtentry$$00000000)
    __rt_entry_presh_1                       0x08000281   Thumb Code     0  __rtentry2.o(.ARM.Collect$$rtentry$$00000002)
    __rt_entry_sh                            0x08000281   Thumb Code     0  __rtentry4.o(.ARM.Collect$$rtentry$$00000004)
    __rt_entry_li                            0x08000287   Thumb Code     0  __rtentry2.o(.ARM.Collect$$rtentry$$0000000A)
    __rt_entry_postsh_1                      0x08000287   Thumb Code     0  __rtentry2.o(.ARM.Collect$$rtentry$$00000009)
    __rt_entry_main                          0x0800028b   Thumb Code     0  __rtentry2.o(.ARM.Collect$$rtentry$$0000000D)
    __rt_entry_postli_1                      0x0800028b   Thumb Code     0  __rtentry2.o(.ARM.Collect$$rtentry$$0000000C)
    __rt_exit                                0x08000293   Thumb Code     0  rtexit.o(.ARM.Collect$$rtexit$$00000000)
    __rt_exit_ls                             0x08000295   Thumb Code     0  rtexit2.o(.ARM.Collect$$rtexit$$00000003)
    __rt_exit_prels_1                        0x08000295   Thumb Code     0  rtexit2.o(.ARM.Collect$$rtexit$$00000002)
    __rt_exit_exit                           0x08000299   Thumb Code     0  rtexit2.o(.ARM.Collect$$rtexit$$00000004)
    Reset_Handler                            0x080002a1   Thumb Code    18  startup_stm32f407xx.o(.text)
    ADC_IRQHandler                           0x080002c5   Thumb Code     0  startup_stm32f407xx.o(.text)
    CAN1_RX1_IRQHandler                      0x080002c5   Thumb Code     0  startup_stm32f407xx.o(.text)
    CAN1_SCE_IRQHandler                      0x080002c5   Thumb Code     0  startup_stm32f407xx.o(.text)
    CAN1_TX_IRQHandler                       0x080002c5   Thumb Code     0  startup_stm32f407xx.o(.text)
    CAN2_RX0_IRQHandler                      0x080002c5   Thumb Code     0  startup_stm32f407xx.o(.text)
    CAN2_RX1_IRQHandler                      0x080002c5   Thumb Code     0  startup_stm32f407xx.o(.text)
    CAN2_SCE_IRQHandler                      0x080002c5   Thumb Code     0  startup_stm32f407xx.o(.text)
    CAN2_TX_IRQHandler                       0x080002c5   Thumb Code     0  startup_stm32f407xx.o(.text)
    DCMI_IRQHandler                          0x080002c5   Thumb Code     0  startup_stm32f407xx.o(.text)
    DMA1_Stream0_IRQHandler                  0x080002c5   Thumb Code     0  startup_stm32f407xx.o(.text)
    DMA1_Stream1_IRQHandler                  0x080002c5   Thumb Code     0  startup_stm32f407xx.o(.text)
    DMA1_Stream2_IRQHandler                  0x080002c5   Thumb Code     0  startup_stm32f407xx.o(.text)
    DMA1_Stream3_IRQHandler                  0x080002c5   Thumb Code     0  startup_stm32f407xx.o(.text)
    DMA1_Stream4_IRQHandler                  0x080002c5   Thumb Code     0  startup_stm32f407xx.o(.text)
    DMA1_Stream5_IRQHandler                  0x080002c5   Thumb Code     0  startup_stm32f407xx.o(.text)
    DMA1_Stream6_IRQHandler                  0x080002c5   Thumb Code     0  startup_stm32f407xx.o(.text)
    DMA1_Stream7_IRQHandler                  0x080002c5   Thumb Code     0  startup_stm32f407xx.o(.text)
    DMA2_Stream0_IRQHandler                  0x080002c5   Thumb Code     0  startup_stm32f407xx.o(.text)
    DMA2_Stream1_IRQHandler                  0x080002c5   Thumb Code     0  startup_stm32f407xx.o(.text)
    DMA2_Stream2_IRQHandler                  0x080002c5   Thumb Code     0  startup_stm32f407xx.o(.text)
    DMA2_Stream3_IRQHandler                  0x080002c5   Thumb Code     0  startup_stm32f407xx.o(.text)
    DMA2_Stream4_IRQHandler                  0x080002c5   Thumb Code     0  startup_stm32f407xx.o(.text)
    DMA2_Stream5_IRQHandler                  0x080002c5   Thumb Code     0  startup_stm32f407xx.o(.text)
    DMA2_Stream6_IRQHandler                  0x080002c5   Thumb Code     0  startup_stm32f407xx.o(.text)
    DMA2_Stream7_IRQHandler                  0x080002c5   Thumb Code     0  startup_stm32f407xx.o(.text)
    ETH_IRQHandler                           0x080002c5   Thumb Code     0  startup_stm32f407xx.o(.text)
    ETH_WKUP_IRQHandler                      0x080002c5   Thumb Code     0  startup_stm32f407xx.o(.text)
    EXTI0_IRQHandler                         0x080002c5   Thumb Code     0  startup_stm32f407xx.o(.text)
    EXTI15_10_IRQHandler                     0x080002c5   Thumb Code     0  startup_stm32f407xx.o(.text)
    EXTI1_IRQHandler                         0x080002c5   Thumb Code     0  startup_stm32f407xx.o(.text)
    EXTI4_IRQHandler                         0x080002c5   Thumb Code     0  startup_stm32f407xx.o(.text)
    EXTI9_5_IRQHandler                       0x080002c5   Thumb Code     0  startup_stm32f407xx.o(.text)
    FLASH_IRQHandler                         0x080002c5   Thumb Code     0  startup_stm32f407xx.o(.text)
    FMC_IRQHandler                           0x080002c5   Thumb Code     0  startup_stm32f407xx.o(.text)
    FPU_IRQHandler                           0x080002c5   Thumb Code     0  startup_stm32f407xx.o(.text)
    HASH_RNG_IRQHandler                      0x080002c5   Thumb Code     0  startup_stm32f407xx.o(.text)
    I2C1_ER_IRQHandler                       0x080002c5   Thumb Code     0  startup_stm32f407xx.o(.text)
    I2C1_EV_IRQHandler                       0x080002c5   Thumb Code     0  startup_stm32f407xx.o(.text)
    I2C2_ER_IRQHandler                       0x080002c5   Thumb Code     0  startup_stm32f407xx.o(.text)
    I2C2_EV_IRQHandler                       0x080002c5   Thumb Code     0  startup_stm32f407xx.o(.text)
    I2C3_ER_IRQHandler                       0x080002c5   Thumb Code     0  startup_stm32f407xx.o(.text)
    I2C3_EV_IRQHandler                       0x080002c5   Thumb Code     0  startup_stm32f407xx.o(.text)
    OTG_FS_IRQHandler                        0x080002c5   Thumb Code     0  startup_stm32f407xx.o(.text)
    OTG_FS_WKUP_IRQHandler                   0x080002c5   Thumb Code     0  startup_stm32f407xx.o(.text)
    OTG_HS_EP1_IN_IRQHandler                 0x080002c5   Thumb Code     0  startup_stm32f407xx.o(.text)
    OTG_HS_EP1_OUT_IRQHandler                0x080002c5   Thumb Code     0  startup_stm32f407xx.o(.text)
    OTG_HS_IRQHandler                        0x080002c5   Thumb Code     0  startup_stm32f407xx.o(.text)
    OTG_HS_WKUP_IRQHandler                   0x080002c5   Thumb Code     0  startup_stm32f407xx.o(.text)
    PVD_IRQHandler                           0x080002c5   Thumb Code     0  startup_stm32f407xx.o(.text)
    RCC_IRQHandler                           0x080002c5   Thumb Code     0  startup_stm32f407xx.o(.text)
    RTC_Alarm_IRQHandler                     0x080002c5   Thumb Code     0  startup_stm32f407xx.o(.text)
    RTC_WKUP_IRQHandler                      0x080002c5   Thumb Code     0  startup_stm32f407xx.o(.text)
    SDIO_IRQHandler                          0x080002c5   Thumb Code     0  startup_stm32f407xx.o(.text)
    SPI1_IRQHandler                          0x080002c5   Thumb Code     0  startup_stm32f407xx.o(.text)
    SPI2_IRQHandler                          0x080002c5   Thumb Code     0  startup_stm32f407xx.o(.text)
    SPI3_IRQHandler                          0x080002c5   Thumb Code     0  startup_stm32f407xx.o(.text)
    TAMP_STAMP_IRQHandler                    0x080002c5   Thumb Code     0  startup_stm32f407xx.o(.text)
    TIM1_BRK_TIM9_IRQHandler                 0x080002c5   Thumb Code     0  startup_stm32f407xx.o(.text)
    TIM1_CC_IRQHandler                       0x080002c5   Thumb Code     0  startup_stm32f407xx.o(.text)
    TIM1_TRG_COM_TIM11_IRQHandler            0x080002c5   Thumb Code     0  startup_stm32f407xx.o(.text)
    TIM1_UP_TIM10_IRQHandler                 0x080002c5   Thumb Code     0  startup_stm32f407xx.o(.text)
    TIM2_IRQHandler                          0x080002c5   Thumb Code     0  startup_stm32f407xx.o(.text)
    TIM3_IRQHandler                          0x080002c5   Thumb Code     0  startup_stm32f407xx.o(.text)
    TIM5_IRQHandler                          0x080002c5   Thumb Code     0  startup_stm32f407xx.o(.text)
    TIM6_DAC_IRQHandler                      0x080002c5   Thumb Code     0  startup_stm32f407xx.o(.text)
    TIM7_IRQHandler                          0x080002c5   Thumb Code     0  startup_stm32f407xx.o(.text)
    TIM8_BRK_TIM12_IRQHandler                0x080002c5   Thumb Code     0  startup_stm32f407xx.o(.text)
    TIM8_CC_IRQHandler                       0x080002c5   Thumb Code     0  startup_stm32f407xx.o(.text)
    TIM8_TRG_COM_TIM14_IRQHandler            0x080002c5   Thumb Code     0  startup_stm32f407xx.o(.text)
    TIM8_UP_TIM13_IRQHandler                 0x080002c5   Thumb Code     0  startup_stm32f407xx.o(.text)
    UART4_IRQHandler                         0x080002c5   Thumb Code     0  startup_stm32f407xx.o(.text)
    UART5_IRQHandler                         0x080002c5   Thumb Code     0  startup_stm32f407xx.o(.text)
    USART2_IRQHandler                        0x080002c5   Thumb Code     0  startup_stm32f407xx.o(.text)
    USART3_IRQHandler                        0x080002c5   Thumb Code     0  startup_stm32f407xx.o(.text)
    USART6_IRQHandler                        0x080002c5   Thumb Code     0  startup_stm32f407xx.o(.text)
    WWDG_IRQHandler                          0x080002c5   Thumb Code     0  startup_stm32f407xx.o(.text)
    __user_initial_stackheap                 0x080002c9   Thumb Code     0  startup_stm32f407xx.o(.text)
    __use_no_semihosting                     0x080002ed   Thumb Code     2  use_no_semi_2.o(.text)
    __aeabi_uldivmod                         0x080002ef   Thumb Code     0  lludivv7m.o(.text)
    _ll_udiv                                 0x080002ef   Thumb Code   238  lludivv7m.o(.text)
    __2printf                                0x080003dd   Thumb Code    20  noretval__2printf.o(.text)
    _printf_pre_padding                      0x080003f5   Thumb Code    44  _printf_pad.o(.text)
    _printf_post_padding                     0x08000421   Thumb Code    34  _printf_pad.o(.text)
    _printf_str                              0x08000443   Thumb Code    82  _printf_str.o(.text)
    _printf_int_dec                          0x08000495   Thumb Code   104  _printf_dec.o(.text)
    _printf_int_hex                          0x0800050d   Thumb Code    84  _printf_hex_int.o(.text)
    _printf_longlong_hex                     0x0800050d   Thumb Code     0  _printf_hex_int.o(.text)
    __printf                                 0x08000565   Thumb Code   388  __printf_flags_ss_wp.o(.text)
    __aeabi_memcpy4                          0x080006ed   Thumb Code     0  rt_memcpy_w.o(.text)
    __aeabi_memcpy8                          0x080006ed   Thumb Code     0  rt_memcpy_w.o(.text)
    __rt_memcpy_w                            0x080006ed   Thumb Code   100  rt_memcpy_w.o(.text)
    _memcpy_lastbytes_aligned                0x08000735   Thumb Code     0  rt_memcpy_w.o(.text)
    __aeabi_memclr4                          0x08000751   Thumb Code     0  rt_memclr_w.o(.text)
    __aeabi_memclr8                          0x08000751   Thumb Code     0  rt_memclr_w.o(.text)
    __rt_memclr_w                            0x08000751   Thumb Code    78  rt_memclr_w.o(.text)
    _memset_w                                0x08000755   Thumb Code     0  rt_memclr_w.o(.text)
    __use_two_region_memory                  0x0800079f   Thumb Code     2  heapauxi.o(.text)
    __rt_heap_escrow$2region                 0x080007a1   Thumb Code     2  heapauxi.o(.text)
    __rt_heap_expand$2region                 0x080007a3   Thumb Code     2  heapauxi.o(.text)
    __semihosting$guard                      0x080007a5   Thumb Code     0  use_no_semi.o(.text)
    __use_no_semihosting_swi                 0x080007a5   Thumb Code     2  use_no_semi.o(.text)
    _printf_int_common                       0x080007a7   Thumb Code   178  _printf_intcommon.o(.text)
    __lib_sel_fp_printf                      0x08000859   Thumb Code     2  _printf_fp_dec.o(.text)
    _printf_fp_dec_real                      0x08000a07   Thumb Code   620  _printf_fp_dec.o(.text)
    _printf_char_common                      0x08000c7f   Thumb Code    32  _printf_char_common.o(.text)
    _printf_cs_common                        0x08000ca5   Thumb Code    20  _printf_char.o(.text)
    _printf_char                             0x08000cb9   Thumb Code    16  _printf_char.o(.text)
    _printf_string                           0x08000cc9   Thumb Code     8  _printf_char.o(.text)
    _printf_char_file                        0x08000cd1   Thumb Code    32  _printf_char_file.o(.text)
    __rt_locale                              0x08000cf5   Thumb Code     8  rt_locale_intlibspace.o(.text)
    _ll_udiv10                               0x08000cfd   Thumb Code   138  lludiv10.o(.text)
    _printf_fp_infnan                        0x08000d89   Thumb Code   112  _printf_fp_infnan.o(.text)
    _btod_etento                             0x08000e09   Thumb Code   216  bigflt0.o(.text)
    ferror                                   0x08000ee5   Thumb Code     8  ferror.o(.text)
    __user_libspace                          0x08000eed   Thumb Code     8  libspace.o(.text)
    __user_perproc_libspace                  0x08000eed   Thumb Code     0  libspace.o(.text)
    __user_perthread_libspace                0x08000eed   Thumb Code     0  libspace.o(.text)
    __user_setup_stackheap                   0x08000ef5   Thumb Code    74  sys_stackheap_outer.o(.text)
    exit                                     0x08000f3f   Thumb Code    12  exit.o(.text)
    strcmp                                   0x08000f4d   Thumb Code   128  strcmpv7m.o(.text)
    _btod_d2e                                0x08000fcd   Thumb Code    62  btod.o(CL$$btod_d2e)
    _d2e_denorm_low                          0x0800100b   Thumb Code    70  btod.o(CL$$btod_d2e_denorm_low)
    _d2e_norm_op1                            0x08001051   Thumb Code    96  btod.o(CL$$btod_d2e_norm_op1)
    __btod_div_common                        0x080010b1   Thumb Code   696  btod.o(CL$$btod_div_common)
    _e2e                                     0x080013e9   Thumb Code   198  btod.o(CL$$btod_e2e)
    _btod_ediv                               0x080014af   Thumb Code    40  btod.o(CL$$btod_ediv)
    _btod_emul                               0x080014d7   Thumb Code    40  btod.o(CL$$btod_emul)
    __btod_mult_common                       0x080014ff   Thumb Code   580  btod.o(CL$$btod_mult_common)
    BusFault_Handler                         0x08001743   Thumb Code     2  stm32f4xx_it.o(i.BusFault_Handler)
    CAN1_RX0_IRQHandler                      0x08001745   Thumb Code    34  can.o(i.CAN1_RX0_IRQHandler)
    CAN_Config                               0x0800176d   Thumb Code    76  can.o(i.CAN_Config)
    CAN_Filter_Config                        0x08001815   Thumb Code    48  can.o(i.CAN_Filter_Config)
    DebugMon_Handler                         0x08001879   Thumb Code     2  stm32f4xx_it.o(i.DebugMon_Handler)
    EXTI2_IRQHandler                         0x0800187d   Thumb Code    16  exti.o(i.EXTI2_IRQHandler)
    EXTI3_IRQHandler                         0x08001891   Thumb Code    16  exti.o(i.EXTI3_IRQHandler)
    Error_Handler                            0x080018a5   Thumb Code     4  can.o(i.Error_Handler)
    HAL_CAN_ActivateNotification             0x080018a9   Thumb Code    36  stm32f4xx_hal_can.o(i.HAL_CAN_ActivateNotification)
    HAL_CAN_AddTxMessage                     0x080018cd   Thumb Code   200  stm32f4xx_hal_can.o(i.HAL_CAN_AddTxMessage)
    HAL_CAN_ConfigFilter                     0x08001995   Thumb Code   262  stm32f4xx_hal_can.o(i.HAL_CAN_ConfigFilter)
    HAL_CAN_GetRxMessage                     0x08001aa1   Thumb Code   232  stm32f4xx_hal_can.o(i.HAL_CAN_GetRxMessage)
    HAL_CAN_GetTxMailboxesFreeLevel          0x08001b89   Thumb Code    44  stm32f4xx_hal_can.o(i.HAL_CAN_GetTxMailboxesFreeLevel)
    HAL_CAN_Init                             0x08001bb5   Thumb Code   282  stm32f4xx_hal_can.o(i.HAL_CAN_Init)
    HAL_CAN_MspInit                          0x08001cd1   Thumb Code   114  can.o(i.HAL_CAN_MspInit)
    HAL_CAN_Start                            0x08001d51   Thumb Code    86  stm32f4xx_hal_can.o(i.HAL_CAN_Start)
    HAL_DMA_Abort                            0x08001da7   Thumb Code   142  stm32f4xx_hal_dma.o(i.HAL_DMA_Abort)
    HAL_DMA_Abort_IT                         0x08001e35   Thumb Code    36  stm32f4xx_hal_dma.o(i.HAL_DMA_Abort_IT)
    HAL_Delay                                0x08001e59   Thumb Code     6  delay.o(i.HAL_Delay)
    HAL_GPIO_EXTI_Callback                   0x08001e61   Thumb Code    50  exti.o(i.HAL_GPIO_EXTI_Callback)
    HAL_GPIO_EXTI_IRQHandler                 0x08001ec5   Thumb Code    18  stm32f4xx_hal_gpio.o(i.HAL_GPIO_EXTI_IRQHandler)
    HAL_GPIO_Init                            0x08001edd   Thumb Code   416  stm32f4xx_hal_gpio.o(i.HAL_GPIO_Init)
    HAL_GPIO_ReadPin                         0x080020a9   Thumb Code    10  stm32f4xx_hal_gpio.o(i.HAL_GPIO_ReadPin)
    HAL_GetREVID                             0x080020b5   Thumb Code     8  stm32f4xx_hal.o(i.HAL_GetREVID)
    HAL_GetTick                              0x080020c1   Thumb Code     6  stm32f4xx_hal.o(i.HAL_GetTick)
    HAL_IncTick                              0x080020cd   Thumb Code    12  stm32f4xx_hal.o(i.HAL_IncTick)
    HAL_Init                                 0x080020dd   Thumb Code    40  stm32f4xx_hal.o(i.HAL_Init)
    HAL_InitTick                             0x08002109   Thumb Code    54  stm32f4xx_hal.o(i.HAL_InitTick)
    HAL_MspInit                              0x08002149   Thumb Code     2  stm32f4xx_hal.o(i.HAL_MspInit)
    HAL_NVIC_EnableIRQ                       0x0800214b   Thumb Code    26  stm32f4xx_hal_cortex.o(i.HAL_NVIC_EnableIRQ)
    HAL_NVIC_SetPriority                     0x08002165   Thumb Code    60  stm32f4xx_hal_cortex.o(i.HAL_NVIC_SetPriority)
    HAL_NVIC_SetPriorityGrouping             0x080021a5   Thumb Code    26  stm32f4xx_hal_cortex.o(i.HAL_NVIC_SetPriorityGrouping)
    HAL_RCC_ClockConfig                      0x080021c9   Thumb Code   288  stm32f4xx_hal_rcc.o(i.HAL_RCC_ClockConfig)
    HAL_RCC_GetPCLK1Freq                     0x080022fd   Thumb Code    20  stm32f4xx_hal_rcc.o(i.HAL_RCC_GetPCLK1Freq)
    HAL_RCC_GetPCLK2Freq                     0x0800231d   Thumb Code    20  stm32f4xx_hal_rcc.o(i.HAL_RCC_GetPCLK2Freq)
    HAL_RCC_GetSysClockFreq                  0x0800233d   Thumb Code    88  stm32f4xx_hal_rcc.o(i.HAL_RCC_GetSysClockFreq)
    HAL_RCC_OscConfig                        0x0800239d   Thumb Code   836  stm32f4xx_hal_rcc.o(i.HAL_RCC_OscConfig)
    HAL_SYSTICK_CLKSourceConfig              0x080026f5   Thumb Code    24  stm32f4xx_hal_cortex.o(i.HAL_SYSTICK_CLKSourceConfig)
    HAL_SYSTICK_Config                       0x0800270d   Thumb Code    40  stm32f4xx_hal_cortex.o(i.HAL_SYSTICK_Config)
    HAL_TIMEx_MasterConfigSynchronization    0x08002735   Thumb Code   116  stm32f4xx_hal_tim_ex.o(i.HAL_TIMEx_MasterConfigSynchronization)
    HAL_TIM_Base_Init                        0x080027c5   Thumb Code    90  stm32f4xx_hal_tim.o(i.HAL_TIM_Base_Init)
    HAL_TIM_Base_MspInit                     0x0800281f   Thumb Code     2  stm32f4xx_hal_tim.o(i.HAL_TIM_Base_MspInit)
    HAL_TIM_Base_Start_IT                    0x08002821   Thumb Code   100  stm32f4xx_hal_tim.o(i.HAL_TIM_Base_Start_IT)
    HAL_TIM_Encoder_Init                     0x080028a1   Thumb Code   164  stm32f4xx_hal_tim.o(i.HAL_TIM_Encoder_Init)
    HAL_TIM_Encoder_MspInit                  0x08002945   Thumb Code    88  tim.o(i.HAL_TIM_Encoder_MspInit)
    HAL_TIM_Encoder_Start                    0x080029a9   Thumb Code   146  stm32f4xx_hal_tim.o(i.HAL_TIM_Encoder_Start)
    HAL_UARTEx_RxEventCallback               0x08002a3b   Thumb Code     2  stm32f4xx_hal_uart.o(i.HAL_UARTEx_RxEventCallback)
    HAL_UART_ErrorCallback                   0x08002a3d   Thumb Code     2  stm32f4xx_hal_uart.o(i.HAL_UART_ErrorCallback)
    HAL_UART_GetState                        0x08002a3f   Thumb Code    10  stm32f4xx_hal_uart.o(i.HAL_UART_GetState)
    HAL_UART_IRQHandler                      0x08002a49   Thumb Code   522  stm32f4xx_hal_uart.o(i.HAL_UART_IRQHandler)
    HAL_UART_Init                            0x08002c59   Thumb Code    98  stm32f4xx_hal_uart.o(i.HAL_UART_Init)
    HAL_UART_MspInit                         0x08002cbd   Thumb Code   130  usart.o(i.HAL_UART_MspInit)
    HAL_UART_Receive_IT                      0x08002d4d   Thumb Code    42  stm32f4xx_hal_uart.o(i.HAL_UART_Receive_IT)
    HAL_UART_RxCpltCallback                  0x08002d79   Thumb Code    76  usart.o(i.HAL_UART_RxCpltCallback)
    HAL_UART_TxCpltCallback                  0x08002dd1   Thumb Code     2  stm32f4xx_hal_uart.o(i.HAL_UART_TxCpltCallback)
    HardFault_Handler                        0x08002dd3   Thumb Code     2  stm32f4xx_it.o(i.HardFault_Handler)
    MX_CAN1_Init                             0x08002dd5   Thumb Code    66  can.o(i.MX_CAN1_Init)
    MX_TIM5_Init                             0x08002e21   Thumb Code    98  tim.o(i.MX_TIM5_Init)
    MemManage_Handler                        0x08002e8d   Thumb Code     2  stm32f4xx_it.o(i.MemManage_Handler)
    NMI_Handler                              0x08002e8f   Thumb Code     2  stm32f4xx_it.o(i.NMI_Handler)
    PendSV_Handler                           0x08002e91   Thumb Code     2  stm32f4xx_it.o(i.PendSV_Handler)
    ProcessMotorCANMessage                   0x08002e95   Thumb Code   208  can.o(i.ProcessMotorCANMessage)
    SVC_Handler                              0x08003059   Thumb Code     2  stm32f4xx_it.o(i.SVC_Handler)
    SysTick_Handler                          0x0800305b   Thumb Code     4  stm32f4xx_it.o(i.SysTick_Handler)
    SystemInit                               0x08003061   Thumb Code    12  system_stm32f4xx.o(i.SystemInit)
    TIM4_IRQHandler                          0x08003071   Thumb Code    44  usmart_port.o(i.TIM4_IRQHandler)
    TIM_Base_SetConfig                       0x080030a5   Thumb Code   156  stm32f4xx_hal_tim.o(i.TIM_Base_SetConfig)
    TIM_CCxChannelCmd                        0x0800316d   Thumb Code    26  stm32f4xx_hal_tim.o(i.TIM_CCxChannelCmd)
    UART_Start_Receive_IT                    0x08003381   Thumb Code    54  stm32f4xx_hal_uart.o(i.UART_Start_Receive_IT)
    USART1_IRQHandler                        0x080033b9   Thumb Code    56  usart.o(i.USART1_IRQHandler)
    UsageFault_Handler                       0x080033fd   Thumb Code     2  stm32f4xx_it.o(i.UsageFault_Handler)
    __ARM_fpclassify                         0x080033ff   Thumb Code    48  fpclassify.o(i.__ARM_fpclassify)
    _is_digit                                0x0800344f   Thumb Code    14  __printf_wp.o(i._is_digit)
    _sys_exit                                0x0800345d   Thumb Code     2  usart.o(i._sys_exit)
    can_send_msg                             0x08003461   Thumb Code    58  can.o(i.can_send_msg)
    delay_init                               0x080034a1   Thumb Code    16  delay.o(i.delay_init)
    delay_ms                                 0x080034b5   Thumb Code    54  delay.o(i.delay_ms)
    delay_us                                 0x080034f1   Thumb Code    48  delay.o(i.delay_us)
    encoder_init                             0x08003525   Thumb Code    38  gpio.o(i.encoder_init)
    fputc                                    0x08003551   Thumb Code    14  usart.o(i.fputc)
    lcd_clear                                0x08003565   Thumb Code    44  lcd.o(i.lcd_clear)
    lcd_display_dir                          0x08003595   Thumb Code   180  lcd.o(i.lcd_display_dir)
    lcd_draw_circle                          0x0800364d   Thumb Code   196  lcd.o(i.lcd_draw_circle)
    lcd_draw_line                            0x08003711   Thumb Code   152  lcd.o(i.lcd_draw_line)
    lcd_draw_point                           0x080037a9   Thumb Code    22  lcd.o(i.lcd_draw_point)
    lcd_draw_rectangle                       0x080037bf   Thumb Code    68  lcd.o(i.lcd_draw_rectangle)
    lcd_fill                                 0x08003803   Thumb Code    70  lcd.o(i.lcd_fill)
    lcd_read_point                           0x0800386d   Thumb Code   108  lcd.o(i.lcd_read_point)
    lcd_scan_dir                             0x080038dd   Thumb Code   406  lcd.o(i.lcd_scan_dir)
    lcd_set_cursor                           0x08003a79   Thumb Code   236  lcd.o(i.lcd_set_cursor)
    lcd_show_char                            0x08003b69   Thumb Code   196  lcd.o(i.lcd_show_char)
    lcd_show_num                             0x08003c45   Thumb Code   116  lcd.o(i.lcd_show_num)
    lcd_show_string                          0x08003cb9   Thumb Code    86  lcd.o(i.lcd_show_string)
    lcd_show_xnum                            0x08003d0f   Thumb Code   138  lcd.o(i.lcd_show_xnum)
    lcd_wr_data                              0x08003d99   Thumb Code    24  lcd.o(i.lcd_wr_data)
    lcd_wr_regno                             0x08003db1   Thumb Code    24  lcd.o(i.lcd_wr_regno)
    lcd_write_ram_prepare                    0x08003dc9   Thumb Code    14  lcd.o(i.lcd_write_ram_prepare)
    lcd_write_reg                            0x08003ddd   Thumb Code    12  lcd.o(i.lcd_write_reg)
    main                                     0x08003de9   Thumb Code   166  main.o(i.main)
    motor_torque_control                     0x08003ead   Thumb Code   132  motor_ctrl.o(i.motor_torque_control)
    print_sent_data                          0x08003f39   Thumb Code    54  main.o(i.print_sent_data)
    read_addr                                0x08003f85   Thumb Code     4  usmart.o(i.read_addr)
    send_CAN_array                           0x08003f89   Thumb Code    72  main.o(i.send_CAN_array)
    sys_stm32_clock_init                     0x08003fd5   Thumb Code   162  sys.o(i.sys_stm32_clock_init)
    usart_init                               0x08004085   Thumb Code    44  usart.o(i.usart_init)
    usmart_cmd_rec                           0x080040bd   Thumb Code   144  usmart.o(i.usmart_cmd_rec)
    usmart_exe                               0x08004151   Thumb Code   510  usmart.o(i.usmart_exe)
    usmart_get_aparm                         0x080043b1   Thumb Code   164  usmart_str.o(i.usmart_get_aparm)
    usmart_get_cmdname                       0x08004455   Thumb Code    46  usmart_str.o(i.usmart_get_cmdname)
    usmart_get_fname                         0x08004485   Thumb Code   352  usmart_str.o(i.usmart_get_fname)
    usmart_get_fparam                        0x080045ed   Thumb Code   202  usmart_str.o(i.usmart_get_fparam)
    usmart_get_input_string                  0x080046bd   Thumb Code    24  usmart_port.o(i.usmart_get_input_string)
    usmart_get_parmpos                       0x080046dd   Thumb Code    30  usmart_str.o(i.usmart_get_parmpos)
    usmart_init                              0x08004701   Thumb Code    36  usmart.o(i.usmart_init)
    usmart_pow                               0x08004729   Thumb Code    16  usmart_str.o(i.usmart_pow)
    usmart_scan                              0x08004739   Thumb Code    82  usmart.o(i.usmart_scan)
    usmart_search_nextc                      0x080047c9   Thumb Code    16  usmart_str.o(i.usmart_search_nextc)
    usmart_str2num                           0x080047d9   Thumb Code   214  usmart_str.o(i.usmart_str2num)
    usmart_strcmp                            0x080048af   Thumb Code    24  usmart_str.o(i.usmart_strcmp)
    usmart_strcopy                           0x080048c7   Thumb Code    18  usmart_str.o(i.usmart_strcopy)
    usmart_strlen                            0x080048d9   Thumb Code    18  usmart_str.o(i.usmart_strlen)
    usmart_sys_cmd_exe                       0x080048ed   Thumb Code  1458  usmart.o(i.usmart_sys_cmd_exe)
    usmart_timx_get_time                     0x08004f6d   Thumb Code    38  usmart_port.o(i.usmart_timx_get_time)
    usmart_timx_init                         0x08004f9d   Thumb Code    68  usmart_port.o(i.usmart_timx_init)
    usmart_timx_reset_time                   0x08004fed   Thumb Code    32  usmart_port.o(i.usmart_timx_reset_time)
    write_addr                               0x08005015   Thumb Code     4  usmart.o(i.write_addr)
    _get_lc_numeric                          0x08005019   Thumb Code    44  lc_numeric_c.o(locale$$code)
    __aeabi_dneg                             0x08005045   Thumb Code     0  basic.o(x$fpl$basic)
    _dneg                                    0x08005045   Thumb Code     6  basic.o(x$fpl$basic)
    __aeabi_fneg                             0x0800504b   Thumb Code     0  basic.o(x$fpl$basic)
    _fneg                                    0x0800504b   Thumb Code     6  basic.o(x$fpl$basic)
    _dabs                                    0x08005051   Thumb Code     6  basic.o(x$fpl$basic)
    _fabs                                    0x08005057   Thumb Code     6  basic.o(x$fpl$basic)
    __aeabi_d2f                              0x0800505d   Thumb Code     0  d2f.o(x$fpl$d2f)
    _d2f                                     0x0800505d   Thumb Code    98  d2f.o(x$fpl$d2f)
    __aeabi_dadd                             0x080050c1   Thumb Code     0  daddsub_clz.o(x$fpl$dadd)
    _dadd                                    0x080050c1   Thumb Code   332  daddsub_clz.o(x$fpl$dadd)
    __fpl_dcmp_Inf                           0x08005211   Thumb Code    24  dcmpi.o(x$fpl$dcmpinf)
    __aeabi_ddiv                             0x08005229   Thumb Code     0  ddiv.o(x$fpl$ddiv)
    _ddiv                                    0x08005229   Thumb Code   552  ddiv.o(x$fpl$ddiv)
    __aeabi_d2uiz                            0x080054d9   Thumb Code     0  dfixu.o(x$fpl$dfixu)
    _dfixu                                   0x080054d9   Thumb Code    90  dfixu.o(x$fpl$dfixu)
    __aeabi_ui2d                             0x08005533   Thumb Code     0  dflt_clz.o(x$fpl$dfltu)
    _dfltu                                   0x08005533   Thumb Code    38  dflt_clz.o(x$fpl$dfltu)
    __aeabi_cdcmple                          0x08005559   Thumb Code     0  dleqf.o(x$fpl$dleqf)
    _dcmple                                  0x08005559   Thumb Code   120  dleqf.o(x$fpl$dleqf)
    __fpl_dcmple_InfNaN                      0x080055bb   Thumb Code     0  dleqf.o(x$fpl$dleqf)
    __aeabi_dmul                             0x080055d1   Thumb Code     0  dmul.o(x$fpl$dmul)
    _dmul                                    0x080055d1   Thumb Code   332  dmul.o(x$fpl$dmul)
    __fpl_dnaninf                            0x08005725   Thumb Code   156  dnaninf.o(x$fpl$dnaninf)
    __fpl_dretinf                            0x080057c1   Thumb Code    12  dretinf.o(x$fpl$dretinf)
    __aeabi_dsub                             0x080057cd   Thumb Code     0  daddsub_clz.o(x$fpl$dsub)
    _dsub                                    0x080057cd   Thumb Code   464  daddsub_clz.o(x$fpl$dsub)
    __aeabi_f2d                              0x080059a1   Thumb Code     0  f2d.o(x$fpl$f2d)
    _f2d                                     0x080059a1   Thumb Code    86  f2d.o(x$fpl$f2d)
    __fpl_fnaninf                            0x080059f7   Thumb Code   140  fnaninf.o(x$fpl$fnaninf)
    _fp_init                                 0x08005a83   Thumb Code    10  fpinit.o(x$fpl$fpinit)
    __fplib_config_fpu_vfp                   0x08005a8b   Thumb Code     0  fpinit.o(x$fpl$fpinit)
    __fplib_config_pureend_doubles           0x08005a8b   Thumb Code     0  fpinit.o(x$fpl$fpinit)
    __fpl_fretinf                            0x08005a8d   Thumb Code    10  fretinf.o(x$fpl$fretinf)
    _printf_fp_dec                           0x08005a97   Thumb Code     4  printf1.o(x$fpl$printf1)
    AHBPrescTable                            0x08005a9a   Data          16  system_stm32f4xx.o(.constdata)
    __I$use$fp                               0x08005a9a   Number         0  usenofp.o(x$fpl$usenofp)
    APBPrescTable                            0x08005aaa   Data           8  system_stm32f4xx.o(.constdata)
    asc2_1206                                0x08005ab2   Data        1140  lcd.o(.constdata)
    asc2_1608                                0x08005f26   Data        1520  lcd.o(.constdata)
    asc2_2412                                0x08006516   Data        3420  lcd.o(.constdata)
    asc2_3216                                0x08007272   Data        6080  lcd.o(.constdata)
    Region$$Table$$Base                      0x08008f48   Number         0  anon$$obj.o(Region$$Table)
    Region$$Table$$Limit                     0x08008f68   Number         0  anon$$obj.o(Region$$Table)
    SystemCoreClock                          0x20000004   Data           4  system_stm32f4xx.o(.data)
    g_rx_buffer                              0x2000000c   Data           1  usart.o(.data)
    g_usart_rx_sta                           0x2000000e   Data           2  usart.o(.data)
    __stdout                                 0x20000010   Data           4  usart.o(.data)
    uwTickFreq                               0x20000014   Data           1  stm32f4xx_hal.o(.data)
    uwTickPrio                               0x20000018   Data           4  stm32f4xx_hal.o(.data)
    uwTick                                   0x2000001c   Data           4  stm32f4xx_hal.o(.data)
    g_back_color                             0x20000020   Data           4  lcd.o(.data)
    encoder_count                            0x20000024   Data           4  exti.o(.data)
    sys_cmd_tab                              0x20000028   Data          28  usmart.o(.data)
    usmart_nametab                           0x20000044   Data         128  usmart_config.o(.data)
    usmart_dev                               0x200000c4   Data         244  usmart_config.o(.data)
    CAN_sending_para                         0x200001b8   Data          20  main.o(.bss)
    received_data                            0x200001cc   Data          20  main.o(.bss)
    g_usart_rx_buf                           0x200001e0   Data         200  usart.o(.bss)
    g_uart1_handle                           0x200002a8   Data          68  usart.o(.bss)
    htim5                                    0x200002ec   Data          72  tim.o(.bss)
    g_sram_handle                            0x20000334   Data          80  lcd.o(.bss)
    lcddev                                   0x20000384   Data          14  lcd.o(.bss)
    g_canx_handler                           0x20000394   Data          40  can.o(.bss)
    g_canx_txheader                          0x200003bc   Data          24  can.o(.bss)
    g_canx_rxheader                          0x200003d4   Data          28  can.o(.bss)
    g_timx_usmart_handle                     0x200003f0   Data          72  usmart_port.o(.bss)
    __libspace_start                         0x20000438   Data          96  libspace.o(.bss)
    __temporary_stack_top$libspace           0x20000498   Data           0  libspace.o(.bss)



==============================================================================

Memory Map of the image

  Image Entry point : 0x08000189

  Load Region LR_IROM1 (Base: 0x08000000, Size: 0x0000913c, Max: 0x00100000, ABSOLUTE, COMPRESSED[0x0000902c])

    Execution Region ER_IROM1 (Base: 0x08000000, Size: 0x00008f84, Max: 0x00100000, ABSOLUTE)

    Base Addr    Size         Type   Attr      Idx    E Section Name        Object

    0x08000000   0x00000188   Data   RO            3    RESET               startup_stm32f407xx.o
    0x08000188   0x00000008   Code   RO         4472  * !!!main             c_w.l(__main.o)
    0x08000190   0x00000034   Code   RO         4738    !!!scatter          c_w.l(__scatter.o)
    0x080001c4   0x0000005a   Code   RO         4736    !!dczerorl2         c_w.l(__dczerorl2.o)
    0x0800021e   0x00000002   PAD
    0x08000220   0x0000001c   Code   RO         4740    !!handler_zi        c_w.l(__scatter_zi.o)
    0x0800023c   0x00000000   Code   RO         4465    .ARM.Collect$$_printf_percent$$00000000  c_w.l(_printf_percent.o)
    0x0800023c   0x00000006   Code   RO         4464    .ARM.Collect$$_printf_percent$$00000003  c_w.l(_printf_f.o)
    0x08000242   0x00000006   Code   RO         4462    .ARM.Collect$$_printf_percent$$00000009  c_w.l(_printf_d.o)
    0x08000248   0x00000006   Code   RO         4463    .ARM.Collect$$_printf_percent$$0000000A  c_w.l(_printf_u.o)
    0x0800024e   0x00000006   Code   RO         4461    .ARM.Collect$$_printf_percent$$0000000C  c_w.l(_printf_x.o)
    0x08000254   0x00000006   Code   RO         4459    .ARM.Collect$$_printf_percent$$00000013  c_w.l(_printf_c.o)
    0x0800025a   0x00000006   Code   RO         4460    .ARM.Collect$$_printf_percent$$00000014  c_w.l(_printf_s.o)
    0x08000260   0x00000004   Code   RO         4525    .ARM.Collect$$_printf_percent$$00000017  c_w.l(_printf_percent_end.o)
    0x08000264   0x00000002   Code   RO         4619    .ARM.Collect$$libinit$$00000000  c_w.l(libinit.o)
    0x08000266   0x00000004   Code   RO         4620    .ARM.Collect$$libinit$$00000001  c_w.l(libinit2.o)
    0x0800026a   0x00000000   Code   RO         4623    .ARM.Collect$$libinit$$00000004  c_w.l(libinit2.o)
    0x0800026a   0x00000000   Code   RO         4626    .ARM.Collect$$libinit$$0000000A  c_w.l(libinit2.o)
    0x0800026a   0x00000000   Code   RO         4628    .ARM.Collect$$libinit$$0000000C  c_w.l(libinit2.o)
    0x0800026a   0x00000000   Code   RO         4630    .ARM.Collect$$libinit$$0000000E  c_w.l(libinit2.o)
    0x0800026a   0x00000006   Code   RO         4631    .ARM.Collect$$libinit$$0000000F  c_w.l(libinit2.o)
    0x08000270   0x00000000   Code   RO         4633    .ARM.Collect$$libinit$$00000011  c_w.l(libinit2.o)
    0x08000270   0x00000000   Code   RO         4635    .ARM.Collect$$libinit$$00000013  c_w.l(libinit2.o)
    0x08000270   0x00000000   Code   RO         4637    .ARM.Collect$$libinit$$00000015  c_w.l(libinit2.o)
    0x08000270   0x0000000a   Code   RO         4638    .ARM.Collect$$libinit$$00000016  c_w.l(libinit2.o)
    0x0800027a   0x00000000   Code   RO         4639    .ARM.Collect$$libinit$$00000017  c_w.l(libinit2.o)
    0x0800027a   0x00000000   Code   RO         4641    .ARM.Collect$$libinit$$00000019  c_w.l(libinit2.o)
    0x0800027a   0x00000000   Code   RO         4643    .ARM.Collect$$libinit$$0000001B  c_w.l(libinit2.o)
    0x0800027a   0x00000000   Code   RO         4645    .ARM.Collect$$libinit$$0000001D  c_w.l(libinit2.o)
    0x0800027a   0x00000000   Code   RO         4647    .ARM.Collect$$libinit$$0000001F  c_w.l(libinit2.o)
    0x0800027a   0x00000000   Code   RO         4649    .ARM.Collect$$libinit$$00000021  c_w.l(libinit2.o)
    0x0800027a   0x00000000   Code   RO         4651    .ARM.Collect$$libinit$$00000023  c_w.l(libinit2.o)
    0x0800027a   0x00000000   Code   RO         4653    .ARM.Collect$$libinit$$00000025  c_w.l(libinit2.o)
    0x0800027a   0x00000000   Code   RO         4657    .ARM.Collect$$libinit$$0000002C  c_w.l(libinit2.o)
    0x0800027a   0x00000000   Code   RO         4659    .ARM.Collect$$libinit$$0000002E  c_w.l(libinit2.o)
    0x0800027a   0x00000000   Code   RO         4661    .ARM.Collect$$libinit$$00000030  c_w.l(libinit2.o)
    0x0800027a   0x00000000   Code   RO         4663    .ARM.Collect$$libinit$$00000032  c_w.l(libinit2.o)
    0x0800027a   0x00000002   Code   RO         4664    .ARM.Collect$$libinit$$00000033  c_w.l(libinit2.o)
    0x0800027c   0x00000002   Code   RO         4702    .ARM.Collect$$libshutdown$$00000000  c_w.l(libshutdown.o)
    0x0800027e   0x00000000   Code   RO         4721    .ARM.Collect$$libshutdown$$00000003  c_w.l(libshutdown2.o)
    0x0800027e   0x00000000   Code   RO         4724    .ARM.Collect$$libshutdown$$00000006  c_w.l(libshutdown2.o)
    0x0800027e   0x00000000   Code   RO         4727    .ARM.Collect$$libshutdown$$00000009  c_w.l(libshutdown2.o)
    0x0800027e   0x00000000   Code   RO         4729    .ARM.Collect$$libshutdown$$0000000B  c_w.l(libshutdown2.o)
    0x0800027e   0x00000000   Code   RO         4732    .ARM.Collect$$libshutdown$$0000000E  c_w.l(libshutdown2.o)
    0x0800027e   0x00000002   Code   RO         4733    .ARM.Collect$$libshutdown$$0000000F  c_w.l(libshutdown2.o)
    0x08000280   0x00000000   Code   RO         4508    .ARM.Collect$$rtentry$$00000000  c_w.l(__rtentry.o)
    0x08000280   0x00000000   Code   RO         4538    .ARM.Collect$$rtentry$$00000002  c_w.l(__rtentry2.o)
    0x08000280   0x00000006   Code   RO         4550    .ARM.Collect$$rtentry$$00000004  c_w.l(__rtentry4.o)
    0x08000286   0x00000000   Code   RO         4540    .ARM.Collect$$rtentry$$00000009  c_w.l(__rtentry2.o)
    0x08000286   0x00000004   Code   RO         4541    .ARM.Collect$$rtentry$$0000000A  c_w.l(__rtentry2.o)
    0x0800028a   0x00000000   Code   RO         4543    .ARM.Collect$$rtentry$$0000000C  c_w.l(__rtentry2.o)
    0x0800028a   0x00000008   Code   RO         4544    .ARM.Collect$$rtentry$$0000000D  c_w.l(__rtentry2.o)
    0x08000292   0x00000002   Code   RO         4665    .ARM.Collect$$rtexit$$00000000  c_w.l(rtexit.o)
    0x08000294   0x00000000   Code   RO         4678    .ARM.Collect$$rtexit$$00000002  c_w.l(rtexit2.o)
    0x08000294   0x00000004   Code   RO         4679    .ARM.Collect$$rtexit$$00000003  c_w.l(rtexit2.o)
    0x08000298   0x00000006   Code   RO         4680    .ARM.Collect$$rtexit$$00000004  c_w.l(rtexit2.o)
    0x0800029e   0x00000002   PAD
    0x080002a0   0x0000004c   Code   RO            4    .text               startup_stm32f407xx.o
    0x080002ec   0x00000002   Code   RO         4398    .text               c_w.l(use_no_semi_2.o)
    0x080002ee   0x000000ee   Code   RO         4400    .text               c_w.l(lludivv7m.o)
    0x080003dc   0x00000018   Code   RO         4406    .text               c_w.l(noretval__2printf.o)
    0x080003f4   0x0000004e   Code   RO         4412    .text               c_w.l(_printf_pad.o)
    0x08000442   0x00000052   Code   RO         4414    .text               c_w.l(_printf_str.o)
    0x08000494   0x00000078   Code   RO         4416    .text               c_w.l(_printf_dec.o)
    0x0800050c   0x00000058   Code   RO         4421    .text               c_w.l(_printf_hex_int.o)
    0x08000564   0x00000188   Code   RO         4456    .text               c_w.l(__printf_flags_ss_wp.o)
    0x080006ec   0x00000064   Code   RO         4466    .text               c_w.l(rt_memcpy_w.o)
    0x08000750   0x0000004e   Code   RO         4468    .text               c_w.l(rt_memclr_w.o)
    0x0800079e   0x00000006   Code   RO         4470    .text               c_w.l(heapauxi.o)
    0x080007a4   0x00000002   Code   RO         4506    .text               c_w.l(use_no_semi.o)
    0x080007a6   0x000000b2   Code   RO         4513    .text               c_w.l(_printf_intcommon.o)
    0x08000858   0x0000041a   Code   RO         4515    .text               c_w.l(_printf_fp_dec.o)
    0x08000c72   0x00000002   PAD
    0x08000c74   0x00000030   Code   RO         4517    .text               c_w.l(_printf_char_common.o)
    0x08000ca4   0x0000002c   Code   RO         4521    .text               c_w.l(_printf_char.o)
    0x08000cd0   0x00000024   Code   RO         4523    .text               c_w.l(_printf_char_file.o)
    0x08000cf4   0x00000008   Code   RO         4557    .text               c_w.l(rt_locale_intlibspace.o)
    0x08000cfc   0x0000008a   Code   RO         4559    .text               c_w.l(lludiv10.o)
    0x08000d86   0x00000002   PAD
    0x08000d88   0x00000080   Code   RO         4561    .text               c_w.l(_printf_fp_infnan.o)
    0x08000e08   0x000000dc   Code   RO         4565    .text               c_w.l(bigflt0.o)
    0x08000ee4   0x00000008   Code   RO         4590    .text               c_w.l(ferror.o)
    0x08000eec   0x00000008   Code   RO         4601    .text               c_w.l(libspace.o)
    0x08000ef4   0x0000004a   Code   RO         4604    .text               c_w.l(sys_stackheap_outer.o)
    0x08000f3e   0x0000000c   Code   RO         4606    .text               c_w.l(exit.o)
    0x08000f4a   0x00000002   PAD
    0x08000f4c   0x00000080   Code   RO         4612    .text               c_w.l(strcmpv7m.o)
    0x08000fcc   0x0000003e   Code   RO         4568    CL$$btod_d2e        c_w.l(btod.o)
    0x0800100a   0x00000046   Code   RO         4570    CL$$btod_d2e_denorm_low  c_w.l(btod.o)
    0x08001050   0x00000060   Code   RO         4569    CL$$btod_d2e_norm_op1  c_w.l(btod.o)
    0x080010b0   0x00000338   Code   RO         4578    CL$$btod_div_common  c_w.l(btod.o)
    0x080013e8   0x000000c6   Code   RO         4575    CL$$btod_e2e        c_w.l(btod.o)
    0x080014ae   0x00000028   Code   RO         4572    CL$$btod_ediv       c_w.l(btod.o)
    0x080014d6   0x00000028   Code   RO         4571    CL$$btod_emul       c_w.l(btod.o)
    0x080014fe   0x00000244   Code   RO         4577    CL$$btod_mult_common  c_w.l(btod.o)
    0x08001742   0x00000002   Code   RO          321    i.BusFault_Handler  stm32f4xx_it.o
    0x08001744   0x00000028   Code   RO         3911    i.CAN1_RX0_IRQHandler  can.o
    0x0800176c   0x000000a8   Code   RO         3912    i.CAN_Config        can.o
    0x08001814   0x00000064   Code   RO         3913    i.CAN_Filter_Config  can.o
    0x08001878   0x00000002   Code   RO          322    i.DebugMon_Handler  stm32f4xx_it.o
    0x0800187a   0x00000002   PAD
    0x0800187c   0x00000014   Code   RO         4092    i.EXTI2_IRQHandler  exti.o
    0x08001890   0x00000014   Code   RO         4093    i.EXTI3_IRQHandler  exti.o
    0x080018a4   0x00000004   Code   RO         3914    i.Error_Handler     can.o
    0x080018a8   0x00000024   Code   RO         3380    i.HAL_CAN_ActivateNotification  stm32f4xx_hal_can.o
    0x080018cc   0x000000c8   Code   RO         3381    i.HAL_CAN_AddTxMessage  stm32f4xx_hal_can.o
    0x08001994   0x0000010c   Code   RO         3382    i.HAL_CAN_ConfigFilter  stm32f4xx_hal_can.o
    0x08001aa0   0x000000e8   Code   RO         3388    i.HAL_CAN_GetRxMessage  stm32f4xx_hal_can.o
    0x08001b88   0x0000002c   Code   RO         3390    i.HAL_CAN_GetTxMailboxesFreeLevel  stm32f4xx_hal_can.o
    0x08001bb4   0x0000011a   Code   RO         3393    i.HAL_CAN_Init      stm32f4xx_hal_can.o
    0x08001cce   0x00000002   PAD
    0x08001cd0   0x00000080   Code   RO         3915    i.HAL_CAN_MspInit   can.o
    0x08001d50   0x00000056   Code   RO         3405    i.HAL_CAN_Start     stm32f4xx_hal_can.o
    0x08001da6   0x0000008e   Code   RO         3276    i.HAL_DMA_Abort     stm32f4xx_hal_dma.o
    0x08001e34   0x00000024   Code   RO         3277    i.HAL_DMA_Abort_IT  stm32f4xx_hal_dma.o
    0x08001e58   0x00000006   Code   RO          434    i.HAL_Delay         delay.o
    0x08001e5e   0x00000002   PAD
    0x08001e60   0x00000064   Code   RO         4094    i.HAL_GPIO_EXTI_Callback  exti.o
    0x08001ec4   0x00000018   Code   RO         1006    i.HAL_GPIO_EXTI_IRQHandler  stm32f4xx_hal_gpio.o
    0x08001edc   0x000001cc   Code   RO         1007    i.HAL_GPIO_Init     stm32f4xx_hal_gpio.o
    0x080020a8   0x0000000a   Code   RO         1009    i.HAL_GPIO_ReadPin  stm32f4xx_hal_gpio.o
    0x080020b2   0x00000002   PAD
    0x080020b4   0x0000000c   Code   RO          695    i.HAL_GetREVID      stm32f4xx_hal.o
    0x080020c0   0x0000000c   Code   RO          696    i.HAL_GetTick       stm32f4xx_hal.o
    0x080020cc   0x00000010   Code   RO          702    i.HAL_IncTick       stm32f4xx_hal.o
    0x080020dc   0x0000002c   Code   RO          703    i.HAL_Init          stm32f4xx_hal.o
    0x08002108   0x00000040   Code   RO          704    i.HAL_InitTick      stm32f4xx_hal.o
    0x08002148   0x00000002   Code   RO          706    i.HAL_MspInit       stm32f4xx_hal.o
    0x0800214a   0x0000001a   Code   RO          874    i.HAL_NVIC_EnableIRQ  stm32f4xx_hal_cortex.o
    0x08002164   0x00000040   Code   RO          880    i.HAL_NVIC_SetPriority  stm32f4xx_hal_cortex.o
    0x080021a4   0x00000024   Code   RO          881    i.HAL_NVIC_SetPriorityGrouping  stm32f4xx_hal_cortex.o
    0x080021c8   0x00000134   Code   RO         1071    i.HAL_RCC_ClockConfig  stm32f4xx_hal_rcc.o
    0x080022fc   0x00000020   Code   RO         1078    i.HAL_RCC_GetPCLK1Freq  stm32f4xx_hal_rcc.o
    0x0800231c   0x00000020   Code   RO         1079    i.HAL_RCC_GetPCLK2Freq  stm32f4xx_hal_rcc.o
    0x0800233c   0x00000060   Code   RO         1080    i.HAL_RCC_GetSysClockFreq  stm32f4xx_hal_rcc.o
    0x0800239c   0x00000358   Code   RO         1083    i.HAL_RCC_OscConfig  stm32f4xx_hal_rcc.o
    0x080026f4   0x00000018   Code   RO          883    i.HAL_SYSTICK_CLKSourceConfig  stm32f4xx_hal_cortex.o
    0x0800270c   0x00000028   Code   RO          885    i.HAL_SYSTICK_Config  stm32f4xx_hal_cortex.o
    0x08002734   0x00000090   Code   RO         2779    i.HAL_TIMEx_MasterConfigSynchronization  stm32f4xx_hal_tim_ex.o
    0x080027c4   0x0000005a   Code   RO         2056    i.HAL_TIM_Base_Init  stm32f4xx_hal_tim.o
    0x0800281e   0x00000002   Code   RO         2058    i.HAL_TIM_Base_MspInit  stm32f4xx_hal_tim.o
    0x08002820   0x00000080   Code   RO         2061    i.HAL_TIM_Base_Start_IT  stm32f4xx_hal_tim.o
    0x080028a0   0x000000a4   Code   RO         2077    i.HAL_TIM_Encoder_Init  stm32f4xx_hal_tim.o
    0x08002944   0x00000064   Code   RO          642    i.HAL_TIM_Encoder_MspInit  tim.o
    0x080029a8   0x00000092   Code   RO         2080    i.HAL_TIM_Encoder_Start  stm32f4xx_hal_tim.o
    0x08002a3a   0x00000002   Code   RO         1667    i.HAL_UARTEx_RxEventCallback  stm32f4xx_hal_uart.o
    0x08002a3c   0x00000002   Code   RO         1681    i.HAL_UART_ErrorCallback  stm32f4xx_hal_uart.o
    0x08002a3e   0x0000000a   Code   RO         1683    i.HAL_UART_GetState  stm32f4xx_hal_uart.o
    0x08002a48   0x00000210   Code   RO         1684    i.HAL_UART_IRQHandler  stm32f4xx_hal_uart.o
    0x08002c58   0x00000062   Code   RO         1685    i.HAL_UART_Init     stm32f4xx_hal_uart.o
    0x08002cba   0x00000002   PAD
    0x08002cbc   0x00000090   Code   RO          551    i.HAL_UART_MspInit  usart.o
    0x08002d4c   0x0000002a   Code   RO         1690    i.HAL_UART_Receive_IT  stm32f4xx_hal_uart.o
    0x08002d76   0x00000002   PAD
    0x08002d78   0x00000058   Code   RO          552    i.HAL_UART_RxCpltCallback  usart.o
    0x08002dd0   0x00000002   Code   RO         1696    i.HAL_UART_TxCpltCallback  stm32f4xx_hal_uart.o
    0x08002dd2   0x00000002   Code   RO          323    i.HardFault_Handler  stm32f4xx_it.o
    0x08002dd4   0x0000004c   Code   RO         3917    i.MX_CAN1_Init      can.o
    0x08002e20   0x0000006c   Code   RO          643    i.MX_TIM5_Init      tim.o
    0x08002e8c   0x00000002   Code   RO          324    i.MemManage_Handler  stm32f4xx_it.o
    0x08002e8e   0x00000002   Code   RO          325    i.NMI_Handler       stm32f4xx_it.o
    0x08002e90   0x00000002   Code   RO          326    i.PendSV_Handler    stm32f4xx_it.o
    0x08002e92   0x00000002   PAD
    0x08002e94   0x000001c4   Code   RO         3918    i.ProcessMotorCANMessage  can.o
    0x08003058   0x00000002   Code   RO          327    i.SVC_Handler       stm32f4xx_it.o
    0x0800305a   0x00000004   Code   RO          328    i.SysTick_Handler   stm32f4xx_it.o
    0x0800305e   0x00000002   PAD
    0x08003060   0x00000010   Code   RO          397    i.SystemInit        system_stm32f4xx.o
    0x08003070   0x00000034   Code   RO         4269    i.TIM4_IRQHandler   usmart_port.o
    0x080030a4   0x000000c8   Code   RO         2149    i.TIM_Base_SetConfig  stm32f4xx_hal_tim.o
    0x0800316c   0x0000001a   Code   RO         2150    i.TIM_CCxChannelCmd  stm32f4xx_hal_tim.o
    0x08003186   0x00000010   Code   RO         1698    i.UART_DMAAbortOnError  stm32f4xx_hal_uart.o
    0x08003196   0x00000030   Code   RO         1708    i.UART_EndRxTransfer  stm32f4xx_hal_uart.o
    0x080031c6   0x000000ae   Code   RO         1710    i.UART_Receive_IT   stm32f4xx_hal_uart.o
    0x08003274   0x0000010c   Code   RO         1711    i.UART_SetConfig    stm32f4xx_hal_uart.o
    0x08003380   0x00000036   Code   RO         1713    i.UART_Start_Receive_IT  stm32f4xx_hal_uart.o
    0x080033b6   0x00000002   PAD
    0x080033b8   0x00000044   Code   RO          553    i.USART1_IRQHandler  usart.o
    0x080033fc   0x00000002   Code   RO          329    i.UsageFault_Handler  stm32f4xx_it.o
    0x080033fe   0x00000030   Code   RO         4599    i.__ARM_fpclassify  m_wm.l(fpclassify.o)
    0x0800342e   0x00000020   Code   RO          887    i.__NVIC_SetPriority  stm32f4xx_hal_cortex.o
    0x0800344e   0x0000000e   Code   RO         4449    i._is_digit         c_w.l(__printf_wp.o)
    0x0800345c   0x00000002   Code   RO          555    i._sys_exit         usart.o
    0x0800345e   0x00000002   PAD
    0x08003460   0x00000040   Code   RO         3920    i.can_send_msg      can.o
    0x080034a0   0x00000014   Code   RO          435    i.delay_init        delay.o
    0x080034b4   0x0000003c   Code   RO          436    i.delay_ms          delay.o
    0x080034f0   0x00000034   Code   RO          437    i.delay_us          delay.o
    0x08003524   0x0000002c   Code   RO         4068    i.encoder_init      gpio.o
    0x08003550   0x00000014   Code   RO          557    i.fputc             usart.o
    0x08003564   0x00000030   Code   RO         3641    i.lcd_clear         lcd.o
    0x08003594   0x000000b8   Code   RO         3643    i.lcd_display_dir   lcd.o
    0x0800364c   0x000000c4   Code   RO         3646    i.lcd_draw_circle   lcd.o
    0x08003710   0x00000098   Code   RO         3648    i.lcd_draw_line     lcd.o
    0x080037a8   0x00000016   Code   RO         3649    i.lcd_draw_point    lcd.o
    0x080037be   0x00000044   Code   RO         3650    i.lcd_draw_rectangle  lcd.o
    0x08003802   0x00000046   Code   RO         3656    i.lcd_fill          lcd.o
    0x08003848   0x00000010   Code   RO         3659    i.lcd_pow           lcd.o
    0x08003858   0x00000014   Code   RO         3660    i.lcd_rd_data       lcd.o
    0x0800386c   0x00000070   Code   RO         3661    i.lcd_read_point    lcd.o
    0x080038dc   0x0000019c   Code   RO         3662    i.lcd_scan_dir      lcd.o
    0x08003a78   0x000000f0   Code   RO         3663    i.lcd_set_cursor    lcd.o
    0x08003b68   0x000000dc   Code   RO         3665    i.lcd_show_char     lcd.o
    0x08003c44   0x00000074   Code   RO         3666    i.lcd_show_num      lcd.o
    0x08003cb8   0x00000056   Code   RO         3667    i.lcd_show_string   lcd.o
    0x08003d0e   0x0000008a   Code   RO         3668    i.lcd_show_xnum     lcd.o
    0x08003d98   0x00000018   Code   RO         3670    i.lcd_wr_data       lcd.o
    0x08003db0   0x00000018   Code   RO         3671    i.lcd_wr_regno      lcd.o
    0x08003dc8   0x00000014   Code   RO         3672    i.lcd_write_ram_prepare  lcd.o
    0x08003ddc   0x0000000c   Code   RO         3673    i.lcd_write_reg     lcd.o
    0x08003de8   0x000000c4   Code   RO           13    i.main              main.o
    0x08003eac   0x0000008c   Code   RO         4005    i.motor_torque_control  motor_ctrl.o
    0x08003f38   0x0000004c   Code   RO           14    i.print_sent_data   main.o
    0x08003f84   0x00000004   Code   RO         4176    i.read_addr         usmart.o
    0x08003f88   0x0000004c   Code   RO           15    i.send_CAN_array    main.o
    0x08003fd4   0x000000b0   Code   RO          484    i.sys_stm32_clock_init  sys.o
    0x08004084   0x00000038   Code   RO          558    i.usart_init        usart.o
    0x080040bc   0x00000094   Code   RO         4177    i.usmart_cmd_rec    usmart.o
    0x08004150   0x00000260   Code   RO         4178    i.usmart_exe        usmart.o
    0x080043b0   0x000000a4   Code   RO         4320    i.usmart_get_aparm  usmart_str.o
    0x08004454   0x0000002e   Code   RO         4321    i.usmart_get_cmdname  usmart_str.o
    0x08004482   0x00000002   PAD
    0x08004484   0x00000168   Code   RO         4322    i.usmart_get_fname  usmart_str.o
    0x080045ec   0x000000d0   Code   RO         4323    i.usmart_get_fparam  usmart_str.o
    0x080046bc   0x00000020   Code   RO         4270    i.usmart_get_input_string  usmart_port.o
    0x080046dc   0x00000024   Code   RO         4324    i.usmart_get_parmpos  usmart_str.o
    0x08004700   0x00000028   Code   RO         4179    i.usmart_init       usmart.o
    0x08004728   0x00000010   Code   RO         4325    i.usmart_pow        usmart_str.o
    0x08004738   0x00000090   Code   RO         4180    i.usmart_scan       usmart.o
    0x080047c8   0x00000010   Code   RO         4326    i.usmart_search_nextc  usmart_str.o
    0x080047d8   0x000000d6   Code   RO         4327    i.usmart_str2num    usmart_str.o
    0x080048ae   0x00000018   Code   RO         4328    i.usmart_strcmp     usmart_str.o
    0x080048c6   0x00000012   Code   RO         4329    i.usmart_strcopy    usmart_str.o
    0x080048d8   0x00000012   Code   RO         4330    i.usmart_strlen     usmart_str.o
    0x080048ea   0x00000002   PAD
    0x080048ec   0x00000680   Code   RO         4181    i.usmart_sys_cmd_exe  usmart.o
    0x08004f6c   0x00000030   Code   RO         4271    i.usmart_timx_get_time  usmart_port.o
    0x08004f9c   0x00000050   Code   RO         4272    i.usmart_timx_init  usmart_port.o
    0x08004fec   0x00000028   Code   RO         4273    i.usmart_timx_reset_time  usmart_port.o
    0x08005014   0x00000004   Code   RO         4182    i.write_addr        usmart.o
    0x08005018   0x0000002c   Code   RO         4595    locale$$code        c_w.l(lc_numeric_c.o)
    0x08005044   0x00000018   Code   RO         4474    x$fpl$basic         fz_wm.l(basic.o)
    0x0800505c   0x00000062   Code   RO         4476    x$fpl$d2f           fz_wm.l(d2f.o)
    0x080050be   0x00000002   PAD
    0x080050c0   0x00000150   Code   RO         4478    x$fpl$dadd          fz_wm.l(daddsub_clz.o)
    0x08005210   0x00000018   Code   RO         4526    x$fpl$dcmpinf       fz_wm.l(dcmpi.o)
    0x08005228   0x000002b0   Code   RO         4485    x$fpl$ddiv          fz_wm.l(ddiv.o)
    0x080054d8   0x0000005a   Code   RO         4488    x$fpl$dfixu         fz_wm.l(dfixu.o)
    0x08005532   0x00000026   Code   RO         4492    x$fpl$dfltu         fz_wm.l(dflt_clz.o)
    0x08005558   0x00000078   Code   RO         4498    x$fpl$dleqf         fz_wm.l(dleqf.o)
    0x080055d0   0x00000154   Code   RO         4500    x$fpl$dmul          fz_wm.l(dmul.o)
    0x08005724   0x0000009c   Code   RO         4528    x$fpl$dnaninf       fz_wm.l(dnaninf.o)
    0x080057c0   0x0000000c   Code   RO         4530    x$fpl$dretinf       fz_wm.l(dretinf.o)
    0x080057cc   0x000001d4   Code   RO         4480    x$fpl$dsub          fz_wm.l(daddsub_clz.o)
    0x080059a0   0x00000056   Code   RO         4502    x$fpl$f2d           fz_wm.l(f2d.o)
    0x080059f6   0x0000008c   Code   RO         4532    x$fpl$fnaninf       fz_wm.l(fnaninf.o)
    0x08005a82   0x0000000a   Code   RO         4675    x$fpl$fpinit        fz_wm.l(fpinit.o)
    0x08005a8c   0x0000000a   Code   RO         4534    x$fpl$fretinf       fz_wm.l(fretinf.o)
    0x08005a96   0x00000004   Code   RO         4504    x$fpl$printf1       fz_wm.l(printf1.o)
    0x08005a9a   0x00000000   Code   RO         4536    x$fpl$usenofp       fz_wm.l(usenofp.o)
    0x08005a9a   0x00000010   Data   RO          398    .constdata          system_stm32f4xx.o
    0x08005aaa   0x00000008   Data   RO          399    .constdata          system_stm32f4xx.o
    0x08005ab2   0x00002f80   Data   RO         3675    .constdata          lcd.o
    0x08008a32   0x00000028   Data   RO         4422    .constdata          c_w.l(_printf_hex_int.o)
    0x08008a5a   0x00000011   Data   RO         4457    .constdata          c_w.l(__printf_flags_ss_wp.o)
    0x08008a6b   0x00000001   PAD
    0x08008a6c   0x00000094   Data   RO         4566    .constdata          c_w.l(bigflt0.o)
    0x08008b00   0x00000028   Data   RO         4183    .conststring        usmart.o
    0x08008b28   0x00000420   Data   RO         4243    .conststring        usmart_config.o
    0x08008f48   0x00000020   Data   RO         4734    Region$$Table       anon$$obj.o
    0x08008f68   0x0000001c   Data   RO         4594    locale$$data        c_w.l(lc_numeric_c.o)


    Execution Region RW_IRAM1 (Base: 0x20000000, Size: 0x00000898, Max: 0x00020000, ABSOLUTE, COMPRESSED[0x000000a8])

    Base Addr    Size         Type   Attr      Idx    E Section Name        Object

    0x20000000   0x00000002   Data   RW           19    .data               main.o
    0x20000002   0x00000002   PAD
    0x20000004   0x00000004   Data   RW          400    .data               system_stm32f4xx.o
    0x20000008   0x00000004   Data   RW          438    .data               delay.o
    0x2000000c   0x00000004   Data   RW          562    .data               usart.o
    0x20000010   0x00000004   Data   RW          563    .data               usart.o
    0x20000014   0x0000000c   Data   RW          710    .data               stm32f4xx_hal.o
    0x20000020   0x00000004   Data   RW         3677    .data               lcd.o
    0x20000024   0x00000004   Data   RW         4096    .data               exti.o
    0x20000028   0x0000001c   Data   RW         4184    .data               usmart.o
    0x20000044   0x00000080   Data   RW         4244    .data               usmart_config.o
    0x200000c4   0x000000f4   Data   RW         4245    .data               usmart_config.o
    0x200001b8   0x00000028   Zero   RW           18    .bss                main.o
    0x200001e0   0x0000010c   Zero   RW          561    .bss                usart.o
    0x200002ec   0x00000048   Zero   RW          644    .bss                tim.o
    0x20000334   0x0000005e   Zero   RW         3674    .bss                lcd.o
    0x20000392   0x00000002   PAD
    0x20000394   0x0000005c   Zero   RW         3921    .bss                can.o
    0x200003f0   0x00000048   Zero   RW         4274    .bss                usmart_port.o
    0x20000438   0x00000060   Zero   RW         4602    .bss                c_w.l(libspace.o)
    0x20000498   0x00000000   Zero   RW            2    HEAP                startup_stm32f407xx.o
    0x20000498   0x00000400   Zero   RW            1    STACK               startup_stm32f407xx.o


==============================================================================

Image component sizes


      Code (inc. data)   RO Data    RW Data    ZI Data      Debug   Object Name

      1032        424          0          0         92       6277   can.o
       138         14          0          4          0       2607   delay.o
       140         58          0          4          0       1975   exti.o
        44          6          0          0          0        951   gpio.o
      2180         68      12160          4         94      17825   lcd.o
       348         56          0          2         40     716667   main.o
       140          8          0          0          0        787   motor_ctrl.o
        76         28        392          0       1024       1016   startup_stm32f407xx.o
       150         28          0         12          0      10122   stm32f4xx_hal.o
      1148          6          0          0          0       6325   stm32f4xx_hal_can.o
       222         14          0          0          0      34469   stm32f4xx_hal_cortex.o
       178          0          0          0          0       2087   stm32f4xx_hal_dma.o
       494         50          0          0          0       2790   stm32f4xx_hal_gpio.o
      1324         72          0          0          0       5252   stm32f4xx_hal_rcc.o
       756         72          0          0          0       6665   stm32f4xx_hal_tim.o
       144         28          0          0          0       1368   stm32f4xx_hal_tim_ex.o
      1244         16          0          0          0       9260   stm32f4xx_hal_uart.o
        20          0          0          0          0       4450   stm32f4xx_it.o
       176         14          0          0          0       1243   sys.o
        16          4         24          4          0       1455   system_stm32f4xx.o
       208         22          0          0         72       2009   tim.o
       378         56          0          8        268       5805   usart.o
      2612       1308         40         28          0       6094   usmart.o
         0          0       1056        372          0       1652   usmart_config.o
       252         46          0          0         72       3654   usmart_port.o
      1120         20          0          0          0       8863   usmart_str.o

    ----------------------------------------------------------------------
     14564       2418      13704        440       1664     861668   Object Totals
         0          0         32          0          0          0   (incl. Generated)
        24          0          0          2          2          0   (incl. Padding)

    ----------------------------------------------------------------------

      Code (inc. data)   RO Data    RW Data    ZI Data      Debug   Library Member Name

        90          0          0          0          0          0   __dczerorl2.o
         8          0          0          0          0         68   __main.o
       392          4         17          0          0         92   __printf_flags_ss_wp.o
        14          0          0          0          0         68   __printf_wp.o
         0          0          0          0          0          0   __rtentry.o
        12          0          0          0          0          0   __rtentry2.o
         6          0          0          0          0          0   __rtentry4.o
        52          8          0          0          0          0   __scatter.o
        28          0          0          0          0          0   __scatter_zi.o
         6          0          0          0          0          0   _printf_c.o
        44          0          0          0          0        108   _printf_char.o
        48          6          0          0          0         96   _printf_char_common.o
        36          4          0          0          0         80   _printf_char_file.o
         6          0          0          0          0          0   _printf_d.o
       120         16          0          0          0         92   _printf_dec.o
         6          0          0          0          0          0   _printf_f.o
      1050          0          0          0          0        216   _printf_fp_dec.o
       128         16          0          0          0         84   _printf_fp_infnan.o
        88          4         40          0          0         88   _printf_hex_int.o
       178          0          0          0          0         88   _printf_intcommon.o
        78          0          0          0          0        108   _printf_pad.o
         0          0          0          0          0          0   _printf_percent.o
         4          0          0          0          0          0   _printf_percent_end.o
         6          0          0          0          0          0   _printf_s.o
        82          0          0          0          0         80   _printf_str.o
         6          0          0          0          0          0   _printf_u.o
         6          0          0          0          0          0   _printf_x.o
       220          4        148          0          0         96   bigflt0.o
      1910        128          0          0          0        672   btod.o
        12          0          0          0          0         72   exit.o
         8          0          0          0          0         68   ferror.o
         6          0          0          0          0        152   heapauxi.o
        44         10         28          0          0         76   lc_numeric_c.o
         2          0          0          0          0          0   libinit.o
        22          0          0          0          0          0   libinit2.o
         2          0          0          0          0          0   libshutdown.o
         2          0          0          0          0          0   libshutdown2.o
         8          4          0          0         96         68   libspace.o
       138          0          0          0          0         80   lludiv10.o
       238          0          0          0          0        100   lludivv7m.o
        24          4          0          0          0         84   noretval__2printf.o
         8          4          0          0          0         68   rt_locale_intlibspace.o
        78          0          0          0          0         80   rt_memclr_w.o
       100          0          0          0          0         80   rt_memcpy_w.o
         2          0          0          0          0          0   rtexit.o
        10          0          0          0          0          0   rtexit2.o
       128          0          0          0          0         68   strcmpv7m.o
        74          0          0          0          0         80   sys_stackheap_outer.o
         2          0          0          0          0         68   use_no_semi.o
         2          0          0          0          0         68   use_no_semi_2.o
        24          0          0          0          0        164   basic.o
        98          4          0          0          0        140   d2f.o
       804         16          0          0          0        368   daddsub_clz.o
        24          0          0          0          0        116   dcmpi.o
       688        140          0          0          0        256   ddiv.o
        90          4          0          0          0        140   dfixu.o
        38          0          0          0          0        116   dflt_clz.o
       120          4          0          0          0        140   dleqf.o
       340         12          0          0          0        152   dmul.o
       156          4          0          0          0        140   dnaninf.o
        12          0          0          0          0        116   dretinf.o
        86          4          0          0          0        132   f2d.o
       140          4          0          0          0        132   fnaninf.o
        10          0          0          0          0        116   fpinit.o
        10          0          0          0          0        116   fretinf.o
         4          0          0          0          0        116   printf1.o
         0          0          0          0          0          0   usenofp.o
        48          0          0          0          0        124   fpclassify.o

    ----------------------------------------------------------------------
      8238        404        234          0         96       5832   Library Totals
        12          0          1          0          0          0   (incl. Padding)

    ----------------------------------------------------------------------

      Code (inc. data)   RO Data    RW Data    ZI Data      Debug   Library Name

      5534        212        233          0         96       3248   c_w.l
      2644        192          0          0          0       2460   fz_wm.l
        48          0          0          0          0        124   m_wm.l

    ----------------------------------------------------------------------
      8238        404        234          0         96       5832   Library Totals

    ----------------------------------------------------------------------

==============================================================================


      Code (inc. data)   RO Data    RW Data    ZI Data      Debug   

     22802       2822      13938        440       1760     851732   Grand Totals
     22802       2822      13938        168       1760     851732   ELF Image Totals (compressed)
     22802       2822      13938        168          0          0   ROM Totals

==============================================================================

    Total RO  Size (Code + RO Data)                36740 (  35.88kB)
    Total RW  Size (RW Data + ZI Data)              2200 (   2.15kB)
    Total ROM Size (Code + RO Data + RW Data)      36908 (  36.04kB)

==============================================================================

