<html>
<body>
<pre>
<h1>µVision Build Log</h1>
<h2>Tool Versions:</h2>
IDE-Version: ¦ÌVision V5.14.0.0
Copyright (C) 2015 ARM Ltd and ARM Germany GmbH. All rights reserved.
License Information: ouch Administrator, 1, LIC=ATTQ1-C51MJ-NNIAF-615JW-7AGNI-9GD5I
 
Tool Versions:
Toolchain:       MDK-ARM Standard  Version: 5.14.0.0
Toolchain Path:  D:\Keil_v5\ARM\ARMCC\Bin
C Compiler:      Armcc.exe V5.05 update 1 (build 106)
Assembler:       Armasm.exe V5.05 update 1 (build 106)
Linker/Locator:  ArmLink.exe V5.05 update 1 (build 106)
Library Manager: ArmAr.exe V5.05 update 1 (build 106)
Hex Converter:   FromElf.exe V5.05 update 1 (build 106)
CPU DLL:         SARMCM3.DLL V5.14.0.0
Dialog DLL:      DCM.DLL V1.13.1.0
Target DLL:      STLink\ST-LINKIII-KEIL_SWO.dll V2.0.14.0_KEIL
Dialog DLL:      TCM.DLL V1.14.4.0
 
<h2>Project:</h2>
E:\GitHub\Mac_win\Mac_Win\sugical_robot\EE_control\Mater_Control\Projects\MDK-ARM\atk_f407.uvprojx
Project File Date:  08/06/2024

<h2>Output:</h2>
Build target 'CAN'
compiling motor_ctrl.c...
..\..\Drivers\BSP\CTRL\motor_ctrl.c(101): warning: C4487E: read from variable 'speed' with offset out of bounds
}
..\..\Drivers\BSP\CTRL\motor_ctrl.c(101): warning: C4487E: read from variable 'speed' with offset out of bounds
}
..\..\Drivers\BSP\CTRL\motor_ctrl.c: 2 warnings, 0 errors
linking...
Program Size: Code=23946 RO-data=13946 RW-data=480 ZI-data=2856  
FromELF: creating hex file...
"..\..\Output\atk_f407.axf" - 0 Error(s), 2 Warning(s).

<h2>Collection of Component include folders:</h2>
  E:\GitHub\Mac_win\Mac_Win\sugical_robot\EE_control\Mater_Control\Projects\MDK-ARM\RTE
  D:\Keil_v5\ARM\PACK\Keil\STM32F4xx_DFP\2.15.0

<h2>Collection of Component Files used:</h2>
</pre>
</body>
</html>
