Component: ARM Compiler 5.05 update 1 (build 106) Tool: armlink [4d0efa]

==============================================================================

Section Cross References

    startup_stm32f407xx.o(STACK) refers (Special) to heapauxi.o(.text) for __use_two_region_memory
    startup_stm32f407xx.o(HEAP) refers (Special) to heapauxi.o(.text) for __use_two_region_memory
    startup_stm32f407xx.o(RESET) refers (Special) to heapauxi.o(.text) for __use_two_region_memory
    startup_stm32f407xx.o(RESET) refers to startup_stm32f407xx.o(STACK) for __initial_sp
    startup_stm32f407xx.o(RESET) refers to startup_stm32f407xx.o(.text) for Reset_Handler
    startup_stm32f407xx.o(RESET) refers to stm32f4xx_it.o(i.NMI_Handler) for NMI_Handler
    startup_stm32f407xx.o(RESET) refers to stm32f4xx_it.o(i.HardFault_Handler) for HardFault_Handler
    startup_stm32f407xx.o(RESET) refers to stm32f4xx_it.o(i.MemManage_Handler) for MemManage_Handler
    startup_stm32f407xx.o(RESET) refers to stm32f4xx_it.o(i.BusFault_Handler) for BusFault_Handler
    startup_stm32f407xx.o(RESET) refers to stm32f4xx_it.o(i.UsageFault_Handler) for UsageFault_Handler
    startup_stm32f407xx.o(RESET) refers to stm32f4xx_it.o(i.SVC_Handler) for SVC_Handler
    startup_stm32f407xx.o(RESET) refers to stm32f4xx_it.o(i.DebugMon_Handler) for DebugMon_Handler
    startup_stm32f407xx.o(RESET) refers to stm32f4xx_it.o(i.PendSV_Handler) for PendSV_Handler
    startup_stm32f407xx.o(RESET) refers to stm32f4xx_it.o(i.SysTick_Handler) for SysTick_Handler
    startup_stm32f407xx.o(RESET) refers to exti.o(i.EXTI2_IRQHandler) for EXTI2_IRQHandler
    startup_stm32f407xx.o(RESET) refers to exti.o(i.EXTI3_IRQHandler) for EXTI3_IRQHandler
    startup_stm32f407xx.o(RESET) refers to can.o(i.CAN1_RX0_IRQHandler) for CAN1_RX0_IRQHandler
    startup_stm32f407xx.o(RESET) refers to usmart_port.o(i.TIM4_IRQHandler) for TIM4_IRQHandler
    startup_stm32f407xx.o(RESET) refers to usart.o(i.USART1_IRQHandler) for USART1_IRQHandler
    startup_stm32f407xx.o(RESET) refers to adc.o(i.DMA2_Stream4_IRQHandler) for DMA2_Stream4_IRQHandler
    startup_stm32f407xx.o(.text) refers (Special) to heapauxi.o(.text) for __use_two_region_memory
    startup_stm32f407xx.o(.text) refers to system_stm32f4xx.o(i.SystemInit) for SystemInit
    startup_stm32f407xx.o(.text) refers to __main.o(!!!main) for __main
    startup_stm32f407xx.o(.text) refers to startup_stm32f407xx.o(HEAP) for Heap_Mem
    startup_stm32f407xx.o(.text) refers to startup_stm32f407xx.o(STACK) for Stack_Mem
    main.o(i.main) refers to stm32f4xx_hal.o(i.HAL_Init) for HAL_Init
    main.o(i.main) refers to sys.o(i.sys_stm32_clock_init) for sys_stm32_clock_init
    main.o(i.main) refers to delay.o(i.delay_init) for delay_init
    main.o(i.main) refers to usart.o(i.usart_init) for usart_init
    main.o(i.main) refers to gpio.o(i.encoder_init) for encoder_init
    main.o(i.main) refers to tim.o(i.MX_TIM5_Init) for MX_TIM5_Init
    main.o(i.main) refers to key.o(i.key_init) for key_init
    main.o(i.main) refers to led.o(i.led_init) for led_init
    main.o(i.main) refers to stm32f4xx_hal_tim.o(i.HAL_TIM_Encoder_Start) for HAL_TIM_Encoder_Start
    main.o(i.main) refers to can.o(i.CAN_Config) for CAN_Config
    main.o(i.main) refers to adc.o(i.adc_nch_dma_init) for adc_nch_dma_init
    main.o(i.main) refers to adc.o(i.adc_nch_dma_enable) for adc_nch_dma_enable
    main.o(i.main) refers to noretval__2printf.o(.text) for __2printf
    main.o(i.main) refers to delay.o(i.delay_ms) for delay_ms
    main.o(i.main) refers to delay.o(i.HAL_Delay) for HAL_Delay
    main.o(i.main) refers to motor_ctrl.o(i.motor_torque_control) for motor_torque_control
    main.o(i.main) refers to motor_ctrl.o(i.update_encoder_angle) for update_encoder_angle
    main.o(i.main) refers to key.o(i.ModeSwitch) for ModeSwitch
    main.o(i.main) refers to stm32f4xx_hal_gpio.o(i.HAL_GPIO_WritePin) for HAL_GPIO_WritePin
    main.o(i.main) refers to mapping.o(i.Mapping_ABS) for Mapping_ABS
    main.o(i.main) refers to mapping.o(i.Mapping_INCREMENT) for Mapping_INCREMENT
    main.o(i.main) refers to datatransmission.o(i.send_CAN_array) for send_CAN_array
    main.o(i.main) refers to usmart_config.o(.data) for usmart_dev
    main.o(i.main) refers to tim.o(.bss) for htim5
    main.o(i.main) refers to motor_ctrl.o(.bss) for g_adc_dma_buf
    main.o(i.main) refers to motor_ctrl.o(.data) for motor_IDs
    main.o(i.main) refers to main.o(.data) for .data
    main.o(i.main) refers to datatransmission.o(.bss) for motor_encoder_angles
    main.o(i.main) refers to mapping.o(.bss) for slave_unit_joint_angles
    stm32f4xx_it.o(i.SysTick_Handler) refers to stm32f4xx_hal.o(i.HAL_IncTick) for HAL_IncTick
    system_stm32f4xx.o(i.SystemCoreClockUpdate) refers to system_stm32f4xx.o(.data) for .data
    system_stm32f4xx.o(i.SystemCoreClockUpdate) refers to system_stm32f4xx.o(.constdata) for .constdata
    datatransmission.o(i.float_2_uint16) refers to f2d.o(x$fpl$f2d) for __aeabi_f2d
[...]
    _init_alloc                               - Undefined Weak Reference
    _init_user_alloc                          - Undefined Weak Reference
    _initio                                   - Undefined Weak Reference
    _mutex_acquire                            - Undefined Weak Reference
    _mutex_release                            - Undefined Weak Reference
    _printf_mbtowc                            - Undefined Weak Reference
    _printf_truncate_signed                   - Undefined Weak Reference
    _printf_truncate_unsigned                 - Undefined Weak Reference
    _rand_init                                - Undefined Weak Reference
    _signal_finish                            - Undefined Weak Reference
    _signal_init                              - Undefined Weak Reference
    _terminate_alloc                          - Undefined Weak Reference
    _terminate_user_alloc                     - Undefined Weak Reference
    _terminateio                              - Undefined Weak Reference
    __Vectors_Size                           0x00000188   Number         0  startup_stm32f407xx.o ABSOLUTE
    __Vectors                                0x08000000   Data           4  startup_stm32f407xx.o(RESET)
    __Vectors_End                            0x08000188   Data           0  startup_stm32f407xx.o(RESET)
    __main                                   0x08000189   Thumb Code     8  __main.o(!!!main)
    __scatterload                            0x08000191   Thumb Code     0  __scatter.o(!!!scatter)
    __scatterload_rt2                        0x08000191   Thumb Code    44  __scatter.o(!!!scatter)
    __scatterload_rt2_thumb_only             0x08000191   Thumb Code     0  __scatter.o(!!!scatter)
    __scatterload_null                       0x0800019f   Thumb Code     0  __scatter.o(!!!scatter)
    __decompress                             0x080001c5   Thumb Code    90  __dczerorl2.o(!!dczerorl2)
    __decompress1                            0x080001c5   Thumb Code     0  __dczerorl2.o(!!dczerorl2)
    __scatterload_zeroinit                   0x08000221   Thumb Code    28  __scatter_zi.o(!!handler_zi)
    _printf_d                                0x0800023d   Thumb Code     0  _printf_d.o(.ARM.Collect$$_printf_percent$$00000009)
    _printf_percent                          0x0800023d   Thumb Code     0  _printf_percent.o(.ARM.Collect$$_printf_percent$$00000000)
    _printf_u                                0x08000243   Thumb Code     0  _printf_u.o(.ARM.Collect$$_printf_percent$$0000000A)
    _printf_x                                0x08000249   Thumb Code     0  _printf_x.o(.ARM.Collect$$_printf_percent$$0000000C)
    _printf_c                                0x0800024f   Thumb Code     0  _printf_c.o(.ARM.Collect$$_printf_percent$$00000013)
    _printf_s                                0x08000255   Thumb Code     0  _printf_s.o(.ARM.Collect$$_printf_percent$$00000014)
    _printf_percent_end                      0x0800025b   Thumb Code     0  _printf_percent_end.o(.ARM.Collect$$_printf_percent$$00000017)
    __rt_lib_init                            0x0800025f   Thumb Code     0  libinit.o(.ARM.Collect$$libinit$$00000000)
    __rt_lib_init_fp_1                       0x08000261   Thumb Code     0  libinit2.o(.ARM.Collect$$libinit$$00000001)
    __rt_lib_init_alloca_1                   0x08000265   Thumb Code     0  libinit2.o(.ARM.Collect$$libinit$$0000002E)
    __rt_lib_init_argv_1                     0x08000265   Thumb Code     0  libinit2.o(.ARM.Collect$$libinit$$0000002C)
    __rt_lib_init_atexit_1                   0x08000265   Thumb Code     0  libinit2.o(.ARM.Collect$$libinit$$0000001B)
    __rt_lib_init_clock_1                    0x08000265   Thumb Code     0  libinit2.o(.ARM.Collect$$libinit$$00000021)
    __rt_lib_init_cpp_1                      0x08000265   Thumb Code     0  libinit2.o(.ARM.Collect$$libinit$$00000032)
    __rt_lib_init_exceptions_1               0x08000265   Thumb Code     0  libinit2.o(.ARM.Collect$$libinit$$00000030)
    __rt_lib_init_fp_trap_1                  0x08000265   Thumb Code     0  libinit2.o(.ARM.Collect$$libinit$$0000001F)
    __rt_lib_init_getenv_1                   0x08000265   Thumb Code     0  libinit2.o(.ARM.Collect$$libinit$$00000023)
    __rt_lib_init_heap_1                     0x08000265   Thumb Code     0  libinit2.o(.ARM.Collect$$libinit$$0000000A)
    __rt_lib_init_lc_collate_1               0x08000265   Thumb Code     0  libinit2.o(.ARM.Collect$$libinit$$00000011)
    __rt_lib_init_lc_ctype_1                 0x08000265   Thumb Code     0  libinit2.o(.ARM.Collect$$libinit$$00000013)
    __rt_lib_init_lc_monetary_1              0x08000265   Thumb Code     0  libinit2.o(.ARM.Collect$$libinit$$00000015)
    __rt_lib_init_lc_numeric_1               0x08000265   Thumb Code     0  libinit2.o(.ARM.Collect$$libinit$$00000017)
    __rt_lib_init_lc_time_1                  0x08000265   Thumb Code     0  libinit2.o(.ARM.Collect$$libinit$$00000019)
    __rt_lib_init_preinit_1                  0x08000265   Thumb Code     0  libinit2.o(.ARM.Collect$$libinit$$00000004)
    __rt_lib_init_rand_1                     0x08000265   Thumb Code     0  libinit2.o(.ARM.Collect$$libinit$$0000000E)
    __rt_lib_init_return                     0x08000265   Thumb Code     0  libinit2.o(.ARM.Collect$$libinit$$00000033)
    __rt_lib_init_signal_1                   0x08000265   Thumb Code     0  libinit2.o(.ARM.Collect$$libinit$$0000001D)
    __rt_lib_init_stdio_1                    0x08000265   Thumb Code     0  libinit2.o(.ARM.Collect$$libinit$$00000025)
    __rt_lib_init_user_alloc_1               0x08000265   Thumb Code     0  libinit2.o(.ARM.Collect$$libinit$$0000000C)
    __rt_lib_shutdown                        0x08000267   Thumb Code     0  libshutdown.o(.ARM.Collect$$libshutdown$$00000000)
    __rt_lib_shutdown_fp_trap_1              0x08000269   Thumb Code     0  libshutdown2.o(.ARM.Collect$$libshutdown$$00000006)
    __rt_lib_shutdown_heap_1                 0x08000269   Thumb Code     0  libshutdown2.o(.ARM.Collect$$libshutdown$$0000000E)
    __rt_lib_shutdown_return                 0x08000269   Thumb Code     0  libshutdown2.o(.ARM.Collect$$libshutdown$$0000000F)
    __rt_lib_shutdown_signal_1               0x08000269   Thumb Code     0  libshutdown2.o(.ARM.Collect$$libshutdown$$00000009)
    __rt_lib_shutdown_stdio_1                0x08000269   Thumb Code     0  libshutdown2.o(.ARM.Collect$$libshutdown$$00000003)
    __rt_lib_shutdown_user_alloc_1           0x08000269   Thumb Code     0  libshutdown2.o(.ARM.Collect$$libshutdown$$0000000B)
    __rt_entry                               0x0800026b   Thumb Code     0  __rtentry.o(.ARM.Collect$$rtentry$$00000000)
    __rt_entry_presh_1                       0x0800026b   Thumb Code     0  __rtentry2.o(.ARM.Collect$$rtentry$$00000002)
    __rt_entry_sh                            0x0800026b   Thumb Code     0  __rtentry4.o(.ARM.Collect$$rtentry$$00000004)
    __rt_entry_li                            0x08000271   Thumb Code     0  __rtentry2.o(.ARM.Collect$$rtentry$$0000000A)
    __rt_entry_postsh_1                      0x08000271   Thumb Code     0  __rtentry2.o(.ARM.Collect$$rtentry$$00000009)
    __rt_entry_main                          0x08000275   Thumb Code     0  __rtentry2.o(.ARM.Collect$$rtentry$$0000000D)
    __rt_entry_postli_1                      0x08000275   Thumb Code     0  __rtentry2.o(.ARM.Collect$$rtentry$$0000000C)
    __rt_exit                                0x0800027d   Thumb Code     0  rtexit.o(.ARM.Collect$$rtexit$$00000000)
    __rt_exit_ls                             0x0800027f   Thumb Code     0  rtexit2.o(.ARM.Collect$$rtexit$$00000003)
    __rt_exit_prels_1                        0x0800027f   Thumb Code     0  rtexit2.o(.ARM.Collect$$rtexit$$00000002)
    __rt_exit_exit                           0x08000283   Thumb Code     0  rtexit2.o(.ARM.Collect$$rtexit$$00000004)
    Reset_Handler                            0x08000289   Thumb Code    18  startup_stm32f407xx.o(.text)
    ADC_IRQHandler                           0x080002ad   Thumb Code     0  startup_stm32f407xx.o(.text)
    CAN1_RX1_IRQHandler                      0x080002ad   Thumb Code     0  startup_stm32f407xx.o(.text)
    CAN1_SCE_IRQHandler                      0x080002ad   Thumb Code     0  startup_stm32f407xx.o(.text)
    CAN1_TX_IRQHandler                       0x080002ad   Thumb Code     0  startup_stm32f407xx.o(.text)
    CAN2_RX0_IRQHandler                      0x080002ad   Thumb Code     0  startup_stm32f407xx.o(.text)
    CAN2_RX1_IRQHandler                      0x080002ad   Thumb Code     0  startup_stm32f407xx.o(.text)
    CAN2_SCE_IRQHandler                      0x080002ad   Thumb Code     0  startup_stm32f407xx.o(.text)
    CAN2_TX_IRQHandler                       0x080002ad   Thumb Code     0  startup_stm32f407xx.o(.text)
    DCMI_IRQHandler                          0x080002ad   Thumb Code     0  startup_stm32f407xx.o(.text)
    DMA1_Stream0_IRQHandler                  0x080002ad   Thumb Code     0  startup_stm32f407xx.o(.text)
    DMA1_Stream1_IRQHandler                  0x080002ad   Thumb Code     0  startup_stm32f407xx.o(.text)
    DMA1_Stream2_IRQHandler                  0x080002ad   Thumb Code     0  startup_stm32f407xx.o(.text)
    DMA1_Stream3_IRQHandler                  0x080002ad   Thumb Code     0  startup_stm32f407xx.o(.text)
    DMA1_Stream4_IRQHandler                  0x080002ad   Thumb Code     0  startup_stm32f407xx.o(.text)
    DMA1_Stream5_IRQHandler                  0x080002ad   Thumb Code     0  startup_stm32f407xx.o(.text)
    DMA1_Stream6_IRQHandler                  0x080002ad   Thumb Code     0  startup_stm32f407xx.o(.text)
    DMA1_Stream7_IRQHandler                  0x080002ad   Thumb Code     0  startup_stm32f407xx.o(.text)
    DMA2_Stream0_IRQHandler                  0x080002ad   Thumb Code     0  startup_stm32f407xx.o(.text)
    DMA2_Stream1_IRQHandler                  0x080002ad   Thumb Code     0  startup_stm32f407xx.o(.text)
    DMA2_Stream2_IRQHandler                  0x080002ad   Thumb Code     0  startup_stm32f407xx.o(.text)
    DMA2_Stream3_IRQHandler                  0x080002ad   Thumb Code     0  startup_stm32f407xx.o(.text)
    DMA2_Stream5_IRQHandler                  0x080002ad   Thumb Code     0  startup_stm32f407xx.o(.text)
    DMA2_Stream6_IRQHandler                  0x080002ad   Thumb Code     0  startup_stm32f407xx.o(.text)
    DMA2_Stream7_IRQHandler                  0x080002ad   Thumb Code     0  startup_stm32f407xx.o(.text)
    ETH_IRQHandler                           0x080002ad   Thumb Code     0  startup_stm32f407xx.o(.text)
    ETH_WKUP_IRQHandler                      0x080002ad   Thumb Code     0  startup_stm32f407xx.o(.text)
    EXTI0_IRQHandler                         0x080002ad   Thumb Code     0  startup_stm32f407xx.o(.text)
    EXTI15_10_IRQHandler                     0x080002ad   Thumb Code     0  startup_stm32f407xx.o(.text)
    EXTI1_IRQHandler                         0x080002ad   Thumb Code     0  startup_stm32f407xx.o(.text)
    EXTI4_IRQHandler                         0x080002ad   Thumb Code     0  startup_stm32f407xx.o(.text)
    EXTI9_5_IRQHandler                       0x080002ad   Thumb Code     0  startup_stm32f407xx.o(.text)
    FLASH_IRQHandler                         0x080002ad   Thumb Code     0  startup_stm32f407xx.o(.text)
    FMC_IRQHandler                           0x080002ad   Thumb Code     0  startup_stm32f407xx.o(.text)
    FPU_IRQHandler                           0x080002ad   Thumb Code     0  startup_stm32f407xx.o(.text)
    HASH_RNG_IRQHandler                      0x080002ad   Thumb Code     0  startup_stm32f407xx.o(.text)
    I2C1_ER_IRQHandler                       0x080002ad   Thumb Code     0  startup_stm32f407xx.o(.text)
    I2C1_EV_IRQHandler                       0x080002ad   Thumb Code     0  startup_stm32f407xx.o(.text)
    I2C2_ER_IRQHandler                       0x080002ad   Thumb Code     0  startup_stm32f407xx.o(.text)
    I2C2_EV_IRQHandler                       0x080002ad   Thumb Code     0  startup_stm32f407xx.o(.text)
    I2C3_ER_IRQHandler                       0x080002ad   Thumb Code     0  startup_stm32f407xx.o(.text)
    I2C3_EV_IRQHandler                       0x080002ad   Thumb Code     0  startup_stm32f407xx.o(.text)
    OTG_FS_IRQHandler                        0x080002ad   Thumb Code     0  startup_stm32f407xx.o(.text)
    OTG_FS_WKUP_IRQHandler                   0x080002ad   Thumb Code     0  startup_stm32f407xx.o(.text)
    OTG_HS_EP1_IN_IRQHandler                 0x080002ad   Thumb Code     0  startup_stm32f407xx.o(.text)
    OTG_HS_EP1_OUT_IRQHandler                0x080002ad   Thumb Code     0  startup_stm32f407xx.o(.text)
    OTG_HS_IRQHandler                        0x080002ad   Thumb Code     0  startup_stm32f407xx.o(.text)
    OTG_HS_WKUP_IRQHandler                   0x080002ad   Thumb Code     0  startup_stm32f407xx.o(.text)
    PVD_IRQHandler                           0x080002ad   Thumb Code     0  startup_stm32f407xx.o(.text)
    RCC_IRQHandler                           0x080002ad   Thumb Code     0  startup_stm32f407xx.o(.text)
    RTC_Alarm_IRQHandler                     0x080002ad   Thumb Code     0  startup_stm32f407xx.o(.text)
    RTC_WKUP_IRQHandler                      0x080002ad   Thumb Code     0  startup_stm32f407xx.o(.text)
    SDIO_IRQHandler                          0x080002ad   Thumb Code     0  startup_stm32f407xx.o(.text)
    SPI1_IRQHandler                          0x080002ad   Thumb Code     0  startup_stm32f407xx.o(.text)
    SPI2_IRQHandler                          0x080002ad   Thumb Code     0  startup_stm32f407xx.o(.text)
    SPI3_IRQHandler                          0x080002ad   Thumb Code     0  startup_stm32f407xx.o(.text)
    TAMP_STAMP_IRQHandler                    0x080002ad   Thumb Code     0  startup_stm32f407xx.o(.text)
    TIM1_BRK_TIM9_IRQHandler                 0x080002ad   Thumb Code     0  startup_stm32f407xx.o(.text)
    TIM1_CC_IRQHandler                       0x080002ad   Thumb Code     0  startup_stm32f407xx.o(.text)
    TIM1_TRG_COM_TIM11_IRQHandler            0x080002ad   Thumb Code     0  startup_stm32f407xx.o(.text)
    TIM1_UP_TIM10_IRQHandler                 0x080002ad   Thumb Code     0  startup_stm32f407xx.o(.text)
    TIM2_IRQHandler                          0x080002ad   Thumb Code     0  startup_stm32f407xx.o(.text)
    TIM3_IRQHandler                          0x080002ad   Thumb Code     0  startup_stm32f407xx.o(.text)
    TIM5_IRQHandler                          0x080002ad   Thumb Code     0  startup_stm32f407xx.o(.text)
    TIM6_DAC_IRQHandler                      0x080002ad   Thumb Code     0  startup_stm32f407xx.o(.text)
    TIM7_IRQHandler                          0x080002ad   Thumb Code     0  startup_stm32f407xx.o(.text)
    TIM8_BRK_TIM12_IRQHandler                0x080002ad   Thumb Code     0  startup_stm32f407xx.o(.text)
    TIM8_CC_IRQHandler                       0x080002ad   Thumb Code     0  startup_stm32f407xx.o(.text)
    TIM8_TRG_COM_TIM14_IRQHandler            0x080002ad   Thumb Code     0  startup_stm32f407xx.o(.text)
    TIM8_UP_TIM13_IRQHandler                 0x080002ad   Thumb Code     0  startup_stm32f407xx.o(.text)
    UART4_IRQHandler                         0x080002ad   Thumb Code     0  startup_stm32f407xx.o(.text)
    UART5_IRQHandler                         0x080002ad   Thumb Code     0  startup_stm32f407xx.o(.text)
    USART2_IRQHandler                        0x080002ad   Thumb Code     0  startup_stm32f407xx.o(.text)
    USART3_IRQHandler                        0x080002ad   Thumb Code     0  startup_stm32f407xx.o(.text)
    USART6_IRQHandler                        0x080002ad   Thumb Code     0  startup_stm32f407xx.o(.text)
    WWDG_IRQHandler                          0x080002ad   Thumb Code     0  startup_stm32f407xx.o(.text)
    __user_initial_stackheap                 0x080002b1   Thumb Code     0  startup_stm32f407xx.o(.text)
    __use_no_semihosting                     0x080002d5   Thumb Code     2  use_no_semi_2.o(.text)
    __aeabi_uldivmod                         0x080002d7   Thumb Code     0  lludivv7m.o(.text)
    _ll_udiv                                 0x080002d7   Thumb Code   238  lludivv7m.o(.text)
    __aeabi_llsl                             0x080003c5   Thumb Code     0  llshl.o(.text)
    _ll_shift_l                              0x080003c5   Thumb Code    38  llshl.o(.text)
    __2printf                                0x080003ed   Thumb Code    20  noretval__2printf.o(.text)
    _printf_pre_padding                      0x08000405   Thumb Code    44  _printf_pad.o(.text)
    _printf_post_padding                     0x08000431   Thumb Code    34  _printf_pad.o(.text)
    _printf_str                              0x08000453   Thumb Code    82  _printf_str.o(.text)
    _printf_int_dec                          0x080004a5   Thumb Code   104  _printf_dec.o(.text)
    _printf_int_hex                          0x0800051d   Thumb Code    84  _printf_hex_int.o(.text)
    _printf_longlong_hex                     0x0800051d   Thumb Code     0  _printf_hex_int.o(.text)
    __printf                                 0x08000575   Thumb Code   388  __printf_flags_ss_wp.o(.text)
    __aeabi_memcpy4                          0x080006fd   Thumb Code     0  rt_memcpy_w.o(.text)
    __aeabi_memcpy8                          0x080006fd   Thumb Code     0  rt_memcpy_w.o(.text)
    __rt_memcpy_w                            0x080006fd   Thumb Code   100  rt_memcpy_w.o(.text)
    _memcpy_lastbytes_aligned                0x08000745   Thumb Code     0  rt_memcpy_w.o(.text)
    __aeabi_memclr4                          0x08000761   Thumb Code     0  rt_memclr_w.o(.text)
    __aeabi_memclr8                          0x08000761   Thumb Code     0  rt_memclr_w.o(.text)
    __rt_memclr_w                            0x08000761   Thumb Code    78  rt_memclr_w.o(.text)
    _memset_w                                0x08000765   Thumb Code     0  rt_memclr_w.o(.text)
    __use_two_region_memory                  0x080007af   Thumb Code     2  heapauxi.o(.text)
    __rt_heap_escrow$2region                 0x080007b1   Thumb Code     2  heapauxi.o(.text)
    __rt_heap_expand$2region                 0x080007b3   Thumb Code     2  heapauxi.o(.text)
    __semihosting$guard                      0x080007b5   Thumb Code     0  use_no_semi.o(.text)
    __use_no_semihosting_swi                 0x080007b5   Thumb Code     2  use_no_semi.o(.text)
    __read_errno                             0x080007b7   Thumb Code    10  _rserrno.o(.text)
    __set_errno                              0x080007c1   Thumb Code    12  _rserrno.o(.text)
    _printf_int_common                       0x080007cd   Thumb Code   178  _printf_intcommon.o(.text)
    _printf_char_common                      0x0800088b   Thumb Code    32  _printf_char_common.o(.text)
    _printf_cs_common                        0x080008b1   Thumb Code    20  _printf_char.o(.text)
    _printf_char                             0x080008c5   Thumb Code    16  _printf_char.o(.text)
    _printf_string                           0x080008d5   Thumb Code     8  _printf_char.o(.text)
    _printf_char_file                        0x080008dd   Thumb Code    32  _printf_char_file.o(.text)
    __aeabi_errno_addr                       0x08000901   Thumb Code     8  rt_errno_addr_intlibspace.o(.text)
    __errno$intlibspace                      0x08000901   Thumb Code     0  rt_errno_addr_intlibspace.o(.text)
    __rt_errno_addr$intlibspace              0x08000901   Thumb Code     0  rt_errno_addr_intlibspace.o(.text)
    ferror                                   0x08000909   Thumb Code     8  ferror.o(.text)
    __user_libspace                          0x08000911   Thumb Code     8  libspace.o(.text)
    __user_perproc_libspace                  0x08000911   Thumb Code     0  libspace.o(.text)
    __user_perthread_libspace                0x08000911   Thumb Code     0  libspace.o(.text)
    __user_setup_stackheap                   0x08000919   Thumb Code    74  sys_stackheap_outer.o(.text)
    exit                                     0x08000963   Thumb Code    12  exit.o(.text)
    BusFault_Handler                         0x08000b25   Thumb Code     2  stm32f4xx_it.o(i.BusFault_Handler)
    CAN1_RX0_IRQHandler                      0x08000b29   Thumb Code    34  can.o(i.CAN1_RX0_IRQHandler)
    CAN_Config                               0x08000b51   Thumb Code    76  can.o(i.CAN_Config)
    CAN_Filter_Config                        0x08000bf9   Thumb Code    48  can.o(i.CAN_Filter_Config)
    DMA2_Stream4_IRQHandler                  0x08000c5d   Thumb Code    28  adc.o(i.DMA2_Stream4_IRQHandler)
    DebugMon_Handler                         0x08000d25   Thumb Code     2  stm32f4xx_it.o(i.DebugMon_Handler)
    EXTI2_IRQHandler                         0x08000d29   Thumb Code    16  exti.o(i.EXTI2_IRQHandler)
    EXTI3_IRQHandler                         0x08000d3d   Thumb Code    16  exti.o(i.EXTI3_IRQHandler)
    Error_Handler                            0x08000d51   Thumb Code     4  can.o(i.Error_Handler)
    HAL_ADC_ConfigChannel                    0x08000d55   Thumb Code   316  stm32f4xx_hal_adc.o(i.HAL_ADC_ConfigChannel)
    HAL_ADC_ConvCpltCallback                 0x08000ea1   Thumb Code     2  stm32f4xx_hal_adc.o(i.HAL_ADC_ConvCpltCallback)
    HAL_ADC_ConvHalfCpltCallback             0x08000ea3   Thumb Code     2  stm32f4xx_hal_adc.o(i.HAL_ADC_ConvHalfCpltCallback)
    HAL_ADC_ErrorCallback                    0x08000ea5   Thumb Code     2  stm32f4xx_hal_adc.o(i.HAL_ADC_ErrorCallback)
    HAL_ADC_Init                             0x08000ea7   Thumb Code    84  stm32f4xx_hal_adc.o(i.HAL_ADC_Init)
    HAL_ADC_MspInit                          0x08000efd   Thumb Code    74  adc.o(i.HAL_ADC_MspInit)
    HAL_ADC_Start_DMA                        0x08000f55   Thumb Code   304  stm32f4xx_hal_adc.o(i.HAL_ADC_Start_DMA)
    HAL_CAN_ActivateNotification             0x080010a9   Thumb Code    36  stm32f4xx_hal_can.o(i.HAL_CAN_ActivateNotification)
    HAL_CAN_AddTxMessage                     0x080010cd   Thumb Code   200  stm32f4xx_hal_can.o(i.HAL_CAN_AddTxMessage)
    HAL_CAN_ConfigFilter                     0x08001195   Thumb Code   262  stm32f4xx_hal_can.o(i.HAL_CAN_ConfigFilter)
    HAL_CAN_GetRxMessage                     0x080012a1   Thumb Code   232  stm32f4xx_hal_can.o(i.HAL_CAN_GetRxMessage)
    HAL_CAN_GetTxMailboxesFreeLevel          0x08001389   Thumb Code    44  stm32f4xx_hal_can.o(i.HAL_CAN_GetTxMailboxesFreeLevel)
    HAL_CAN_Init                             0x080013b5   Thumb Code   282  stm32f4xx_hal_can.o(i.HAL_CAN_Init)
    HAL_CAN_MspInit                          0x080014d1   Thumb Code   114  can.o(i.HAL_CAN_MspInit)
    HAL_CAN_Start                            0x08001551   Thumb Code    86  stm32f4xx_hal_can.o(i.HAL_CAN_Start)
    HAL_DMA_Abort                            0x080015a7   Thumb Code   142  stm32f4xx_hal_dma.o(i.HAL_DMA_Abort)
    HAL_DMA_Abort_IT                         0x08001635   Thumb Code    36  stm32f4xx_hal_dma.o(i.HAL_DMA_Abort_IT)
    HAL_DMA_Init                             0x08001659   Thumb Code   206  stm32f4xx_hal_dma.o(i.HAL_DMA_Init)
    HAL_DMA_Start                            0x0800172d   Thumb Code    70  stm32f4xx_hal_dma.o(i.HAL_DMA_Start)
    HAL_DMA_Start_IT                         0x08001773   Thumb Code   110  stm32f4xx_hal_dma.o(i.HAL_DMA_Start_IT)
    HAL_Delay                                0x080017e1   Thumb Code     6  delay.o(i.HAL_Delay)
    HAL_GPIO_EXTI_Callback                   0x080017e9   Thumb Code    50  exti.o(i.HAL_GPIO_EXTI_Callback)
    HAL_GPIO_EXTI_IRQHandler                 0x0800184d   Thumb Code    18  stm32f4xx_hal_gpio.o(i.HAL_GPIO_EXTI_IRQHandler)
    HAL_GPIO_Init                            0x08001865   Thumb Code   416  stm32f4xx_hal_gpio.o(i.HAL_GPIO_Init)
    HAL_GPIO_ReadPin                         0x08001a31   Thumb Code    10  stm32f4xx_hal_gpio.o(i.HAL_GPIO_ReadPin)
    HAL_GPIO_WritePin                        0x08001a3b   Thumb Code    10  stm32f4xx_hal_gpio.o(i.HAL_GPIO_WritePin)
    HAL_GetREVID                             0x08001a45   Thumb Code     8  stm32f4xx_hal.o(i.HAL_GetREVID)
    HAL_GetTick                              0x08001a51   Thumb Code     6  stm32f4xx_hal.o(i.HAL_GetTick)
    HAL_IncTick                              0x08001a5d   Thumb Code    12  stm32f4xx_hal.o(i.HAL_IncTick)
    HAL_Init                                 0x08001a6d   Thumb Code    40  stm32f4xx_hal.o(i.HAL_Init)
    HAL_InitTick                             0x08001a99   Thumb Code    54  stm32f4xx_hal.o(i.HAL_InitTick)
    HAL_MspInit                              0x08001ad9   Thumb Code     2  stm32f4xx_hal.o(i.HAL_MspInit)
    HAL_NVIC_EnableIRQ                       0x08001adb   Thumb Code    26  stm32f4xx_hal_cortex.o(i.HAL_NVIC_EnableIRQ)
    HAL_NVIC_SetPriority                     0x08001af5   Thumb Code    60  stm32f4xx_hal_cortex.o(i.HAL_NVIC_SetPriority)
    HAL_NVIC_SetPriorityGrouping             0x08001b35   Thumb Code    26  stm32f4xx_hal_cortex.o(i.HAL_NVIC_SetPriorityGrouping)
    HAL_RCC_ClockConfig                      0x08001b59   Thumb Code   288  stm32f4xx_hal_rcc.o(i.HAL_RCC_ClockConfig)
    HAL_RCC_GetPCLK1Freq                     0x08001c8d   Thumb Code    20  stm32f4xx_hal_rcc.o(i.HAL_RCC_GetPCLK1Freq)
    HAL_RCC_GetPCLK2Freq                     0x08001cad   Thumb Code    20  stm32f4xx_hal_rcc.o(i.HAL_RCC_GetPCLK2Freq)
    HAL_RCC_GetSysClockFreq                  0x08001ccd   Thumb Code    88  stm32f4xx_hal_rcc.o(i.HAL_RCC_GetSysClockFreq)
    HAL_RCC_OscConfig                        0x08001d2d   Thumb Code   836  stm32f4xx_hal_rcc.o(i.HAL_RCC_OscConfig)
    HAL_SYSTICK_CLKSourceConfig              0x08002085   Thumb Code    24  stm32f4xx_hal_cortex.o(i.HAL_SYSTICK_CLKSourceConfig)
    HAL_SYSTICK_Config                       0x0800209d   Thumb Code    40  stm32f4xx_hal_cortex.o(i.HAL_SYSTICK_Config)
    HAL_TIMEx_MasterConfigSynchronization    0x080020c5   Thumb Code   116  stm32f4xx_hal_tim_ex.o(i.HAL_TIMEx_MasterConfigSynchronization)
    HAL_TIM_Base_Init                        0x08002155   Thumb Code    90  stm32f4xx_hal_tim.o(i.HAL_TIM_Base_Init)
    HAL_TIM_Base_MspInit                     0x080021af   Thumb Code     2  stm32f4xx_hal_tim.o(i.HAL_TIM_Base_MspInit)
    HAL_TIM_Base_Start_IT                    0x080021b1   Thumb Code   100  stm32f4xx_hal_tim.o(i.HAL_TIM_Base_Start_IT)
    HAL_TIM_Encoder_Init                     0x08002231   Thumb Code   164  stm32f4xx_hal_tim.o(i.HAL_TIM_Encoder_Init)
    HAL_TIM_Encoder_MspInit                  0x080022d5   Thumb Code    88  tim.o(i.HAL_TIM_Encoder_MspInit)
    HAL_TIM_Encoder_Start                    0x08002339   Thumb Code   146  stm32f4xx_hal_tim.o(i.HAL_TIM_Encoder_Start)
    HAL_UARTEx_RxEventCallback               0x080023cb   Thumb Code     2  stm32f4xx_hal_uart.o(i.HAL_UARTEx_RxEventCallback)
    HAL_UART_ErrorCallback                   0x080023cd   Thumb Code     2  stm32f4xx_hal_uart.o(i.HAL_UART_ErrorCallback)
    HAL_UART_GetState                        0x080023cf   Thumb Code    10  stm32f4xx_hal_uart.o(i.HAL_UART_GetState)
    HAL_UART_IRQHandler                      0x080023d9   Thumb Code   522  stm32f4xx_hal_uart.o(i.HAL_UART_IRQHandler)
    HAL_UART_Init                            0x080025e9   Thumb Code    98  stm32f4xx_hal_uart.o(i.HAL_UART_Init)
    HAL_UART_MspInit                         0x0800264d   Thumb Code   130  usart.o(i.HAL_UART_MspInit)
    HAL_UART_Receive_IT                      0x080026dd   Thumb Code    42  stm32f4xx_hal_uart.o(i.HAL_UART_Receive_IT)
    HAL_UART_RxCpltCallback                  0x08002709   Thumb Code    76  usart.o(i.HAL_UART_RxCpltCallback)
    HAL_UART_TxCpltCallback                  0x08002761   Thumb Code     2  stm32f4xx_hal_uart.o(i.HAL_UART_TxCpltCallback)
    HardFault_Handler                        0x08002763   Thumb Code     2  stm32f4xx_it.o(i.HardFault_Handler)
    MX_CAN1_Init                             0x08002765   Thumb Code    66  can.o(i.MX_CAN1_Init)
    MX_TIM5_Init                             0x080027b1   Thumb Code    98  tim.o(i.MX_TIM5_Init)
    Mapping_ABS                              0x0800281d   Thumb Code    60  mapping.o(i.Mapping_ABS)
    Mapping_INCREMENT                        0x0800285d   Thumb Code     6  mapping.o(i.Mapping_INCREMENT)
    MemManage_Handler                        0x08002863   Thumb Code     2  stm32f4xx_it.o(i.MemManage_Handler)
    ModeSwitch                               0x08002865   Thumb Code    66  key.o(i.ModeSwitch)
    NMI_Handler                              0x080028b1   Thumb Code     2  stm32f4xx_it.o(i.NMI_Handler)
    PendSV_Handler                           0x080028b3   Thumb Code     2  stm32f4xx_it.o(i.PendSV_Handler)
    ProcessMotorCANMessage                   0x080028b5   Thumb Code    28  can.o(i.ProcessMotorCANMessage)
    SVC_Handler                              0x08002911   Thumb Code     2  stm32f4xx_it.o(i.SVC_Handler)
    SysTick_Handler                          0x08002913   Thumb Code     4  stm32f4xx_it.o(i.SysTick_Handler)
    SystemInit                               0x08002919   Thumb Code    12  system_stm32f4xx.o(i.SystemInit)
    TIM4_IRQHandler                          0x08002929   Thumb Code    44  usmart_port.o(i.TIM4_IRQHandler)
    TIM_Base_SetConfig                       0x0800295d   Thumb Code   156  stm32f4xx_hal_tim.o(i.TIM_Base_SetConfig)
    TIM_CCxChannelCmd                        0x08002a25   Thumb Code    26  stm32f4xx_hal_tim.o(i.TIM_CCxChannelCmd)
    UART_Start_Receive_IT                    0x08002c39   Thumb Code    54  stm32f4xx_hal_uart.o(i.UART_Start_Receive_IT)
    USART1_IRQHandler                        0x08002c71   Thumb Code    56  usart.o(i.USART1_IRQHandler)
    UsageFault_Handler                       0x08002cb5   Thumb Code     2  stm32f4xx_it.o(i.UsageFault_Handler)
    __ARM_fpclassify                         0x08002cb7   Thumb Code    48  fpclassify.o(i.__ARM_fpclassify)
    __hardfp_acos                            0x08002d09   Thumb Code   738  acos.o(i.__hardfp_acos)
    __hardfp_asin                            0x08003061   Thumb Code   770  asin.o(i.__hardfp_asin)
    __hardfp_atan                            0x080033c1   Thumb Code   622  atan.o(i.__hardfp_atan)
    __hardfp_atan2                           0x08003699   Thumb Code   432  atan2.o(i.__hardfp_atan2)
    __hardfp_cos                             0x08003889   Thumb Code   180  cos.o(i.__hardfp_cos)
    __hardfp_pow                             0x08003951   Thumb Code  3044  pow.o(i.__hardfp_pow)
    __hardfp_sin                             0x08004589   Thumb Code   180  sin.o(i.__hardfp_sin)
    __hardfp_sqrt                            0x08004651   Thumb Code   122  sqrt.o(i.__hardfp_sqrt)
    __hardfp_tan                             0x080046d1   Thumb Code   108  tan.o(i.__hardfp_tan)
    __ieee754_rem_pio2                       0x08004751   Thumb Code   938  rred.o(i.__ieee754_rem_pio2)
    __kernel_cos                             0x08004b89   Thumb Code   322  cos_i.o(i.__kernel_cos)
    __kernel_poly                            0x08004cf9   Thumb Code   248  poly.o(i.__kernel_poly)
    __kernel_sin                             0x08004df1   Thumb Code   280  sin_i.o(i.__kernel_sin)
    __kernel_tan                             0x08004f21   Thumb Code   764  tan_i.o(i.__kernel_tan)
    __mathlib_dbl_divzero                    0x08005271   Thumb Code    28  dunder.o(i.__mathlib_dbl_divzero)
    __mathlib_dbl_infnan                     0x080052a1   Thumb Code    20  dunder.o(i.__mathlib_dbl_infnan)
    __mathlib_dbl_infnan2                    0x080052b5   Thumb Code    20  dunder.o(i.__mathlib_dbl_infnan2)
    __mathlib_dbl_invalid                    0x080052c9   Thumb Code    24  dunder.o(i.__mathlib_dbl_invalid)
    __mathlib_dbl_overflow                   0x080052e9   Thumb Code    24  dunder.o(i.__mathlib_dbl_overflow)
    __mathlib_dbl_underflow                  0x08005309   Thumb Code    24  dunder.o(i.__mathlib_dbl_underflow)
    _is_digit                                0x08005329   Thumb Code    14  __printf_wp.o(i._is_digit)
    _sys_exit                                0x08005337   Thumb Code     2  usart.o(i._sys_exit)
    adc_channel_set                          0x08005339   Thumb Code    14  adc.o(i.adc_channel_set)
    adc_nch_dma_enable                       0x08005349   Thumb Code    64  adc.o(i.adc_nch_dma_enable)
    adc_nch_dma_gpio_init                    0x08005391   Thumb Code    46  adc.o(i.adc_nch_dma_gpio_init)
    adc_nch_dma_init                         0x080053c9   Thumb Code   270  adc.o(i.adc_nch_dma_init)
    atan                                     0x080054ed   Thumb Code    16  atan.o(i.atan)
    calculate_joint_angles                   0x080054fd   Thumb Code   504  mapping.o(i.calculate_joint_angles)
    calculate_slave_joint_angles             0x08005709   Thumb Code  1266  mapping.o(i.calculate_slave_joint_angles)
    calculate_unit_joints                    0x08005c01   Thumb Code   230  mapping.o(i.calculate_unit_joints)
    can_send_msg                             0x08005ced   Thumb Code    58  can.o(i.can_send_msg)
    degrees_to_radians                       0x08005d2d   Thumb Code    32  mapping.o(i.degrees_to_radians)
    delay_init                               0x08005d55   Thumb Code    16  delay.o(i.delay_init)
    delay_ms                                 0x08005d69   Thumb Code    54  delay.o(i.delay_ms)
    delay_us                                 0x08005da5   Thumb Code    48  delay.o(i.delay_us)
    encoder_init                             0x08005dd9   Thumb Code    38  gpio.o(i.encoder_init)
    fabs                                     0x08005e05   Thumb Code    24  fabs.o(i.fabs)
    fputc                                    0x08005e1d   Thumb Code    14  usart.o(i.fputc)
    handle_multi_angle                       0x08005e31   Thumb Code   112  can.o(i.handle_multi_angle)
    key_init                                 0x08005ecd   Thumb Code   146  key.o(i.key_init)
    lcd_clear                                0x08005f6d   Thumb Code    44  lcd.o(i.lcd_clear)
    lcd_display_dir                          0x08005f9d   Thumb Code   180  lcd.o(i.lcd_display_dir)
    lcd_draw_circle                          0x08006055   Thumb Code   196  lcd.o(i.lcd_draw_circle)
    lcd_draw_line                            0x08006119   Thumb Code   152  lcd.o(i.lcd_draw_line)
    lcd_draw_point                           0x080061b1   Thumb Code    22  lcd.o(i.lcd_draw_point)
    lcd_draw_rectangle                       0x080061c7   Thumb Code    68  lcd.o(i.lcd_draw_rectangle)
    lcd_fill                                 0x0800620b   Thumb Code    70  lcd.o(i.lcd_fill)
    lcd_read_point                           0x08006275   Thumb Code   108  lcd.o(i.lcd_read_point)
    lcd_scan_dir                             0x080062e5   Thumb Code   406  lcd.o(i.lcd_scan_dir)
    lcd_set_cursor                           0x08006481   Thumb Code   236  lcd.o(i.lcd_set_cursor)
    lcd_show_char                            0x08006571   Thumb Code   196  lcd.o(i.lcd_show_char)
    lcd_show_num                             0x0800664d   Thumb Code   116  lcd.o(i.lcd_show_num)
    lcd_show_string                          0x080066c1   Thumb Code    86  lcd.o(i.lcd_show_string)
    lcd_show_xnum                            0x08006717   Thumb Code   138  lcd.o(i.lcd_show_xnum)
    lcd_wr_data                              0x080067a1   Thumb Code    24  lcd.o(i.lcd_wr_data)
    lcd_wr_regno                             0x080067b9   Thumb Code    24  lcd.o(i.lcd_wr_regno)
    lcd_write_ram_prepare                    0x080067d1   Thumb Code    14  lcd.o(i.lcd_write_ram_prepare)
    lcd_write_reg                            0x080067e5   Thumb Code    12  lcd.o(i.lcd_write_reg)
    led_init                                 0x080067f1   Thumb Code   100  led.o(i.led_init)
    main                                     0x0800685d   Thumb Code   260  main.o(i.main)
    mapping_joints_master_slave              0x0800699d   Thumb Code    22  mapping.o(i.mapping_joints_master_slave)
    mapping_master_drive_joints              0x080069b3   Thumb Code    28  mapping.o(i.mapping_master_drive_joints)
    mapping_slave_segment_section            0x080069cf   Thumb Code    22  mapping.o(i.mapping_slave_segment_section)
    motor_torque_control                     0x080069e5   Thumb Code   132  motor_ctrl.o(i.motor_torque_control)
    newton_method                            0x08006a71   Thumb Code  2332  mapping.o(i.newton_method)
    plannar_5_bar_fk                         0x080073cd   Thumb Code   780  mapping.o(i.plannar_5_bar_fk)
    radians_to_degrees                       0x080076ed   Thumb Code    32  mapping.o(i.radians_to_degrees)
    read_addr                                0x08007715   Thumb Code     4  usmart.o(i.read_addr)
    send_CAN_array                           0x08007719   Thumb Code   140  datatransmission.o(i.send_CAN_array)
    sqrt                                     0x080077d1   Thumb Code   110  sqrt.o(i.sqrt)
    sys_stm32_clock_init                     0x08007841   Thumb Code   162  sys.o(i.sys_stm32_clock_init)
    update_encoder_angle                     0x080078f1   Thumb Code   104  motor_ctrl.o(i.update_encoder_angle)
    usart_init                               0x08007969   Thumb Code    44  usart.o(i.usart_init)
    usmart_cmd_rec                           0x080079a1   Thumb Code   144  usmart.o(i.usmart_cmd_rec)
    usmart_exe                               0x08007a35   Thumb Code   510  usmart.o(i.usmart_exe)
    usmart_get_aparm                         0x08007c95   Thumb Code   164  usmart_str.o(i.usmart_get_aparm)
    usmart_get_cmdname                       0x08007d39   Thumb Code    46  usmart_str.o(i.usmart_get_cmdname)
    usmart_get_fname                         0x08007d69   Thumb Code   352  usmart_str.o(i.usmart_get_fname)
    usmart_get_fparam                        0x08007ed1   Thumb Code   202  usmart_str.o(i.usmart_get_fparam)
    usmart_get_input_string                  0x08007fa1   Thumb Code    24  usmart_port.o(i.usmart_get_input_string)
    usmart_get_parmpos                       0x08007fc1   Thumb Code    30  usmart_str.o(i.usmart_get_parmpos)
    usmart_init                              0x08007fe5   Thumb Code    36  usmart.o(i.usmart_init)
    usmart_pow                               0x0800800d   Thumb Code    16  usmart_str.o(i.usmart_pow)
    usmart_scan                              0x0800801d   Thumb Code    82  usmart.o(i.usmart_scan)
    usmart_search_nextc                      0x080080ad   Thumb Code    16  usmart_str.o(i.usmart_search_nextc)
    usmart_str2num                           0x080080bd   Thumb Code   214  usmart_str.o(i.usmart_str2num)
    usmart_strcmp                            0x08008193   Thumb Code    24  usmart_str.o(i.usmart_strcmp)
    usmart_strcopy                           0x080081ab   Thumb Code    18  usmart_str.o(i.usmart_strcopy)
    usmart_strlen                            0x080081bd   Thumb Code    18  usmart_str.o(i.usmart_strlen)
    usmart_sys_cmd_exe                       0x080081d1   Thumb Code  1458  usmart.o(i.usmart_sys_cmd_exe)
    usmart_timx_get_time                     0x08008851   Thumb Code    38  usmart_port.o(i.usmart_timx_get_time)
    usmart_timx_init                         0x08008881   Thumb Code    68  usmart_port.o(i.usmart_timx_init)
    usmart_timx_reset_time                   0x080088d1   Thumb Code    32  usmart_port.o(i.usmart_timx_reset_time)
    write_addr                               0x080088f9   Thumb Code     4  usmart.o(i.write_addr)
    __aeabi_dneg                             0x080088fd   Thumb Code     0  basic.o(x$fpl$basic)
    _dneg                                    0x080088fd   Thumb Code     6  basic.o(x$fpl$basic)
    __aeabi_fneg                             0x08008903   Thumb Code     0  basic.o(x$fpl$basic)
    _fneg                                    0x08008903   Thumb Code     6  basic.o(x$fpl$basic)
    _dabs                                    0x08008909   Thumb Code     6  basic.o(x$fpl$basic)
    _fabs                                    0x0800890f   Thumb Code     6  basic.o(x$fpl$basic)
    __aeabi_d2f                              0x08008915   Thumb Code     0  d2f.o(x$fpl$d2f)
    _d2f                                     0x08008915   Thumb Code    98  d2f.o(x$fpl$d2f)
    __aeabi_dadd                             0x08008979   Thumb Code     0  daddsub_clz.o(x$fpl$dadd)
    _dadd                                    0x08008979   Thumb Code   332  daddsub_clz.o(x$fpl$dadd)
    __fpl_dcheck_NaN1                        0x08008ac9   Thumb Code    10  dcheck1.o(x$fpl$dcheck1)
    __fpl_dcmp_Inf                           0x08008ad9   Thumb Code    24  dcmpi.o(x$fpl$dcmpinf)
    __aeabi_ddiv                             0x08008af1   Thumb Code     0  ddiv.o(x$fpl$ddiv)
    _ddiv                                    0x08008af1   Thumb Code   552  ddiv.o(x$fpl$ddiv)
    __aeabi_d2iz                             0x08008da1   Thumb Code     0  dfix.o(x$fpl$dfix)
    _dfix                                    0x08008da1   Thumb Code    94  dfix.o(x$fpl$dfix)
    __aeabi_d2uiz                            0x08008e01   Thumb Code     0  dfixu.o(x$fpl$dfixu)
    _dfixu                                   0x08008e01   Thumb Code    90  dfixu.o(x$fpl$dfixu)
    __aeabi_i2d                              0x08008e5b   Thumb Code     0  dflt_clz.o(x$fpl$dflt)
    _dflt                                    0x08008e5b   Thumb Code    46  dflt_clz.o(x$fpl$dflt)
    __aeabi_l2d                              0x08008e89   Thumb Code     0  dfltll_clz.o(x$fpl$dfltll)
    _ll_sto_d                                0x08008e89   Thumb Code   162  dfltll_clz.o(x$fpl$dfltll)
    __aeabi_ui2d                             0x08008f2b   Thumb Code     0  dflt_clz.o(x$fpl$dfltu)
    _dfltu                                   0x08008f2b   Thumb Code    38  dflt_clz.o(x$fpl$dfltu)
    __aeabi_cdcmple                          0x08008f51   Thumb Code     0  dleqf.o(x$fpl$dleqf)
    _dcmple                                  0x08008f51   Thumb Code   120  dleqf.o(x$fpl$dleqf)
    __fpl_dcmple_InfNaN                      0x08008fb3   Thumb Code     0  dleqf.o(x$fpl$dleqf)
    __aeabi_dmul                             0x08008fc9   Thumb Code     0  dmul.o(x$fpl$dmul)
    _dmul                                    0x08008fc9   Thumb Code   332  dmul.o(x$fpl$dmul)
    __fpl_dnaninf                            0x0800911d   Thumb Code   156  dnaninf.o(x$fpl$dnaninf)
    __fpl_dretinf                            0x080091b9   Thumb Code    12  dretinf.o(x$fpl$dretinf)
    __aeabi_cdrcmple                         0x080091c5   Thumb Code     0  drleqf.o(x$fpl$drleqf)
    _drcmple                                 0x080091c5   Thumb Code   108  drleqf.o(x$fpl$drleqf)
    __aeabi_drsub                            0x08009231   Thumb Code     0  daddsub_clz.o(x$fpl$drsb)
    _drsb                                    0x08009231   Thumb Code    22  daddsub_clz.o(x$fpl$drsb)
    _dsqrt                                   0x08009249   Thumb Code   404  dsqrt_umaal.o(x$fpl$dsqrt)
    __aeabi_dsub                             0x080093e1   Thumb Code     0  daddsub_clz.o(x$fpl$dsub)
    _dsub                                    0x080093e1   Thumb Code   464  daddsub_clz.o(x$fpl$dsub)
    __aeabi_f2d                              0x080095b5   Thumb Code     0  f2d.o(x$fpl$f2d)
    _f2d                                     0x080095b5   Thumb Code    86  f2d.o(x$fpl$f2d)
    __fpl_fnaninf                            0x0800960b   Thumb Code   140  fnaninf.o(x$fpl$fnaninf)
    _fp_init                                 0x08009697   Thumb Code    10  fpinit.o(x$fpl$fpinit)
    __fplib_config_fpu_vfp                   0x0800969f   Thumb Code     0  fpinit.o(x$fpl$fpinit)
    __fplib_config_pureend_doubles           0x0800969f   Thumb Code     0  fpinit.o(x$fpl$fpinit)
    __fpl_fretinf                            0x080096a1   Thumb Code    10  fretinf.o(x$fpl$fretinf)
    __fpl_return_NaN                         0x080096ab   Thumb Code   100  retnan.o(x$fpl$retnan)
    __ARM_scalbn                             0x0800970f   Thumb Code    92  scalbn.o(x$fpl$scalbn)
    __fpl_cmpreturn                          0x0800976b   Thumb Code    48  trapv.o(x$fpl$trapveneer)
    AHBPrescTable                            0x0800979a   Data          16  system_stm32f4xx.o(.constdata)
    __I$use$fp                               0x0800979a   Number         0  usenofp.o(x$fpl$usenofp)
    APBPrescTable                            0x080097aa   Data           8  system_stm32f4xx.o(.constdata)
    asc2_1206                                0x080097ba   Data        1140  lcd.o(.constdata)
    asc2_1608                                0x08009c2e   Data        1520  lcd.o(.constdata)
    asc2_2412                                0x0800a21e   Data        3420  lcd.o(.constdata)
    asc2_3216                                0x0800af7a   Data        6080  lcd.o(.constdata)
    __mathlib_zero                           0x0800c968   Data           8  qnan.o(.constdata)
    Region$$Table$$Base                      0x0800cf5c   Number         0  anon$$obj.o(Region$$Table)
    Region$$Table$$Limit                     0x0800cf7c   Number         0  anon$$obj.o(Region$$Table)
    KEY0_Press                               0x20000000   Data           1  main.o(.data)
    ControlMode                              0x20000001   Data           1  main.o(.data)
    SystemCoreClock                          0x20000004   Data           4  system_stm32f4xx.o(.data)
    g_rx_buffer                              0x2000000c   Data           1  usart.o(.data)
    g_usart_rx_sta                           0x2000000e   Data           2  usart.o(.data)
    __stdout                                 0x20000010   Data           4  usart.o(.data)
    uwTickFreq                               0x20000014   Data           1  stm32f4xx_hal.o(.data)
    uwTickPrio                               0x20000018   Data           4  stm32f4xx_hal.o(.data)
    uwTick                                   0x2000001c   Data           4  stm32f4xx_hal.o(.data)
    g_back_color                             0x20000020   Data           4  lcd.o(.data)
    motor_IDs                                0x20000026   Data           8  motor_ctrl.o(.data)
    encoder_count                            0x20000030   Data           4  exti.o(.data)
    g_adc_dma_sta                            0x20000034   Data           1  adc.o(.data)
    sys_cmd_tab                              0x20000038   Data          28  usmart.o(.data)
    usmart_nametab                           0x20000054   Data         128  usmart_config.o(.data)
    usmart_dev                               0x200000d4   Data         244  usmart_config.o(.data)
    CAN_sending_para                         0x200001c8   Data          48  datatransmission.o(.bss)
    received_data                            0x200001f8   Data          32  datatransmission.o(.bss)
    motor_encoder_angles                     0x20000218   Data          40  datatransmission.o(.bss)
    g_usart_rx_buf                           0x20000240   Data         200  usart.o(.bss)
    g_usart_tx_buf                           0x20000308   Data         200  usart.o(.bss)
    g_uart1_handle                           0x200003d0   Data          68  usart.o(.bss)
    htim5                                    0x20000414   Data          72  tim.o(.bss)
    g_sram_handle                            0x2000045c   Data          80  lcd.o(.bss)
    lcddev                                   0x200004ac   Data          14  lcd.o(.bss)
    g_canx_handler                           0x200004bc   Data          40  can.o(.bss)
    g_canx_txheader                          0x200004e4   Data          24  can.o(.bss)
    g_canx_rxheader                          0x200004fc   Data          28  can.o(.bss)
    encoder_angle                            0x20000518   Data          24  motor_ctrl.o(.bss)
    g_adc_dma_buf                            0x20000530   Data         600  motor_ctrl.o(.bss)
    g_adc_handle                             0x20000788   Data          72  adc.o(.bss)
    g_adc_nch_dma_handle                     0x200007d0   Data          72  adc.o(.bss)
    g_dma_nch_adc_handle                     0x20000818   Data          96  adc.o(.bss)
    joint_angles                             0x20000878   Data          40  mapping.o(.bss)
    slave_joint_angles                       0x200008a0   Data          40  mapping.o(.bss)
    slave_unit_joint_angles                  0x200008c8   Data          40  mapping.o(.bss)
    g_timx_usmart_handle                     0x200008f0   Data          72  usmart_port.o(.bss)
    __libspace_start                         0x20000938   Data          96  libspace.o(.bss)
    __temporary_stack_top$libspace           0x20000998   Data           0  libspace.o(.bss)



==============================================================================

Memory Map of the image

  Image Entry point : 0x08000189

  Load Region LR_IROM1 (Base: 0x08000000, Size: 0x0000d144, Max: 0x00100000, ABSOLUTE, COMPRESSED[0x0000d030])

    Execution Region ER_IROM1 (Base: 0x08000000, Size: 0x0000cf7c, Max: 0x00100000, ABSOLUTE)

    Base Addr    Size         Type   Attr      Idx    E Section Name        Object

    0x08000000   0x00000188   Data   RO            3    RESET               startup_stm32f407xx.o
    0x08000188   0x00000008   Code   RO         5105  * !!!main             c_w.l(__main.o)
    0x08000190   0x00000034   Code   RO         5563    !!!scatter          c_w.l(__scatter.o)
    0x080001c4   0x0000005a   Code   RO         5561    !!dczerorl2         c_w.l(__dczerorl2.o)
    0x0800021e   0x00000002   PAD
    0x08000220   0x0000001c   Code   RO         5565    !!handler_zi        c_w.l(__scatter_zi.o)
    0x0800023c   0x00000000   Code   RO         5098    .ARM.Collect$$_printf_percent$$00000000  c_w.l(_printf_percent.o)
    0x0800023c   0x00000006   Code   RO         5095    .ARM.Collect$$_printf_percent$$00000009  c_w.l(_printf_d.o)
    0x08000242   0x00000006   Code   RO         5096    .ARM.Collect$$_printf_percent$$0000000A  c_w.l(_printf_u.o)
    0x08000248   0x00000006   Code   RO         5094    .ARM.Collect$$_printf_percent$$0000000C  c_w.l(_printf_x.o)
    0x0800024e   0x00000006   Code   RO         5092    .ARM.Collect$$_printf_percent$$00000013  c_w.l(_printf_c.o)
    0x08000254   0x00000006   Code   RO         5093    .ARM.Collect$$_printf_percent$$00000014  c_w.l(_printf_s.o)
    0x0800025a   0x00000004   Code   RO         5288    .ARM.Collect$$_printf_percent$$00000017  c_w.l(_printf_percent_end.o)
    0x0800025e   0x00000002   Code   RO         5440    .ARM.Collect$$libinit$$00000000  c_w.l(libinit.o)
    0x08000260   0x00000004   Code   RO         5441    .ARM.Collect$$libinit$$00000001  c_w.l(libinit2.o)
    0x08000264   0x00000000   Code   RO         5444    .ARM.Collect$$libinit$$00000004  c_w.l(libinit2.o)
    0x08000264   0x00000000   Code   RO         5447    .ARM.Collect$$libinit$$0000000A  c_w.l(libinit2.o)
    0x08000264   0x00000000   Code   RO         5449    .ARM.Collect$$libinit$$0000000C  c_w.l(libinit2.o)
    0x08000264   0x00000000   Code   RO         5451    .ARM.Collect$$libinit$$0000000E  c_w.l(libinit2.o)
    0x08000264   0x00000000   Code   RO         5454    .ARM.Collect$$libinit$$00000011  c_w.l(libinit2.o)
    0x08000264   0x00000000   Code   RO         5456    .ARM.Collect$$libinit$$00000013  c_w.l(libinit2.o)
    0x08000264   0x00000000   Code   RO         5458    .ARM.Collect$$libinit$$00000015  c_w.l(libinit2.o)
    0x08000264   0x00000000   Code   RO         5460    .ARM.Collect$$libinit$$00000017  c_w.l(libinit2.o)
    0x08000264   0x00000000   Code   RO         5462    .ARM.Collect$$libinit$$00000019  c_w.l(libinit2.o)
    0x08000264   0x00000000   Code   RO         5464    .ARM.Collect$$libinit$$0000001B  c_w.l(libinit2.o)
    0x08000264   0x00000000   Code   RO         5466    .ARM.Collect$$libinit$$0000001D  c_w.l(libinit2.o)
    0x08000264   0x00000000   Code   RO         5468    .ARM.Collect$$libinit$$0000001F  c_w.l(libinit2.o)
    0x08000264   0x00000000   Code   RO         5470    .ARM.Collect$$libinit$$00000021  c_w.l(libinit2.o)
    0x08000264   0x00000000   Code   RO         5472    .ARM.Collect$$libinit$$00000023  c_w.l(libinit2.o)
    0x08000264   0x00000000   Code   RO         5474    .ARM.Collect$$libinit$$00000025  c_w.l(libinit2.o)
    0x08000264   0x00000000   Code   RO         5478    .ARM.Collect$$libinit$$0000002C  c_w.l(libinit2.o)
    0x08000264   0x00000000   Code   RO         5480    .ARM.Collect$$libinit$$0000002E  c_w.l(libinit2.o)
    0x08000264   0x00000000   Code   RO         5482    .ARM.Collect$$libinit$$00000030  c_w.l(libinit2.o)
    0x08000264   0x00000000   Code   RO         5484    .ARM.Collect$$libinit$$00000032  c_w.l(libinit2.o)
    0x08000264   0x00000002   Code   RO         5485    .ARM.Collect$$libinit$$00000033  c_w.l(libinit2.o)
    0x08000266   0x00000002   Code   RO         5527    .ARM.Collect$$libshutdown$$00000000  c_w.l(libshutdown.o)
    0x08000268   0x00000000   Code   RO         5546    .ARM.Collect$$libshutdown$$00000003  c_w.l(libshutdown2.o)
    0x08000268   0x00000000   Code   RO         5549    .ARM.Collect$$libshutdown$$00000006  c_w.l(libshutdown2.o)
    0x08000268   0x00000000   Code   RO         5552    .ARM.Collect$$libshutdown$$00000009  c_w.l(libshutdown2.o)
    0x08000268   0x00000000   Code   RO         5554    .ARM.Collect$$libshutdown$$0000000B  c_w.l(libshutdown2.o)
    0x08000268   0x00000000   Code   RO         5557    .ARM.Collect$$libshutdown$$0000000E  c_w.l(libshutdown2.o)
    0x08000268   0x00000002   Code   RO         5558    .ARM.Collect$$libshutdown$$0000000F  c_w.l(libshutdown2.o)
    0x0800026a   0x00000000   Code   RO         5269    .ARM.Collect$$rtentry$$00000000  c_w.l(__rtentry.o)
    0x0800026a   0x00000000   Code   RO         5354    .ARM.Collect$$rtentry$$00000002  c_w.l(__rtentry2.o)
    0x0800026a   0x00000006   Code   RO         5366    .ARM.Collect$$rtentry$$00000004  c_w.l(__rtentry4.o)
    0x08000270   0x00000000   Code   RO         5356    .ARM.Collect$$rtentry$$00000009  c_w.l(__rtentry2.o)
    0x08000270   0x00000004   Code   RO         5357    .ARM.Collect$$rtentry$$0000000A  c_w.l(__rtentry2.o)
    0x08000274   0x00000000   Code   RO         5359    .ARM.Collect$$rtentry$$0000000C  c_w.l(__rtentry2.o)
    0x08000274   0x00000008   Code   RO         5360    .ARM.Collect$$rtentry$$0000000D  c_w.l(__rtentry2.o)
    0x0800027c   0x00000002   Code   RO         5488    .ARM.Collect$$rtexit$$00000000  c_w.l(rtexit.o)
    0x0800027e   0x00000000   Code   RO         5503    .ARM.Collect$$rtexit$$00000002  c_w.l(rtexit2.o)
    0x0800027e   0x00000004   Code   RO         5504    .ARM.Collect$$rtexit$$00000003  c_w.l(rtexit2.o)
    0x08000282   0x00000006   Code   RO         5505    .ARM.Collect$$rtexit$$00000004  c_w.l(rtexit2.o)
    0x08000288   0x0000004c   Code   RO            4    .text               startup_stm32f407xx.o
    0x080002d4   0x00000002   Code   RO         5029    .text               c_w.l(use_no_semi_2.o)
    0x080002d6   0x000000ee   Code   RO         5031    .text               c_w.l(lludivv7m.o)
    0x080003c4   0x00000026   Code   RO         5033    .text               c_w.l(llshl.o)
    0x080003ea   0x00000002   PAD
    0x080003ec   0x00000018   Code   RO         5039    .text               c_w.l(noretval__2printf.o)
    0x08000404   0x0000004e   Code   RO         5045    .text               c_w.l(_printf_pad.o)
    0x08000452   0x00000052   Code   RO         5047    .text               c_w.l(_printf_str.o)
    0x080004a4   0x00000078   Code   RO         5049    .text               c_w.l(_printf_dec.o)
    0x0800051c   0x00000058   Code   RO         5054    .text               c_w.l(_printf_hex_int.o)
    0x08000574   0x00000188   Code   RO         5089    .text               c_w.l(__printf_flags_ss_wp.o)
    0x080006fc   0x00000064   Code   RO         5099    .text               c_w.l(rt_memcpy_w.o)
    0x08000760   0x0000004e   Code   RO         5101    .text               c_w.l(rt_memclr_w.o)
    0x080007ae   0x00000006   Code   RO         5103    .text               c_w.l(heapauxi.o)
    0x080007b4   0x00000002   Code   RO         5267    .text               c_w.l(use_no_semi.o)
    0x080007b6   0x00000016   Code   RO         5274    .text               c_w.l(_rserrno.o)
    0x080007cc   0x000000b2   Code   RO         5276    .text               c_w.l(_printf_intcommon.o)
    0x0800087e   0x00000002   PAD
    0x08000880   0x00000030   Code   RO         5280    .text               c_w.l(_printf_char_common.o)
    0x080008b0   0x0000002c   Code   RO         5284    .text               c_w.l(_printf_char.o)
    0x080008dc   0x00000024   Code   RO         5286    .text               c_w.l(_printf_char_file.o)
    0x08000900   0x00000008   Code   RO         5378    .text               c_w.l(rt_errno_addr_intlibspace.o)
    0x08000908   0x00000008   Code   RO         5411    .text               c_w.l(ferror.o)
    0x08000910   0x00000008   Code   RO         5422    .text               c_w.l(libspace.o)
    0x08000918   0x0000004a   Code   RO         5425    .text               c_w.l(sys_stackheap_outer.o)
    0x08000962   0x0000000c   Code   RO         5427    .text               c_w.l(exit.o)
    0x0800096e   0x0000006e   Code   RO         3674    i.ADC_DMAConvCplt   stm32f4xx_hal_adc.o
    0x080009dc   0x00000016   Code   RO         3675    i.ADC_DMAError      stm32f4xx_hal_adc.o
    0x080009f2   0x0000000a   Code   RO         3676    i.ADC_DMAHalfConvCplt  stm32f4xx_hal_adc.o
    0x080009fc   0x00000128   Code   RO         3677    i.ADC_Init          stm32f4xx_hal_adc.o
    0x08000b24   0x00000002   Code   RO          314    i.BusFault_Handler  stm32f4xx_it.o
    0x08000b26   0x00000002   PAD
    0x08000b28   0x00000028   Code   RO         4250    i.CAN1_RX0_IRQHandler  can.o
    0x08000b50   0x000000a8   Code   RO         4251    i.CAN_Config        can.o
    0x08000bf8   0x00000064   Code   RO         4252    i.CAN_Filter_Config  can.o
    0x08000c5c   0x00000024   Code   RO         4576    i.DMA2_Stream4_IRQHandler  adc.o
    0x08000c80   0x00000028   Code   RO         3334    i.DMA_CalcBaseAndBitshift  stm32f4xx_hal_dma.o
    0x08000ca8   0x00000054   Code   RO         3335    i.DMA_CheckFifoParam  stm32f4xx_hal_dma.o
    0x08000cfc   0x00000028   Code   RO         3336    i.DMA_SetConfig     stm32f4xx_hal_dma.o
    0x08000d24   0x00000002   Code   RO          315    i.DebugMon_Handler  stm32f4xx_it.o
    0x08000d26   0x00000002   PAD
    0x08000d28   0x00000014   Code   RO         4492    i.EXTI2_IRQHandler  exti.o
    0x08000d3c   0x00000014   Code   RO         4493    i.EXTI3_IRQHandler  exti.o
    0x08000d50   0x00000004   Code   RO         4253    i.Error_Handler     can.o
    0x08000d54   0x0000014c   Code   RO         3679    i.HAL_ADC_ConfigChannel  stm32f4xx_hal_adc.o
    0x08000ea0   0x00000002   Code   RO         3680    i.HAL_ADC_ConvCpltCallback  stm32f4xx_hal_adc.o
    0x08000ea2   0x00000002   Code   RO         3681    i.HAL_ADC_ConvHalfCpltCallback  stm32f4xx_hal_adc.o
    0x08000ea4   0x00000002   Code   RO         3683    i.HAL_ADC_ErrorCallback  stm32f4xx_hal_adc.o
    0x08000ea6   0x00000054   Code   RO         3688    i.HAL_ADC_Init      stm32f4xx_hal_adc.o
    0x08000efa   0x00000002   PAD
    0x08000efc   0x00000058   Code   RO         4577    i.HAL_ADC_MspInit   adc.o
    0x08000f54   0x00000154   Code   RO         3695    i.HAL_ADC_Start_DMA  stm32f4xx_hal_adc.o
    0x080010a8   0x00000024   Code   RO         3441    i.HAL_CAN_ActivateNotification  stm32f4xx_hal_can.o
    0x080010cc   0x000000c8   Code   RO         3442    i.HAL_CAN_AddTxMessage  stm32f4xx_hal_can.o
    0x08001194   0x0000010c   Code   RO         3443    i.HAL_CAN_ConfigFilter  stm32f4xx_hal_can.o
    0x080012a0   0x000000e8   Code   RO         3449    i.HAL_CAN_GetRxMessage  stm32f4xx_hal_can.o
    0x08001388   0x0000002c   Code   RO         3451    i.HAL_CAN_GetTxMailboxesFreeLevel  stm32f4xx_hal_can.o
    0x080013b4   0x0000011a   Code   RO         3454    i.HAL_CAN_Init      stm32f4xx_hal_can.o
    0x080014ce   0x00000002   PAD
    0x080014d0   0x00000080   Code   RO         4254    i.HAL_CAN_MspInit   can.o
    0x08001550   0x00000056   Code   RO         3466    i.HAL_CAN_Start     stm32f4xx_hal_can.o
    0x080015a6   0x0000008e   Code   RO         3337    i.HAL_DMA_Abort     stm32f4xx_hal_dma.o
    0x08001634   0x00000024   Code   RO         3338    i.HAL_DMA_Abort_IT  stm32f4xx_hal_dma.o
    0x08001658   0x000000d4   Code   RO         3343    i.HAL_DMA_Init      stm32f4xx_hal_dma.o
    0x0800172c   0x00000046   Code   RO         3346    i.HAL_DMA_Start     stm32f4xx_hal_dma.o
    0x08001772   0x0000006e   Code   RO         3347    i.HAL_DMA_Start_IT  stm32f4xx_hal_dma.o
    0x080017e0   0x00000006   Code   RO          485    i.HAL_Delay         delay.o
    0x080017e6   0x00000002   PAD
    0x080017e8   0x00000064   Code   RO         4494    i.HAL_GPIO_EXTI_Callback  exti.o
    0x0800184c   0x00000018   Code   RO         1067    i.HAL_GPIO_EXTI_IRQHandler  stm32f4xx_hal_gpio.o
    0x08001864   0x000001cc   Code   RO         1068    i.HAL_GPIO_Init     stm32f4xx_hal_gpio.o
    0x08001a30   0x0000000a   Code   RO         1070    i.HAL_GPIO_ReadPin  stm32f4xx_hal_gpio.o
    0x08001a3a   0x0000000a   Code   RO         1072    i.HAL_GPIO_WritePin  stm32f4xx_hal_gpio.o
    0x08001a44   0x0000000c   Code   RO          756    i.HAL_GetREVID      stm32f4xx_hal.o
    0x08001a50   0x0000000c   Code   RO          757    i.HAL_GetTick       stm32f4xx_hal.o
    0x08001a5c   0x00000010   Code   RO          763    i.HAL_IncTick       stm32f4xx_hal.o
    0x08001a6c   0x0000002c   Code   RO          764    i.HAL_Init          stm32f4xx_hal.o
    0x08001a98   0x00000040   Code   RO          765    i.HAL_InitTick      stm32f4xx_hal.o
    0x08001ad8   0x00000002   Code   RO          767    i.HAL_MspInit       stm32f4xx_hal.o
    0x08001ada   0x0000001a   Code   RO          935    i.HAL_NVIC_EnableIRQ  stm32f4xx_hal_cortex.o
    0x08001af4   0x00000040   Code   RO          941    i.HAL_NVIC_SetPriority  stm32f4xx_hal_cortex.o
    0x08001b34   0x00000024   Code   RO          942    i.HAL_NVIC_SetPriorityGrouping  stm32f4xx_hal_cortex.o
    0x08001b58   0x00000134   Code   RO         1132    i.HAL_RCC_ClockConfig  stm32f4xx_hal_rcc.o
    0x08001c8c   0x00000020   Code   RO         1139    i.HAL_RCC_GetPCLK1Freq  stm32f4xx_hal_rcc.o
    0x08001cac   0x00000020   Code   RO         1140    i.HAL_RCC_GetPCLK2Freq  stm32f4xx_hal_rcc.o
    0x08001ccc   0x00000060   Code   RO         1141    i.HAL_RCC_GetSysClockFreq  stm32f4xx_hal_rcc.o
    0x08001d2c   0x00000358   Code   RO         1144    i.HAL_RCC_OscConfig  stm32f4xx_hal_rcc.o
    0x08002084   0x00000018   Code   RO          944    i.HAL_SYSTICK_CLKSourceConfig  stm32f4xx_hal_cortex.o
    0x0800209c   0x00000028   Code   RO          946    i.HAL_SYSTICK_Config  stm32f4xx_hal_cortex.o
    0x080020c4   0x00000090   Code   RO         2840    i.HAL_TIMEx_MasterConfigSynchronization  stm32f4xx_hal_tim_ex.o
    0x08002154   0x0000005a   Code   RO         2117    i.HAL_TIM_Base_Init  stm32f4xx_hal_tim.o
    0x080021ae   0x00000002   Code   RO         2119    i.HAL_TIM_Base_MspInit  stm32f4xx_hal_tim.o
    0x080021b0   0x00000080   Code   RO         2122    i.HAL_TIM_Base_Start_IT  stm32f4xx_hal_tim.o
    0x08002230   0x000000a4   Code   RO         2138    i.HAL_TIM_Encoder_Init  stm32f4xx_hal_tim.o
    0x080022d4   0x00000064   Code   RO          703    i.HAL_TIM_Encoder_MspInit  tim.o
    0x08002338   0x00000092   Code   RO         2141    i.HAL_TIM_Encoder_Start  stm32f4xx_hal_tim.o
    0x080023ca   0x00000002   Code   RO         1728    i.HAL_UARTEx_RxEventCallback  stm32f4xx_hal_uart.o
    0x080023cc   0x00000002   Code   RO         1742    i.HAL_UART_ErrorCallback  stm32f4xx_hal_uart.o
    0x080023ce   0x0000000a   Code   RO         1744    i.HAL_UART_GetState  stm32f4xx_hal_uart.o
    0x080023d8   0x00000210   Code   RO         1745    i.HAL_UART_IRQHandler  stm32f4xx_hal_uart.o
    0x080025e8   0x00000062   Code   RO         1746    i.HAL_UART_Init     stm32f4xx_hal_uart.o
    0x0800264a   0x00000002   PAD
    0x0800264c   0x00000090   Code   RO          602    i.HAL_UART_MspInit  usart.o
    0x080026dc   0x0000002a   Code   RO         1751    i.HAL_UART_Receive_IT  stm32f4xx_hal_uart.o
    0x08002706   0x00000002   PAD
    0x08002708   0x00000058   Code   RO          603    i.HAL_UART_RxCpltCallback  usart.o
    0x08002760   0x00000002   Code   RO         1757    i.HAL_UART_TxCpltCallback  stm32f4xx_hal_uart.o
    0x08002762   0x00000002   Code   RO          316    i.HardFault_Handler  stm32f4xx_it.o
    0x08002764   0x0000004c   Code   RO         4256    i.MX_CAN1_Init      can.o
    0x080027b0   0x0000006c   Code   RO          704    i.MX_TIM5_Init      tim.o
    0x0800281c   0x00000040   Code   RO         4693    i.Mapping_ABS       mapping.o
    0x0800285c   0x00000006   Code   RO         4694    i.Mapping_INCREMENT  mapping.o
    0x08002862   0x00000002   Code   RO          317    i.MemManage_Handler  stm32f4xx_it.o
    0x08002864   0x0000004c   Code   RO         4213    i.ModeSwitch        key.o
    0x080028b0   0x00000002   Code   RO          318    i.NMI_Handler       stm32f4xx_it.o
    0x080028b2   0x00000002   Code   RO          319    i.PendSV_Handler    stm32f4xx_it.o
    0x080028b4   0x0000005c   Code   RO         4257    i.ProcessMotorCANMessage  can.o
    0x08002910   0x00000002   Code   RO          320    i.SVC_Handler       stm32f4xx_it.o
    0x08002912   0x00000004   Code   RO          321    i.SysTick_Handler   stm32f4xx_it.o
    0x08002916   0x00000002   PAD
    0x08002918   0x00000010   Code   RO          390    i.SystemInit        system_stm32f4xx.o
    0x08002928   0x00000034   Code   RO         4900    i.TIM4_IRQHandler   usmart_port.o
    0x0800295c   0x000000c8   Code   RO         2210    i.TIM_Base_SetConfig  stm32f4xx_hal_tim.o
    0x08002a24   0x0000001a   Code   RO         2211    i.TIM_CCxChannelCmd  stm32f4xx_hal_tim.o
    0x08002a3e   0x00000010   Code   RO         1759    i.UART_DMAAbortOnError  stm32f4xx_hal_uart.o
    0x08002a4e   0x00000030   Code   RO         1769    i.UART_EndRxTransfer  stm32f4xx_hal_uart.o
    0x08002a7e   0x000000ae   Code   RO         1771    i.UART_Receive_IT   stm32f4xx_hal_uart.o
    0x08002b2c   0x0000010c   Code   RO         1772    i.UART_SetConfig    stm32f4xx_hal_uart.o
    0x08002c38   0x00000036   Code   RO         1774    i.UART_Start_Receive_IT  stm32f4xx_hal_uart.o
    0x08002c6e   0x00000002   PAD
    0x08002c70   0x00000044   Code   RO          604    i.USART1_IRQHandler  usart.o
    0x08002cb4   0x00000002   Code   RO          322    i.UsageFault_Handler  stm32f4xx_it.o
    0x08002cb6   0x00000030   Code   RO         5331    i.__ARM_fpclassify  m_wm.l(fpclassify.o)
    0x08002ce6   0x00000020   Code   RO          948    i.__NVIC_SetPriority  stm32f4xx_hal_cortex.o
    0x08002d06   0x00000002   PAD
    0x08002d08   0x00000358   Code   RO         5147    i.__hardfp_acos     m_wm.l(acos.o)
    0x08003060   0x00000360   Code   RO         5161    i.__hardfp_asin     m_wm.l(asin.o)
    0x080033c0   0x000002d8   Code   RO         5175    i.__hardfp_atan     m_wm.l(atan.o)
    0x08003698   0x000001f0   Code   RO         5189    i.__hardfp_atan2    m_wm.l(atan2.o)
    0x08003888   0x000000c8   Code   RO         5201    i.__hardfp_cos      m_wm.l(cos.o)
    0x08003950   0x00000c38   Code   RO         5213    i.__hardfp_pow      m_wm.l(pow.o)
    0x08004588   0x000000c8   Code   RO         5231    i.__hardfp_sin      m_wm.l(sin.o)
    0x08004650   0x0000007a   Code   RO         5243    i.__hardfp_sqrt     m_wm.l(sqrt.o)
    0x080046ca   0x00000006   PAD
    0x080046d0   0x00000080   Code   RO         5255    i.__hardfp_tan      m_wm.l(tan.o)
    0x08004750   0x00000438   Code   RO         5336    i.__ieee754_rem_pio2  m_wm.l(rred.o)
    0x08004b88   0x00000170   Code   RO         5308    i.__kernel_cos      m_wm.l(cos_i.o)
    0x08004cf8   0x000000f8   Code   RO         5333    i.__kernel_poly     m_wm.l(poly.o)
    0x08004df0   0x00000130   Code   RO         5341    i.__kernel_sin      m_wm.l(sin_i.o)
    0x08004f20   0x00000350   Code   RO         5347    i.__kernel_tan      m_wm.l(tan_i.o)
    0x08005270   0x00000030   Code   RO         5311    i.__mathlib_dbl_divzero  m_wm.l(dunder.o)
    0x080052a0   0x00000014   Code   RO         5312    i.__mathlib_dbl_infnan  m_wm.l(dunder.o)
    0x080052b4   0x00000014   Code   RO         5313    i.__mathlib_dbl_infnan2  m_wm.l(dunder.o)
    0x080052c8   0x00000020   Code   RO         5314    i.__mathlib_dbl_invalid  m_wm.l(dunder.o)
    0x080052e8   0x00000020   Code   RO         5315    i.__mathlib_dbl_overflow  m_wm.l(dunder.o)
    0x08005308   0x00000020   Code   RO         5317    i.__mathlib_dbl_underflow  m_wm.l(dunder.o)
    0x08005328   0x0000000e   Code   RO         5082    i._is_digit         c_w.l(__printf_wp.o)
    0x08005336   0x00000002   Code   RO          607    i._sys_exit         usart.o
    0x08005338   0x0000000e   Code   RO         4578    i.adc_channel_set   adc.o
    0x08005346   0x00000002   PAD
    0x08005348   0x00000048   Code   RO         4582    i.adc_nch_dma_enable  adc.o
    0x08005390   0x00000038   Code   RO         4583    i.adc_nch_dma_gpio_init  adc.o
    0x080053c8   0x00000124   Code   RO         4584    i.adc_nch_dma_init  adc.o
    0x080054ec   0x00000010   Code   RO         5177    i.atan              m_wm.l(atan.o)
    0x080054fc   0x0000020c   Code   RO         4695    i.calculate_joint_angles  mapping.o
    0x08005708   0x000004f8   Code   RO         4696    i.calculate_slave_joint_angles  mapping.o
    0x08005c00   0x000000ec   Code   RO         4697    i.calculate_unit_joints  mapping.o
    0x08005cec   0x00000040   Code   RO         4259    i.can_send_msg      can.o
    0x08005d2c   0x00000028   Code   RO         4698    i.degrees_to_radians  mapping.o
    0x08005d54   0x00000014   Code   RO          486    i.delay_init        delay.o
    0x08005d68   0x0000003c   Code   RO          487    i.delay_ms          delay.o
    0x08005da4   0x00000034   Code   RO          488    i.delay_us          delay.o
    0x08005dd8   0x0000002c   Code   RO         4468    i.encoder_init      gpio.o
    0x08005e04   0x00000018   Code   RO         5327    i.fabs              m_wm.l(fabs.o)
    0x08005e1c   0x00000014   Code   RO          609    i.fputc             usart.o
    0x08005e30   0x0000009c   Code   RO         4260    i.handle_multi_angle  can.o
    0x08005ecc   0x000000a0   Code   RO         4214    i.key_init          key.o
    0x08005f6c   0x00000030   Code   RO         3974    i.lcd_clear         lcd.o
    0x08005f9c   0x000000b8   Code   RO         3976    i.lcd_display_dir   lcd.o
    0x08006054   0x000000c4   Code   RO         3979    i.lcd_draw_circle   lcd.o
    0x08006118   0x00000098   Code   RO         3981    i.lcd_draw_line     lcd.o
    0x080061b0   0x00000016   Code   RO         3982    i.lcd_draw_point    lcd.o
    0x080061c6   0x00000044   Code   RO         3983    i.lcd_draw_rectangle  lcd.o
    0x0800620a   0x00000046   Code   RO         3989    i.lcd_fill          lcd.o
    0x08006250   0x00000010   Code   RO         3992    i.lcd_pow           lcd.o
    0x08006260   0x00000014   Code   RO         3993    i.lcd_rd_data       lcd.o
    0x08006274   0x00000070   Code   RO         3994    i.lcd_read_point    lcd.o
    0x080062e4   0x0000019c   Code   RO         3995    i.lcd_scan_dir      lcd.o
    0x08006480   0x000000f0   Code   RO         3996    i.lcd_set_cursor    lcd.o
    0x08006570   0x000000dc   Code   RO         3998    i.lcd_show_char     lcd.o
    0x0800664c   0x00000074   Code   RO         3999    i.lcd_show_num      lcd.o
    0x080066c0   0x00000056   Code   RO         4000    i.lcd_show_string   lcd.o
    0x08006716   0x0000008a   Code   RO         4001    i.lcd_show_xnum     lcd.o
    0x080067a0   0x00000018   Code   RO         4003    i.lcd_wr_data       lcd.o
    0x080067b8   0x00000018   Code   RO         4004    i.lcd_wr_regno      lcd.o
    0x080067d0   0x00000014   Code   RO         4005    i.lcd_write_ram_prepare  lcd.o
    0x080067e4   0x0000000c   Code   RO         4006    i.lcd_write_reg     lcd.o
    0x080067f0   0x0000006c   Code   RO         3949    i.led_init          led.o
    0x0800685c   0x00000140   Code   RO           13    i.main              main.o
    0x0800699c   0x00000016   Code   RO         4699    i.mapping_joints_master_slave  mapping.o
    0x080069b2   0x0000001c   Code   RO         4700    i.mapping_master_drive_joints  mapping.o
    0x080069ce   0x00000016   Code   RO         4701    i.mapping_slave_segment_section  mapping.o
    0x080069e4   0x0000008c   Code   RO         4351    i.motor_torque_control  motor_ctrl.o
    0x08006a70   0x0000095c   Code   RO         4702    i.newton_method     mapping.o
    0x080073cc   0x00000320   Code   RO         4703    i.plannar_5_bar_fk  mapping.o
    0x080076ec   0x00000028   Code   RO         4704    i.radians_to_degrees  mapping.o
    0x08007714   0x00000004   Code   RO         4803    i.read_addr         usmart.o
    0x08007718   0x000000b8   Code   RO          431    i.send_CAN_array    datatransmission.o
    0x080077d0   0x0000006e   Code   RO         5245    i.sqrt              m_wm.l(sqrt.o)
    0x0800783e   0x00000002   PAD
    0x08007840   0x000000b0   Code   RO          535    i.sys_stm32_clock_init  sys.o
    0x080078f0   0x00000078   Code   RO         4358    i.update_encoder_angle  motor_ctrl.o
    0x08007968   0x00000038   Code   RO          610    i.usart_init        usart.o
    0x080079a0   0x00000094   Code   RO         4804    i.usmart_cmd_rec    usmart.o
    0x08007a34   0x00000260   Code   RO         4805    i.usmart_exe        usmart.o
    0x08007c94   0x000000a4   Code   RO         4951    i.usmart_get_aparm  usmart_str.o
    0x08007d38   0x0000002e   Code   RO         4952    i.usmart_get_cmdname  usmart_str.o
    0x08007d66   0x00000002   PAD
    0x08007d68   0x00000168   Code   RO         4953    i.usmart_get_fname  usmart_str.o
    0x08007ed0   0x000000d0   Code   RO         4954    i.usmart_get_fparam  usmart_str.o
    0x08007fa0   0x00000020   Code   RO         4901    i.usmart_get_input_string  usmart_port.o
    0x08007fc0   0x00000024   Code   RO         4955    i.usmart_get_parmpos  usmart_str.o
    0x08007fe4   0x00000028   Code   RO         4806    i.usmart_init       usmart.o
    0x0800800c   0x00000010   Code   RO         4956    i.usmart_pow        usmart_str.o
    0x0800801c   0x00000090   Code   RO         4807    i.usmart_scan       usmart.o
    0x080080ac   0x00000010   Code   RO         4957    i.usmart_search_nextc  usmart_str.o
    0x080080bc   0x000000d6   Code   RO         4958    i.usmart_str2num    usmart_str.o
    0x08008192   0x00000018   Code   RO         4959    i.usmart_strcmp     usmart_str.o
    0x080081aa   0x00000012   Code   RO         4960    i.usmart_strcopy    usmart_str.o
    0x080081bc   0x00000012   Code   RO         4961    i.usmart_strlen     usmart_str.o
    0x080081ce   0x00000002   PAD
    0x080081d0   0x00000680   Code   RO         4808    i.usmart_sys_cmd_exe  usmart.o
    0x08008850   0x00000030   Code   RO         4902    i.usmart_timx_get_time  usmart_port.o
    0x08008880   0x00000050   Code   RO         4903    i.usmart_timx_init  usmart_port.o
    0x080088d0   0x00000028   Code   RO         4904    i.usmart_timx_reset_time  usmart_port.o
    0x080088f8   0x00000004   Code   RO         4809    i.write_addr        usmart.o
    0x080088fc   0x00000018   Code   RO         5107    x$fpl$basic         fz_wm.l(basic.o)
    0x08008914   0x00000062   Code   RO         5109    x$fpl$d2f           fz_wm.l(d2f.o)
    0x08008976   0x00000002   PAD
    0x08008978   0x00000150   Code   RO         5111    x$fpl$dadd          fz_wm.l(daddsub_clz.o)
    0x08008ac8   0x00000010   Code   RO         5418    x$fpl$dcheck1       fz_wm.l(dcheck1.o)
    0x08008ad8   0x00000018   Code   RO         5289    x$fpl$dcmpinf       fz_wm.l(dcmpi.o)
    0x08008af0   0x000002b0   Code   RO         5118    x$fpl$ddiv          fz_wm.l(ddiv.o)
    0x08008da0   0x0000005e   Code   RO         5121    x$fpl$dfix          fz_wm.l(dfix.o)
    0x08008dfe   0x00000002   PAD
    0x08008e00   0x0000005a   Code   RO         5125    x$fpl$dfixu         fz_wm.l(dfixu.o)
    0x08008e5a   0x0000002e   Code   RO         5130    x$fpl$dflt          fz_wm.l(dflt_clz.o)
    0x08008e88   0x000000a2   Code   RO         5135    x$fpl$dfltll        fz_wm.l(dfltll_clz.o)
    0x08008f2a   0x00000026   Code   RO         5129    x$fpl$dfltu         fz_wm.l(dflt_clz.o)
    0x08008f50   0x00000078   Code   RO         5139    x$fpl$dleqf         fz_wm.l(dleqf.o)
    0x08008fc8   0x00000154   Code   RO         5141    x$fpl$dmul          fz_wm.l(dmul.o)
    0x0800911c   0x0000009c   Code   RO         5291    x$fpl$dnaninf       fz_wm.l(dnaninf.o)
    0x080091b8   0x0000000c   Code   RO         5293    x$fpl$dretinf       fz_wm.l(dretinf.o)
    0x080091c4   0x0000006c   Code   RO         5295    x$fpl$drleqf        fz_wm.l(drleqf.o)
    0x08009230   0x00000016   Code   RO         5112    x$fpl$drsb          fz_wm.l(daddsub_clz.o)
    0x08009246   0x00000002   PAD
    0x08009248   0x00000198   Code   RO         5299    x$fpl$dsqrt         fz_wm.l(dsqrt_umaal.o)
    0x080093e0   0x000001d4   Code   RO         5113    x$fpl$dsub          fz_wm.l(daddsub_clz.o)
    0x080095b4   0x00000056   Code   RO         5143    x$fpl$f2d           fz_wm.l(f2d.o)
    0x0800960a   0x0000008c   Code   RO         5301    x$fpl$fnaninf       fz_wm.l(fnaninf.o)
    0x08009696   0x0000000a   Code   RO         5498    x$fpl$fpinit        fz_wm.l(fpinit.o)
    0x080096a0   0x0000000a   Code   RO         5303    x$fpl$fretinf       fz_wm.l(fretinf.o)
    0x080096aa   0x00000064   Code   RO         5486    x$fpl$retnan        fz_wm.l(retnan.o)
    0x0800970e   0x0000005c   Code   RO         5305    x$fpl$scalbn        fz_wm.l(scalbn.o)
    0x0800976a   0x00000030   Code   RO         5500    x$fpl$trapveneer    fz_wm.l(trapv.o)
    0x0800979a   0x00000000   Code   RO         5307    x$fpl$usenofp       fz_wm.l(usenofp.o)
    0x0800979a   0x00000010   Data   RO          391    .constdata          system_stm32f4xx.o
    0x080097aa   0x00000008   Data   RO          392    .constdata          system_stm32f4xx.o
    0x080097b2   0x00000008   Data   RO         3349    .constdata          stm32f4xx_hal_dma.o
    0x080097ba   0x00002f80   Data   RO         4008    .constdata          lcd.o
    0x0800c73a   0x00000028   Data   RO         5055    .constdata          c_w.l(_printf_hex_int.o)
    0x0800c762   0x00000011   Data   RO         5090    .constdata          c_w.l(__printf_flags_ss_wp.o)
    0x0800c773   0x00000005   PAD
    0x0800c778   0x00000050   Data   RO         5150    .constdata          m_wm.l(acos.o)
    0x0800c7c8   0x00000050   Data   RO         5164    .constdata          m_wm.l(asin.o)
    0x0800c818   0x00000098   Data   RO         5178    .constdata          m_wm.l(atan.o)
    0x0800c8b0   0x00000088   Data   RO         5216    .constdata          m_wm.l(pow.o)
    0x0800c938   0x00000030   Data   RO         5309    .constdata          m_wm.l(cos_i.o)
    0x0800c968   0x00000008   Data   RO         5335    .constdata          m_wm.l(qnan.o)
    0x0800c970   0x000000c8   Data   RO         5338    .constdata          m_wm.l(rred.o)
    0x0800ca38   0x00000028   Data   RO         5342    .constdata          m_wm.l(sin_i.o)
    0x0800ca60   0x00000060   Data   RO         5348    .constdata          m_wm.l(tan_i.o)
    0x0800cac0   0x00000054   Data   RO         4707    .conststring        mapping.o
    0x0800cb14   0x00000028   Data   RO         4810    .conststring        usmart.o
    0x0800cb3c   0x00000420   Data   RO         4870    .conststring        usmart_config.o
    0x0800cf5c   0x00000020   Data   RO         5559    Region$$Table       anon$$obj.o


    Execution Region RW_IRAM1 (Base: 0x20000000, Size: 0x00000d98, Max: 0x00020000, ABSOLUTE, COMPRESSED[0x000000b4])

    Base Addr    Size         Type   Attr      Idx    E Section Name        Object

    0x20000000   0x00000002   Data   RW           14    .data               main.o
    0x20000002   0x00000002   PAD
    0x20000004   0x00000004   Data   RW          393    .data               system_stm32f4xx.o
    0x20000008   0x00000004   Data   RW          489    .data               delay.o
    0x2000000c   0x00000004   Data   RW          614    .data               usart.o
    0x20000010   0x00000004   Data   RW          615    .data               usart.o
    0x20000014   0x0000000c   Data   RW          771    .data               stm32f4xx_hal.o
    0x20000020   0x00000004   Data   RW         4010    .data               lcd.o
    0x20000024   0x00000002   Data   RW         4216    .data               key.o
    0x20000026   0x00000008   Data   RW         4361    .data               motor_ctrl.o
    0x2000002e   0x00000002   PAD
    0x20000030   0x00000004   Data   RW         4496    .data               exti.o
    0x20000034   0x00000001   Data   RW         4587    .data               adc.o
    0x20000035   0x00000003   PAD
    0x20000038   0x0000001c   Data   RW         4811    .data               usmart.o
    0x20000054   0x00000080   Data   RW         4871    .data               usmart_config.o
    0x200000d4   0x000000f4   Data   RW         4872    .data               usmart_config.o
    0x200001c8   0x00000078   Zero   RW          433    .bss                datatransmission.o
    0x20000240   0x000001d4   Zero   RW          613    .bss                usart.o
    0x20000414   0x00000048   Zero   RW          705    .bss                tim.o
    0x2000045c   0x0000005e   Zero   RW         4007    .bss                lcd.o
    0x200004ba   0x00000002   PAD
    0x200004bc   0x0000005c   Zero   RW         4261    .bss                can.o
    0x20000518   0x00000270   Zero   RW         4359    .bss                motor_ctrl.o
    0x20000788   0x000000f0   Zero   RW         4585    .bss                adc.o
    0x20000878   0x00000078   Zero   RW         4706    .bss                mapping.o
    0x200008f0   0x00000048   Zero   RW         4905    .bss                usmart_port.o
    0x20000938   0x00000060   Zero   RW         5423    .bss                c_w.l(libspace.o)
    0x20000998   0x00000000   Zero   RW            2    HEAP                startup_stm32f407xx.o
    0x20000998   0x00000400   Zero   RW            1    STACK               startup_stm32f407xx.o


==============================================================================

Image component sizes


      Code (inc. data)   RO Data    RW Data    ZI Data      Debug   Object Name

       558         62          0          1        240       4782   adc.o
       828        288          0          0         92       6750   can.o
       184         44          0          0        120       1886   datatransmission.o
       138         14          0          4          0       2627   delay.o
       140         58          0          4          0       1991   exti.o
        44          6          0          0          0        959   gpio.o
       236         24          0          2          0       2359   key.o
      2180         68      12160          4         94      17921   lcd.o
       108          8          0          0          0       1011   led.o
       320         60          0          2          0     730150   main.o
      5450        200         84          0        120      11517   mapping.o
       260         24          0          8        624       2843   motor_ctrl.o
        76         28        392          0       1024       1020   startup_stm32f407xx.o
       150         28          0         12          0      10158   stm32f4xx_hal.o
      1200         64          0          0          0       7481   stm32f4xx_hal_adc.o
      1148          6          0          0          0       6357   stm32f4xx_hal_can.o
       222         14          0          0          0      34497   stm32f4xx_hal_cortex.o
       734         12          8          0          0       6681   stm32f4xx_hal_dma.o
       504         50          0          0          0       3438   stm32f4xx_hal_gpio.o
      1324         72          0          0          0       5276   stm32f4xx_hal_rcc.o
       756         72          0          0          0       6697   stm32f4xx_hal_tim.o
       144         28          0          0          0       1376   stm32f4xx_hal_tim_ex.o
      1244         16          0          0          0       9312   stm32f4xx_hal_uart.o
        20          0          0          0          0       4486   stm32f4xx_it.o
       176         14          0          0          0       1251   sys.o
        16          4         24          4          0       1467   system_stm32f4xx.o
       208         22          0          0         72       2025   tim.o
       378         56          0          8        468       5920   usart.o
      2612       1308         40         28          0       6130   usmart.o
         0          0       1056        372          0       1664   usmart_config.o
       252         46          0          0         72       3682   usmart_port.o
      1120         20          0          0          0       8911   usmart_str.o

    ----------------------------------------------------------------------
     22756       2716      13796        456       2928     912625   Object Totals
         0          0         32          0          0          0   (incl. Generated)
        26          0          0          7          2          0   (incl. Padding)

    ----------------------------------------------------------------------

      Code (inc. data)   RO Data    RW Data    ZI Data      Debug   Library Member Name

        90          0          0          0          0          0   __dczerorl2.o
         8          0          0          0          0         68   __main.o
       392          4         17          0          0         92   __printf_flags_ss_wp.o
        14          0          0          0          0         68   __printf_wp.o
         0          0          0          0          0          0   __rtentry.o
        12          0          0          0          0          0   __rtentry2.o
         6          0          0          0          0          0   __rtentry4.o
        52          8          0          0          0          0   __scatter.o
        28          0          0          0          0          0   __scatter_zi.o
         6          0          0          0          0          0   _printf_c.o
        44          0          0          0          0        108   _printf_char.o
        48          6          0          0          0         96   _printf_char_common.o
        36          4          0          0          0         80   _printf_char_file.o
         6          0          0          0          0          0   _printf_d.o
       120         16          0          0          0         92   _printf_dec.o
        88          4         40          0          0         88   _printf_hex_int.o
       178          0          0          0          0         88   _printf_intcommon.o
        78          0          0          0          0        108   _printf_pad.o
         0          0          0          0          0          0   _printf_percent.o
         4          0          0          0          0          0   _printf_percent_end.o
         6          0          0          0          0          0   _printf_s.o
        82          0          0          0          0         80   _printf_str.o
         6          0          0          0          0          0   _printf_u.o
         6          0          0          0          0          0   _printf_x.o
        22          0          0          0          0        100   _rserrno.o
        12          0          0          0          0         72   exit.o
         8          0          0          0          0         68   ferror.o
         6          0          0          0          0        152   heapauxi.o
         2          0          0          0          0          0   libinit.o
         6          0          0          0          0          0   libinit2.o
         2          0          0          0          0          0   libshutdown.o
         2          0          0          0          0          0   libshutdown2.o
         8          4          0          0         96         68   libspace.o
        38          0          0          0          0         68   llshl.o
       238          0          0          0          0        100   lludivv7m.o
        24          4          0          0          0         84   noretval__2printf.o
         8          4          0          0          0         68   rt_errno_addr_intlibspace.o
        78          0          0          0          0         80   rt_memclr_w.o
       100          0          0          0          0         80   rt_memcpy_w.o
         2          0          0          0          0          0   rtexit.o
        10          0          0          0          0          0   rtexit2.o
        74          0          0          0          0         80   sys_stackheap_outer.o
         2          0          0          0          0         68   use_no_semi.o
         2          0          0          0          0         68   use_no_semi_2.o
        24          0          0          0          0        164   basic.o
        98          4          0          0          0        140   d2f.o
       826         16          0          0          0        492   daddsub_clz.o
        16          4          0          0          0        116   dcheck1.o
        24          0          0          0          0        116   dcmpi.o
       688        140          0          0          0        256   ddiv.o
        94          4          0          0          0        140   dfix.o
        90          4          0          0          0        140   dfixu.o
        84          0          0          0          0        232   dflt_clz.o
       162          0          0          0          0        132   dfltll_clz.o
       120          4          0          0          0        140   dleqf.o
       340         12          0          0          0        152   dmul.o
       156          4          0          0          0        140   dnaninf.o
        12          0          0          0          0        116   dretinf.o
       108          0          0          0          0        128   drleqf.o
       408         56          0          0          0        168   dsqrt_umaal.o
        86          4          0          0          0        132   f2d.o
       140          4          0          0          0        132   fnaninf.o
        10          0          0          0          0        116   fpinit.o
        10          0          0          0          0        116   fretinf.o
       100          0          0          0          0        116   retnan.o
        92          0          0          0          0        116   scalbn.o
        48          0          0          0          0        116   trapv.o
         0          0          0          0          0          0   usenofp.o
       856        118         80          0          0        288   acos.o
       864         94         80          0          0        280   asin.o
       744        106        152          0          0        352   atan.o
       496         64          0          0          0        192   atan2.o
       200         20          0          0          0        164   cos.o
       368         46         48          0          0        200   cos_i.o
       184         44          0          0          0        744   dunder.o
        24          0          0          0          0        124   fabs.o
        48          0          0          0          0        124   fpclassify.o
       248          0          0          0          0        152   poly.o
      3128        302        136          0          0        356   pow.o
         0          0          8          0          0          0   qnan.o
      1080        142        200          0          0        188   rred.o
       200         20          0          0          0        164   sin.o
       304         24         40          0          0        208   sin_i.o
       232          0          0          0          0        296   sqrt.o
       128         20          0          0          0        144   tan.o
       848         84         96          0          0        196   tan_i.o

    ----------------------------------------------------------------------
     15662       1394        902          0         96       9912   Library Totals
        20          0          5          0          0          0   (incl. Padding)

    ----------------------------------------------------------------------

      Code (inc. data)   RO Data    RW Data    ZI Data      Debug   Library Name

      1954         54         57          0         96       2124   c_w.l
      3736        256          0          0          0       3616   fz_wm.l
      9952       1084        840          0          0       4172   m_wm.l

    ----------------------------------------------------------------------
     15662       1394        902          0         96       9912   Library Totals

    ----------------------------------------------------------------------

==============================================================================


      Code (inc. data)   RO Data    RW Data    ZI Data      Debug   

     38418       4110      14698        456       3024     900345   Grand Totals
     38418       4110      14698        180       3024     900345   ELF Image Totals (compressed)
     38418       4110      14698        180          0          0   ROM Totals

==============================================================================

    Total RO  Size (Code + RO Data)                53116 (  51.87kB)
    Total RW  Size (RW Data + ZI Data)              3480 (   3.40kB)
    Total ROM Size (Code + RO Data + RW Data)      53296 (  52.05kB)

==============================================================================

